Archive member included to satisfy reference by file (symbol)

c:/gnu/gnu_arm_embedded_toolchain/10-2020-q4-major/bin/../lib/gcc/arm-none-eabi/10.2.1/../../../../arm-none-eabi/lib/thumb/v7e-m+fp/hard\libc_nano.a(lib_a-exit.o)
                              c:/gnu/gnu_arm_embedded_toolchain/10-2020-q4-major/bin/../lib/gcc/arm-none-eabi/10.2.1/../../../../arm-none-eabi/lib/thumb/v7e-m+fp/hard/crt0.o (exit)
c:/gnu/gnu_arm_embedded_toolchain/10-2020-q4-major/bin/../lib/gcc/arm-none-eabi/10.2.1/../../../../arm-none-eabi/lib/thumb/v7e-m+fp/hard\libc_nano.a(lib_a-impure.o)
                              c:/gnu/gnu_arm_embedded_toolchain/10-2020-q4-major/bin/../lib/gcc/arm-none-eabi/10.2.1/../../../../arm-none-eabi/lib/thumb/v7e-m+fp/hard\libc_nano.a(lib_a-exit.o) (_global_impure_ptr)
c:/gnu/gnu_arm_embedded_toolchain/10-2020-q4-major/bin/../lib/gcc/arm-none-eabi/10.2.1/../../../../arm-none-eabi/lib/thumb/v7e-m+fp/hard\libc_nano.a(lib_a-init.o)
                              c:/gnu/gnu_arm_embedded_toolchain/10-2020-q4-major/bin/../lib/gcc/arm-none-eabi/10.2.1/../../../../arm-none-eabi/lib/thumb/v7e-m+fp/hard/crt0.o (__libc_init_array)
c:/gnu/gnu_arm_embedded_toolchain/10-2020-q4-major/bin/../lib/gcc/arm-none-eabi/10.2.1/../../../../arm-none-eabi/lib/thumb/v7e-m+fp/hard\libc_nano.a(lib_a-memset.o)
                              c:/gnu/gnu_arm_embedded_toolchain/10-2020-q4-major/bin/../lib/gcc/arm-none-eabi/10.2.1/../../../../arm-none-eabi/lib/thumb/v7e-m+fp/hard/crt0.o (memset)
c:/gnu/gnu_arm_embedded_toolchain/10-2020-q4-major/bin/../lib/gcc/arm-none-eabi/10.2.1/../../../../arm-none-eabi/lib/thumb/v7e-m+fp/hard\libc_nano.a(lib_a-nano-vfprintf_float.o)
                              (_printf_float)
c:/gnu/gnu_arm_embedded_toolchain/10-2020-q4-major/bin/../lib/gcc/arm-none-eabi/10.2.1/../../../../arm-none-eabi/lib/thumb/v7e-m+fp/hard\libc_nano.a(lib_a-nano-vfprintf_i.o)
                              c:/gnu/gnu_arm_embedded_toolchain/10-2020-q4-major/bin/../lib/gcc/arm-none-eabi/10.2.1/../../../../arm-none-eabi/lib/thumb/v7e-m+fp/hard\libc_nano.a(lib_a-nano-vfprintf_float.o) (_printf_common)
c:/gnu/gnu_arm_embedded_toolchain/10-2020-q4-major/bin/../lib/gcc/arm-none-eabi/10.2.1/../../../../arm-none-eabi/lib/thumb/v7e-m+fp/hard\libc_nano.a(lib_a-sprintf.o)
                              build/main.o (sprintf)
c:/gnu/gnu_arm_embedded_toolchain/10-2020-q4-major/bin/../lib/gcc/arm-none-eabi/10.2.1/../../../../arm-none-eabi/lib/thumb/v7e-m+fp/hard\libc_nano.a(lib_a-strlen.o)
                              c:/gnu/gnu_arm_embedded_toolchain/10-2020-q4-major/bin/../lib/gcc/arm-none-eabi/10.2.1/../../../../arm-none-eabi/lib/thumb/v7e-m+fp/hard\libc_nano.a(lib_a-nano-vfprintf_float.o) (strlen)
c:/gnu/gnu_arm_embedded_toolchain/10-2020-q4-major/bin/../lib/gcc/arm-none-eabi/10.2.1/../../../../arm-none-eabi/lib/thumb/v7e-m+fp/hard\libc_nano.a(lib_a-dtoa.o)
                              c:/gnu/gnu_arm_embedded_toolchain/10-2020-q4-major/bin/../lib/gcc/arm-none-eabi/10.2.1/../../../../arm-none-eabi/lib/thumb/v7e-m+fp/hard\libc_nano.a(lib_a-nano-vfprintf_float.o) (_dtoa_r)
c:/gnu/gnu_arm_embedded_toolchain/10-2020-q4-major/bin/../lib/gcc/arm-none-eabi/10.2.1/../../../../arm-none-eabi/lib/thumb/v7e-m+fp/hard\libc_nano.a(lib_a-localeconv.o)
                              c:/gnu/gnu_arm_embedded_toolchain/10-2020-q4-major/bin/../lib/gcc/arm-none-eabi/10.2.1/../../../../arm-none-eabi/lib/thumb/v7e-m+fp/hard\libc_nano.a(lib_a-nano-vfprintf_float.o) (_localeconv_r)
c:/gnu/gnu_arm_embedded_toolchain/10-2020-q4-major/bin/../lib/gcc/arm-none-eabi/10.2.1/../../../../arm-none-eabi/lib/thumb/v7e-m+fp/hard\libc_nano.a(lib_a-malloc.o)
                              c:/gnu/gnu_arm_embedded_toolchain/10-2020-q4-major/bin/../lib/gcc/arm-none-eabi/10.2.1/../../../../arm-none-eabi/lib/thumb/v7e-m+fp/hard\libc_nano.a(lib_a-dtoa.o) (malloc)
c:/gnu/gnu_arm_embedded_toolchain/10-2020-q4-major/bin/../lib/gcc/arm-none-eabi/10.2.1/../../../../arm-none-eabi/lib/thumb/v7e-m+fp/hard\libc_nano.a(lib_a-memchr.o)
                              c:/gnu/gnu_arm_embedded_toolchain/10-2020-q4-major/bin/../lib/gcc/arm-none-eabi/10.2.1/../../../../arm-none-eabi/lib/thumb/v7e-m+fp/hard\libc_nano.a(lib_a-nano-vfprintf_i.o) (memchr)
c:/gnu/gnu_arm_embedded_toolchain/10-2020-q4-major/bin/../lib/gcc/arm-none-eabi/10.2.1/../../../../arm-none-eabi/lib/thumb/v7e-m+fp/hard\libc_nano.a(lib_a-memcpy-stub.o)
                              c:/gnu/gnu_arm_embedded_toolchain/10-2020-q4-major/bin/../lib/gcc/arm-none-eabi/10.2.1/../../../../arm-none-eabi/lib/thumb/v7e-m+fp/hard\libc_nano.a(lib_a-dtoa.o) (memcpy)
c:/gnu/gnu_arm_embedded_toolchain/10-2020-q4-major/bin/../lib/gcc/arm-none-eabi/10.2.1/../../../../arm-none-eabi/lib/thumb/v7e-m+fp/hard\libc_nano.a(lib_a-mprec.o)
                              c:/gnu/gnu_arm_embedded_toolchain/10-2020-q4-major/bin/../lib/gcc/arm-none-eabi/10.2.1/../../../../arm-none-eabi/lib/thumb/v7e-m+fp/hard\libc_nano.a(lib_a-dtoa.o) (_Balloc)
[...]
Memory Configuration

Name             Origin             Length             Attributes
RAM              0x20000000         0x00020000         xrw
FLASH            0x08000000         0x00080000         xr
*default*        0x00000000         0xffffffff

Linker script and memory map

LOAD c:/gnu/gnu_arm_embedded_toolchain/10-2020-q4-major/bin/../lib/gcc/arm-none-eabi/10.2.1/thumb/v7e-m+fp/hard/crti.o
LOAD c:/gnu/gnu_arm_embedded_toolchain/10-2020-q4-major/bin/../lib/gcc/arm-none-eabi/10.2.1/thumb/v7e-m+fp/hard/crtbegin.o
LOAD c:/gnu/gnu_arm_embedded_toolchain/10-2020-q4-major/bin/../lib/gcc/arm-none-eabi/10.2.1/../../../../arm-none-eabi/lib/thumb/v7e-m+fp/hard/crt0.o
LOAD build/main.o
LOAD build/gpio.o
LOAD build/i2c.o
LOAD build/usart.o
LOAD build/stm32f4xx_it.o
LOAD build/stm32f4xx_hal_msp.o
LOAD build/stm32f4xx_hal_i2c.o
LOAD build/stm32f4xx_hal_i2c_ex.o
LOAD build/stm32f4xx_hal_rcc.o
LOAD build/stm32f4xx_hal_rcc_ex.o
LOAD build/stm32f4xx_hal_flash.o
LOAD build/stm32f4xx_hal_flash_ex.o
LOAD build/stm32f4xx_hal_flash_ramfunc.o
LOAD build/stm32f4xx_hal_gpio.o
LOAD build/stm32f4xx_hal_dma_ex.o
LOAD build/stm32f4xx_hal_dma.o
LOAD build/stm32f4xx_hal_pwr.o
LOAD build/stm32f4xx_hal_pwr_ex.o
LOAD build/stm32f4xx_hal_cortex.o
LOAD build/stm32f4xx_hal.o
LOAD build/stm32f4xx_hal_exti.o
LOAD build/stm32f4xx_hal_tim.o
LOAD build/stm32f4xx_hal_tim_ex.o
LOAD build/stm32f4xx_hal_uart.o
LOAD build/system_stm32f4xx.o
LOAD build/adxl345.o
LOAD build/dma.o
LOAD build/tim.o
LOAD build/startup_stm32f446xx.o
LOAD c:/gnu/gnu_arm_embedded_toolchain/10-2020-q4-major/bin/../lib/gcc/arm-none-eabi/10.2.1/../../../../arm-none-eabi/lib/thumb/v7e-m+fp/hard\libc_nano.a
LOAD c:/gnu/gnu_arm_embedded_toolchain/10-2020-q4-major/bin/../lib/gcc/arm-none-eabi/10.2.1/../../../../arm-none-eabi/lib/thumb/v7e-m+fp/hard\libm.a
LOAD c:/gnu/gnu_arm_embedded_toolchain/10-2020-q4-major/bin/../lib/gcc/arm-none-eabi/10.2.1/../../../../arm-none-eabi/lib/thumb/v7e-m+fp/hard\libnosys.a
START GROUP
LOAD c:/gnu/gnu_arm_embedded_toolchain/10-2020-q4-major/bin/../lib/gcc/arm-none-eabi/10.2.1/thumb/v7e-m+fp/hard\libgcc.a
LOAD c:/gnu/gnu_arm_embedded_toolchain/10-2020-q4-major/bin/../lib/gcc/arm-none-eabi/10.2.1/../../../../arm-none-eabi/lib/thumb/v7e-m+fp/hard\libc_nano.a
END GROUP
START GROUP
LOAD c:/gnu/gnu_arm_embedded_toolchain/10-2020-q4-major/bin/../lib/gcc/arm-none-eabi/10.2.1/thumb/v7e-m+fp/hard\libgcc.a
LOAD c:/gnu/gnu_arm_embedded_toolchain/10-2020-q4-major/bin/../lib/gcc/arm-none-eabi/10.2.1/../../../../arm-none-eabi/lib/thumb/v7e-m+fp/hard\libc_nano.a
END GROUP
LOAD c:/gnu/gnu_arm_embedded_toolchain/10-2020-q4-major/bin/../lib/gcc/arm-none-eabi/10.2.1/thumb/v7e-m+fp/hard/crtend.o
LOAD c:/gnu/gnu_arm_embedded_toolchain/10-2020-q4-major/bin/../lib/gcc/arm-none-eabi/10.2.1/thumb/v7e-m+fp/hard/crtn.o
                0x20020000                _estack = 0x20020000
                0x00000200                _Min_Heap_Size = 0x200
                0x00000400                _Min_Stack_Size = 0x400

.isr_vector     0x08000000      0x1c4
                0x08000000                . = ALIGN (0x4)
 *(.isr_vector)
 .isr_vector    0x08000000      0x1c4 build/startup_stm32f446xx.o
                0x08000000                g_pfnVectors
                0x080001c4                . = ALIGN (0x4)

.text           0x080001d0     0x65c0
                0x080001d0                . = ALIGN (0x4)
 *(.text)
 .text          0x080001d0       0x40 c:/gnu/gnu_arm_embedded_toolchain/10-2020-q4-major/bin/../lib/gcc/arm-none-eabi/10.2.1/thumb/v7e-m+fp/hard/crtbegin.o
 .text          0x08000210       0x10 c:/gnu/gnu_arm_embedded_toolchain/10-2020-q4-major/bin/../lib/gcc/arm-none-eabi/10.2.1/../../../../arm-none-eabi/lib/thumb/v7e-m+fp/hard\libc_nano.a(lib_a-strlen.o)
                0x08000210                strlen
 .text          0x08000220       0xa0 c:/gnu/gnu_arm_embedded_toolchain/10-2020-q4-major/bin/../lib/gcc/arm-none-eabi/10.2.1/../../../../arm-none-eabi/lib/thumb/v7e-m+fp/hard\libc_nano.a(lib_a-memchr.o)
                0x08000220                memchr
 .text          0x080002c0      0x378 c:/gnu/gnu_arm_embedded_toolchain/10-2020-q4-major/bin/../lib/gcc/arm-none-eabi/10.2.1/thumb/v7e-m+fp/hard\libgcc.a(_arm_addsubdf3.o)
                0x080002c0                __aeabi_drsub
                0x080002c8                __aeabi_dsub
                0x080002c8                __subdf3
                0x080002cc                __aeabi_dadd
                0x080002cc                __adddf3
                0x08000544                __floatunsidf
                0x08000544                __aeabi_ui2d
                0x08000564                __floatsidf
                0x08000564                __aeabi_i2d
                0x08000588                __aeabi_f2d
                0x08000588                __extendsfdf2
                0x080005cc                __floatundidf
                0x080005cc                __aeabi_ul2d
                0x080005dc                __floatdidf
                0x080005dc                __aeabi_l2d
 .text          0x08000638      0x424 c:/gnu/gnu_arm_embedded_toolchain/10-2020-q4-major/bin/../lib/gcc/arm-none-eabi/10.2.1/thumb/v7e-m+fp/hard\libgcc.a(_arm_muldivdf3.o)
                0x08000638                __aeabi_dmul
                0x08000638                __muldf3
                0x0800088c                __divdf3
                0x0800088c                __aeabi_ddiv
 .text          0x08000a5c      0x110 c:/gnu/gnu_arm_embedded_toolchain/10-2020-q4-major/bin/../lib/gcc/arm-none-eabi/10.2.1/thumb/v7e-m+fp/hard\libgcc.a(_arm_cmpdf2.o)
                0x08000a5c                __gtdf2
                0x08000a5c                __gedf2
                0x08000a64                __ltdf2
                0x08000a64                __ledf2
                0x08000a6c                __nedf2
                0x08000a6c                __eqdf2
                0x08000a6c                __cmpdf2
                0x08000ae8                __aeabi_cdrcmple
                0x08000af8                __aeabi_cdcmpeq
                0x08000af8                __aeabi_cdcmple
                0x08000b08                __aeabi_dcmpeq
                0x08000b1c                __aeabi_dcmplt
                0x08000b30                __aeabi_dcmple
                0x08000b44                __aeabi_dcmpge
                0x08000b58                __aeabi_dcmpgt
 .text          0x08000b6c       0x2c c:/gnu/gnu_arm_embedded_toolchain/10-2020-q4-major/bin/../lib/gcc/arm-none-eabi/10.2.1/thumb/v7e-m+fp/hard\libgcc.a(_arm_unorddf2.o)
                0x08000b6c                __unorddf2
                0x08000b6c                __aeabi_dcmpun
 .text          0x08000b98       0x50 c:/gnu/gnu_arm_embedded_toolchain/10-2020-q4-major/bin/../lib/gcc/arm-none-eabi/10.2.1/thumb/v7e-m+fp/hard\libgcc.a(_arm_fixdfsi.o)
                0x08000b98                __aeabi_d2iz
                0x08000b98                __fixdfsi
 .text          0x08000be8       0x30 c:/gnu/gnu_arm_embedded_toolchain/10-2020-q4-major/bin/../lib/gcc/arm-none-eabi/10.2.1/thumb/v7e-m+fp/hard\libgcc.a(_aeabi_uldivmod.o)
                0x08000be8                __aeabi_uldivmod
 .text          0x08000c18      0x2d0 c:/gnu/gnu_arm_embedded_toolchain/10-2020-q4-major/bin/../lib/gcc/arm-none-eabi/10.2.1/thumb/v7e-m+fp/hard\libgcc.a(_udivmoddi4.o)
                0x08000c18                __udivmoddi4
 .text          0x08000ee8        0x4 c:/gnu/gnu_arm_embedded_toolchain/10-2020-q4-major/bin/../lib/gcc/arm-none-eabi/10.2.1/thumb/v7e-m+fp/hard\libgcc.a(_dvmd_tls.o)
                0x08000ee8                __aeabi_idiv0
                0x08000ee8                __aeabi_ldiv0
 *(.text*)
 .text.HAL_UART_RxCpltCallback
                0x08000eec      0x18c build/main.o
                0x08000eec                HAL_UART_RxCpltCallback
 .text.HAL_TIM_PeriodElapsedCallback
                0x08001078       0x24 build/main.o
                0x08001078                HAL_TIM_PeriodElapsedCallback
 .text.Error_Handler
                0x0800109c        0x4 build/main.o
                0x0800109c                Error_Handler
 .text.SystemClock_Config
                0x080010a0       0xa4 build/main.o
                0x080010a0                SystemClock_Config
 .text.main     0x08001144      0x1c4 build/main.o
                0x08001144                main
 .text.MX_GPIO_Init
                0x08001308      0x110 build/gpio.o
                0x08001308                MX_GPIO_Init
 .text.MX_I2C1_Init
                0x08001418       0x3c build/i2c.o
                0x08001418                MX_I2C1_Init
 .text.HAL_I2C_MspInit
                0x08001454       0x74 build/i2c.o
                0x08001454                HAL_I2C_MspInit
 .text.MX_USART2_UART_Init
                0x080014c8       0x34 build/usart.o
                0x080014c8                MX_USART2_UART_Init
 .text.HAL_UART_MspInit
                0x080014fc       0xac build/usart.o
                0x080014fc                HAL_UART_MspInit
 .text.NMI_Handler
                0x080015a8        0x2 build/stm32f4xx_it.o
                0x080015a8                NMI_Handler
 .text.HardFault_Handler
                0x080015aa        0x2 build/stm32f4xx_it.o
                0x080015aa                HardFault_Handler
 .text.MemManage_Handler
                0x080015ac        0x2 build/stm32f4xx_it.o
                0x080015ac                MemManage_Handler
 .text.BusFault_Handler
                0x080015ae        0x2 build/stm32f4xx_it.o
                0x080015ae                BusFault_Handler
 .text.UsageFault_Handler
                0x080015b0        0x2 build/stm32f4xx_it.o
                0x080015b0                UsageFault_Handler
 .text.SVC_Handler
                0x080015b2        0x2 build/stm32f4xx_it.o
                0x080015b2                SVC_Handler
 .text.DebugMon_Handler
                0x080015b4        0x2 build/stm32f4xx_it.o
                0x080015b4                DebugMon_Handler
 .text.PendSV_Handler
                0x080015b6        0x2 build/stm32f4xx_it.o
                0x080015b6                PendSV_Handler
 .text.SysTick_Handler
                0x080015b8        0x8 build/stm32f4xx_it.o
                0x080015b8                SysTick_Handler
 .text.DMA1_Stream5_IRQHandler
                0x080015c0       0x10 build/stm32f4xx_it.o
                0x080015c0                DMA1_Stream5_IRQHandler
 .text.TIM1_UP_TIM10_IRQHandler
                0x080015d0       0x10 build/stm32f4xx_it.o
                0x080015d0                TIM1_UP_TIM10_IRQHandler
 .text.HAL_MspInit
                0x080015e0       0x40 build/stm32f4xx_hal_msp.o
                0x080015e0                HAL_MspInit
 .text.I2C_IsAcknowledgeFailed
                0x08001620       0x32 build/stm32f4xx_hal_i2c.o
 .text.I2C_WaitOnFlagUntilTimeout
                0x08001652       0x7c build/stm32f4xx_hal_i2c.o
 .text.I2C_WaitOnMasterAddressFlagUntilTimeout
                0x080016ce       0xaa build/stm32f4xx_hal_i2c.o
 .text.I2C_MasterRequestWrite
                0x08001778       0xb4 build/stm32f4xx_hal_i2c.o
 .text.I2C_WaitOnTXEFlagUntilTimeout
                0x0800182c       0x54 build/stm32f4xx_hal_i2c.o
 .text.I2C_RequestMemoryRead
                0x08001880      0x154 build/stm32f4xx_hal_i2c.o
 .text.I2C_WaitOnBTFFlagUntilTimeout
                0x080019d4       0x54 build/stm32f4xx_hal_i2c.o
 .text.I2C_WaitOnRXNEFlagUntilTimeout
                0x08001a28       0x6a build/stm32f4xx_hal_i2c.o
 *fill*         0x08001a92        0x2 
 .text.HAL_I2C_Init
                0x08001a94      0x1bc build/stm32f4xx_hal_i2c.o
                0x08001a94                HAL_I2C_Init
 .text.HAL_I2C_Master_Transmit
                0x08001c50      0x178 build/stm32f4xx_hal_i2c.o
                0x08001c50                HAL_I2C_Master_Transmit
 .text.HAL_I2C_Mem_Read
                0x08001dc8      0x2e4 build/stm32f4xx_hal_i2c.o
                0x08001dc8                HAL_I2C_Mem_Read
 .text.HAL_RCC_ClockConfig
                0x080020ac      0x160 build/stm32f4xx_hal_rcc.o
                0x080020ac                HAL_RCC_ClockConfig
 .text.HAL_RCC_GetHCLKFreq
                0x0800220c        0xc build/stm32f4xx_hal_rcc.o
                0x0800220c                HAL_RCC_GetHCLKFreq
 .text.HAL_RCC_GetPCLK1Freq
                0x08002218       0x20 build/stm32f4xx_hal_rcc.o
                0x08002218                HAL_RCC_GetPCLK1Freq
 .text.HAL_RCC_GetPCLK2Freq
                0x08002238       0x20 build/stm32f4xx_hal_rcc.o
                0x08002238                HAL_RCC_GetPCLK2Freq
 .text.HAL_RCC_GetSysClockFreq
                0x08002258      0x180 build/stm32f4xx_hal_rcc_ex.o
                0x08002258                HAL_RCC_GetSysClockFreq
 .text.HAL_RCC_OscConfig
                0x080023d8      0x444 build/stm32f4xx_hal_rcc_ex.o
                0x080023d8                HAL_RCC_OscConfig
 .text.HAL_GPIO_Init
                0x0800281c      0x1d8 build/stm32f4xx_hal_gpio.o
                0x0800281c                HAL_GPIO_Init
 .text.HAL_GPIO_WritePin
                0x080029f4        0xc build/stm32f4xx_hal_gpio.o
                0x080029f4                HAL_GPIO_WritePin
 .text.HAL_GPIO_TogglePin
                0x08002a00       0x12 build/stm32f4xx_hal_gpio.o
                0x08002a00                HAL_GPIO_TogglePin
 .text.DMA_SetConfig
                0x08002a12       0x2c build/stm32f4xx_hal_dma.o
 *fill*         0x08002a3e        0x2 
 .text.DMA_CalcBaseAndBitshift
                0x08002a40       0x44 build/stm32f4xx_hal_dma.o
 .text.DMA_CheckFifoParam
                0x08002a84       0x8e build/stm32f4xx_hal_dma.o
 *fill*         0x08002b12        0x2 
 .text.HAL_DMA_Init
                0x08002b14       0xcc build/stm32f4xx_hal_dma.o
                0x08002b14                HAL_DMA_Init
 .text.HAL_DMA_Start_IT
                0x08002be0       0x6a build/stm32f4xx_hal_dma.o
                0x08002be0                HAL_DMA_Start_IT
 *fill*         0x08002c4a        0x2 
 .text.HAL_DMA_IRQHandler
                0x08002c4c      0x1dc build/stm32f4xx_hal_dma.o
                0x08002c4c                HAL_DMA_IRQHandler
 .text.HAL_NVIC_SetPriorityGrouping
                0x08002e28       0x24 build/stm32f4xx_hal_cortex.o
                0x08002e28                HAL_NVIC_SetPriorityGrouping
 .text.HAL_NVIC_SetPriority
                0x08002e4c       0x70 build/stm32f4xx_hal_cortex.o
                0x08002e4c                HAL_NVIC_SetPriority
 .text.HAL_NVIC_EnableIRQ
                0x08002ebc       0x1c build/stm32f4xx_hal_cortex.o
                0x08002ebc                HAL_NVIC_EnableIRQ
 .text.HAL_SYSTICK_Config
                0x08002ed8       0x28 build/stm32f4xx_hal_cortex.o
                0x08002ed8                HAL_SYSTICK_Config
 .text.HAL_InitTick
                0x08002f00       0x4c build/stm32f4xx_hal.o
                0x08002f00                HAL_InitTick
 .text.HAL_Init
                0x08002f4c       0x34 build/stm32f4xx_hal.o
                0x08002f4c                HAL_Init
 .text.HAL_IncTick
                0x08002f80       0x18 build/stm32f4xx_hal.o
                0x08002f80                HAL_IncTick
 .text.HAL_GetTick
                0x08002f98        0xc build/stm32f4xx_hal.o
                0x08002f98                HAL_GetTick
 .text.HAL_Delay
                0x08002fa4       0x28 build/stm32f4xx_hal.o
                0x08002fa4                HAL_Delay
 .text.HAL_TIM_Base_Start_IT
                0x08002fcc       0x88 build/stm32f4xx_hal_tim.o
                0x08002fcc                HAL_TIM_Base_Start_IT
 .text.HAL_TIM_OC_DelayElapsedCallback
                0x08003054        0x2 build/stm32f4xx_hal_tim.o
                0x08003054                HAL_TIM_OC_DelayElapsedCallback
 .text.HAL_TIM_IC_CaptureCallback
                0x08003056        0x2 build/stm32f4xx_hal_tim.o
                0x08003056                HAL_TIM_IC_CaptureCallback
 .text.HAL_TIM_PWM_PulseFinishedCallback
                0x08003058        0x2 build/stm32f4xx_hal_tim.o
                0x08003058                HAL_TIM_PWM_PulseFinishedCallback
 .text.HAL_TIM_TriggerCallback
                0x0800305a        0x2 build/stm32f4xx_hal_tim.o
                0x0800305a                HAL_TIM_TriggerCallback
 .text.HAL_TIM_IRQHandler
                0x0800305c      0x17a build/stm32f4xx_hal_tim.o
                0x0800305c                HAL_TIM_IRQHandler
 *fill*         0x080031d6        0x2 
 .text.TIM_Base_SetConfig
                0x080031d8       0xc8 build/stm32f4xx_hal_tim.o
                0x080031d8                TIM_Base_SetConfig
 .text.HAL_TIM_Base_Init
                0x080032a0       0x58 build/stm32f4xx_hal_tim.o
                0x080032a0                HAL_TIM_Base_Init
 .text.HAL_TIMEx_CommutCallback
                0x080032f8        0x2 build/stm32f4xx_hal_tim_ex.o
                0x080032f8                HAL_TIMEx_CommutCallback
 .text.HAL_TIMEx_BreakCallback
                0x080032fa        0x2 build/stm32f4xx_hal_tim_ex.o
                0x080032fa                HAL_TIMEx_BreakCallback
 .text.UART_EndTxTransfer
                0x080032fc       0x12 build/stm32f4xx_hal_uart.o
 .text.UART_EndRxTransfer
                0x0800330e       0x32 build/stm32f4xx_hal_uart.o
 .text.UART_SetConfig
                0x08003340      0x110 build/stm32f4xx_hal_uart.o
 .text.UART_WaitOnFlagUntilTimeout
                0x08003450       0x6c build/stm32f4xx_hal_uart.o
 .text.HAL_UART_Init
                0x080034bc       0x5e build/stm32f4xx_hal_uart.o
                0x080034bc                HAL_UART_Init
 .text.HAL_UART_Transmit
                0x0800351a       0xd8 build/stm32f4xx_hal_uart.o
                0x0800351a                HAL_UART_Transmit
 .text.HAL_UART_RxHalfCpltCallback
                0x080035f2        0x2 build/stm32f4xx_hal_uart.o
                0x080035f2                HAL_UART_RxHalfCpltCallback
 .text.HAL_UART_ErrorCallback
                0x080035f4        0x2 build/stm32f4xx_hal_uart.o
                0x080035f4                HAL_UART_ErrorCallback
 .text.UART_DMAError
                0x080035f6       0x58 build/stm32f4xx_hal_uart.o
 .text.HAL_UARTEx_RxEventCallback
                0x0800364e        0x2 build/stm32f4xx_hal_uart.o
                0x0800364e                HAL_UARTEx_RxEventCallback
 .text.UART_DMARxHalfCplt
                0x08003650       0x1a build/stm32f4xx_hal_uart.o
 .text.UART_DMAReceiveCplt
                0x0800366a       0x5e build/stm32f4xx_hal_uart.o
 .text.UART_Start_Receive_DMA
                0x080036c8       0x78 build/stm32f4xx_hal_uart.o
                0x080036c8                UART_Start_Receive_DMA
 .text.HAL_UART_Receive_DMA
                0x08003740       0x38 build/stm32f4xx_hal_uart.o
                0x08003740                HAL_UART_Receive_DMA
 .text.SystemInit
                0x08003778       0x14 build/system_stm32f4xx.o
                0x08003778                SystemInit
 .text.setTargetDeviceAddress
                0x0800378c        0x4 build/adxl345.o
                0x0800378c                setTargetDeviceAddress
 .text.AccelWrite
                0x08003790       0x22 build/adxl345.o
                0x08003790                AccelWrite
 .text.AccelInit
                0x080037b2       0x30 build/adxl345.o
                0x080037b2                AccelInit
 .text.AccelReadData
                0x080037e2       0x1c build/adxl345.o
                0x080037e2                AccelReadData
 *fill*         0x080037fe        0x2 
 .text.getAccelerations
                0x08003800       0x44 build/adxl345.o
                0x08003800                getAccelerations
 .text.AccelGetId
                0x08003844        0xc build/adxl345.o
                0x08003844                AccelGetId
 .text.MX_DMA_Init
                0x08003850       0x34 build/dma.o
                0x08003850                MX_DMA_Init
 .text.MX_TIM10_Init
                0x08003884       0x30 build/tim.o
                0x08003884                MX_TIM10_Init
 .text.HAL_TIM_Base_MspInit
                0x080038b4       0x40 build/tim.o
                0x080038b4                HAL_TIM_Base_MspInit
 .text.Reset_Handler
                0x080038f4       0x50 build/startup_stm32f446xx.o
                0x080038f4                Reset_Handler
 .text.Default_Handler
                0x08003944        0x2 build/startup_stm32f446xx.o
                0x08003944                RTC_Alarm_IRQHandler
                0x08003944                EXTI2_IRQHandler
                0x08003944                TIM8_CC_IRQHandler
                0x08003944                FMPI2C1_EV_IRQHandler
                0x08003944                SPI4_IRQHandler
                0x08003944                TIM1_CC_IRQHandler
                0x08003944                DMA2_Stream5_IRQHandler
                0x08003944                PVD_IRQHandler
                0x08003944                SDIO_IRQHandler
                0x08003944                TAMP_STAMP_IRQHandler
                0x08003944                CAN2_RX1_IRQHandler
                0x08003944                EXTI3_IRQHandler
                0x08003944                TIM8_TRG_COM_TIM14_IRQHandler
                0x08003944                TIM8_UP_TIM13_IRQHandler
                0x08003944                I2C3_ER_IRQHandler
                0x08003944                EXTI0_IRQHandler
                0x08003944                I2C2_EV_IRQHandler
                0x08003944                DMA1_Stream2_IRQHandler
                0x08003944                CAN1_RX0_IRQHandler
                0x08003944                FPU_IRQHandler
                0x08003944                OTG_HS_WKUP_IRQHandler
                0x08003944                CAN2_SCE_IRQHandler
                0x08003944                DMA2_Stream2_IRQHandler
                0x08003944                SPI1_IRQHandler
                0x08003944                TIM6_DAC_IRQHandler
                0x08003944                TIM1_BRK_TIM9_IRQHandler
                0x08003944                DCMI_IRQHandler
                0x08003944                CAN2_RX0_IRQHandler
                0x08003944                DMA2_Stream3_IRQHandler
                0x08003944                SAI2_IRQHandler
                0x08003944                USART6_IRQHandler
                0x08003944                USART3_IRQHandler
                0x08003944                CAN1_RX1_IRQHandler
                0x08003944                UART5_IRQHandler
                0x08003944                DMA2_Stream0_IRQHandler
                0x08003944                TIM4_IRQHandler
                0x08003944                QUADSPI_IRQHandler
                0x08003944                I2C1_EV_IRQHandler
                0x08003944                DMA1_Stream6_IRQHandler
                0x08003944                DMA1_Stream1_IRQHandler
                0x08003944                UART4_IRQHandler
                0x08003944                TIM3_IRQHandler
                0x08003944                RCC_IRQHandler
                0x08003944                TIM8_BRK_TIM12_IRQHandler
                0x08003944                Default_Handler
                0x08003944                CEC_IRQHandler
                0x08003944                EXTI15_10_IRQHandler
                0x08003944                ADC_IRQHandler
                0x08003944                DMA1_Stream7_IRQHandler
                0x08003944                TIM7_IRQHandler
                0x08003944                CAN2_TX_IRQHandler
                0x08003944                TIM5_IRQHandler
                0x08003944                DMA2_Stream7_IRQHandler
                0x08003944                I2C3_EV_IRQHandler
                0x08003944                EXTI9_5_IRQHandler
                0x08003944                RTC_WKUP_IRQHandler
                0x08003944                SPDIF_RX_IRQHandler
                0x08003944                SPI2_IRQHandler
                0x08003944                OTG_HS_EP1_IN_IRQHandler
                0x08003944                DMA1_Stream0_IRQHandler
                0x08003944                CAN1_TX_IRQHandler
                0x08003944                FMPI2C1_ER_IRQHandler
                0x08003944                EXTI4_IRQHandler
                0x08003944                OTG_HS_EP1_OUT_IRQHandler
                0x08003944                WWDG_IRQHandler
                0x08003944                TIM2_IRQHandler
                0x08003944                OTG_FS_WKUP_IRQHandler
                0x08003944                TIM1_TRG_COM_TIM11_IRQHandler
                0x08003944                OTG_HS_IRQHandler
                0x08003944                EXTI1_IRQHandler
                0x08003944                USART2_IRQHandler
                0x08003944                I2C2_ER_IRQHandler
                0x08003944                DMA2_Stream1_IRQHandler
                0x08003944                CAN1_SCE_IRQHandler
                0x08003944                FLASH_IRQHandler
                0x08003944                DMA2_Stream4_IRQHandler
                0x08003944                USART1_IRQHandler
                0x08003944                OTG_FS_IRQHandler
                0x08003944                SPI3_IRQHandler
                0x08003944                DMA1_Stream4_IRQHandler
                0x08003944                I2C1_ER_IRQHandler
                0x08003944                FMC_IRQHandler
                0x08003944                DMA2_Stream6_IRQHandler
                0x08003944                SAI1_IRQHandler
                0x08003944                DMA1_Stream3_IRQHandler
 *fill*         0x08003946        0x2 
 .text.__libc_init_array
                0x08003948       0x48 c:/gnu/gnu_arm_embedded_toolchain/10-2020-q4-major/bin/../lib/gcc/arm-none-eabi/10.2.1/../../../../arm-none-eabi/lib/thumb/v7e-m+fp/hard\libc_nano.a(lib_a-init.o)
                0x08003948                __libc_init_array
 .text.memset   0x08003990       0x10 c:/gnu/gnu_arm_embedded_toolchain/10-2020-q4-major/bin/../lib/gcc/arm-none-eabi/10.2.1/../../../../arm-none-eabi/lib/thumb/v7e-m+fp/hard\libc_nano.a(lib_a-memset.o)
                0x08003990                memset
 .text.__cvt    0x080039a0       0xc4 c:/gnu/gnu_arm_embedded_toolchain/10-2020-q4-major/bin/../lib/gcc/arm-none-eabi/10.2.1/../../../../arm-none-eabi/lib/thumb/v7e-m+fp/hard\libc_nano.a(lib_a-nano-vfprintf_float.o)
                0x080039a0                __cvt
 .text.__exponent
                0x08003a64       0x7c c:/gnu/gnu_arm_embedded_toolchain/10-2020-q4-major/bin/../lib/gcc/arm-none-eabi/10.2.1/../../../../arm-none-eabi/lib/thumb/v7e-m+fp/hard\libc_nano.a(lib_a-nano-vfprintf_float.o)
                0x08003a64                __exponent
 .text._printf_float
                0x08003ae0      0x46c c:/gnu/gnu_arm_embedded_toolchain/10-2020-q4-major/bin/../lib/gcc/arm-none-eabi/10.2.1/../../../../arm-none-eabi/lib/thumb/v7e-m+fp/hard\libc_nano.a(lib_a-nano-vfprintf_float.o)
                0x08003ae0                _printf_float
 .text._printf_common
                0x08003f4c       0xda c:/gnu/gnu_arm_embedded_toolchain/10-2020-q4-major/bin/../lib/gcc/arm-none-eabi/10.2.1/../../../../arm-none-eabi/lib/thumb/v7e-m+fp/hard\libc_nano.a(lib_a-nano-vfprintf_i.o)
                0x08003f4c                _printf_common
 *fill*         0x08004026        0x2 
 .text._printf_i
                0x08004028      0x24c c:/gnu/gnu_arm_embedded_toolchain/10-2020-q4-major/bin/../lib/gcc/arm-none-eabi/10.2.1/../../../../arm-none-eabi/lib/thumb/v7e-m+fp/hard\libc_nano.a(lib_a-nano-vfprintf_i.o)
                0x08004028                _printf_i
 .text.sprintf  0x08004274       0x40 c:/gnu/gnu_arm_embedded_toolchain/10-2020-q4-major/bin/../lib/gcc/arm-none-eabi/10.2.1/../../../../arm-none-eabi/lib/thumb/v7e-m+fp/hard\libc_nano.a(lib_a-sprintf.o)
                0x08004274                siprintf
                0x08004274                sprintf
 .text.quorem   0x080042b4      0x116 c:/gnu/gnu_arm_embedded_toolchain/10-2020-q4-major/bin/../lib/gcc/arm-none-eabi/10.2.1/../../../../arm-none-eabi/lib/thumb/v7e-m+fp/hard\libc_nano.a(lib_a-dtoa.o)
 *fill*         0x080043ca        0x6 
 .text._dtoa_r  0x080043d0      0xbdc c:/gnu/gnu_arm_embedded_toolchain/10-2020-q4-major/bin/../lib/gcc/arm-none-eabi/10.2.1/../../../../arm-none-eabi/lib/thumb/v7e-m+fp/hard\libc_nano.a(lib_a-dtoa.o)
                0x080043d0                _dtoa_r
 .text._localeconv_r
                0x08004fac        0x8 c:/gnu/gnu_arm_embedded_toolchain/10-2020-q4-major/bin/../lib/gcc/arm-none-eabi/10.2.1/../../../../arm-none-eabi/lib/thumb/v7e-m+fp/hard\libc_nano.a(lib_a-localeconv.o)
                0x08004fac                _localeconv_r
 .text.malloc   0x08004fb4       0x10 c:/gnu/gnu_arm_embedded_toolchain/10-2020-q4-major/bin/../lib/gcc/arm-none-eabi/10.2.1/../../../../arm-none-eabi/lib/thumb/v7e-m+fp/hard\libc_nano.a(lib_a-malloc.o)
                0x08004fb4                malloc
 .text.memcpy   0x08004fc4       0x1c c:/gnu/gnu_arm_embedded_toolchain/10-2020-q4-major/bin/../lib/gcc/arm-none-eabi/10.2.1/../../../../arm-none-eabi/lib/thumb/v7e-m+fp/hard\libc_nano.a(lib_a-memcpy-stub.o)
                0x08004fc4                memcpy
 .text._Balloc  0x08004fe0       0x80 c:/gnu/gnu_arm_embedded_toolchain/10-2020-q4-major/bin/../lib/gcc/arm-none-eabi/10.2.1/../../../../arm-none-eabi/lib/thumb/v7e-m+fp/hard\libc_nano.a(lib_a-mprec.o)
                0x08004fe0                _Balloc
 .text._Bfree   0x08005060       0x44 c:/gnu/gnu_arm_embedded_toolchain/10-2020-q4-major/bin/../lib/gcc/arm-none-eabi/10.2.1/../../../../arm-none-eabi/lib/thumb/v7e-m+fp/hard\libc_nano.a(lib_a-mprec.o)
                0x08005060                _Bfree
 .text.__multadd
                0x080050a4       0x8c c:/gnu/gnu_arm_embedded_toolchain/10-2020-q4-major/bin/../lib/gcc/arm-none-eabi/10.2.1/../../../../arm-none-eabi/lib/thumb/v7e-m+fp/hard\libc_nano.a(lib_a-mprec.o)
                0x080050a4                __multadd
 .text.__hi0bits
                0x08005130       0x40 c:/gnu/gnu_arm_embedded_toolchain/10-2020-q4-major/bin/../lib/gcc/arm-none-eabi/10.2.1/../../../../arm-none-eabi/lib/thumb/v7e-m+fp/hard\libc_nano.a(lib_a-mprec.o)
                0x08005130                __hi0bits
 .text.__lo0bits
                0x08005170       0x5e c:/gnu/gnu_arm_embedded_toolchain/10-2020-q4-major/bin/../lib/gcc/arm-none-eabi/10.2.1/../../../../arm-none-eabi/lib/thumb/v7e-m+fp/hard\libc_nano.a(lib_a-mprec.o)
                0x08005170                __lo0bits
 *fill*         0x080051ce        0x2 
 .text.__i2b    0x080051d0       0x2c c:/gnu/gnu_arm_embedded_toolchain/10-2020-q4-major/bin/../lib/gcc/arm-none-eabi/10.2.1/../../../../arm-none-eabi/lib/thumb/v7e-m+fp/hard\libc_nano.a(lib_a-mprec.o)
                0x080051d0                __i2b
 .text.__multiply
                0x080051fc      0x154 c:/gnu/gnu_arm_embedded_toolchain/10-2020-q4-major/bin/../lib/gcc/arm-none-eabi/10.2.1/../../../../arm-none-eabi/lib/thumb/v7e-m+fp/hard\libc_nano.a(lib_a-mprec.o)
                0x080051fc                __multiply
 .text.__pow5mult
                0x08005350       0xb4 c:/gnu/gnu_arm_embedded_toolchain/10-2020-q4-major/bin/../lib/gcc/arm-none-eabi/10.2.1/../../../../arm-none-eabi/lib/thumb/v7e-m+fp/hard\libc_nano.a(lib_a-mprec.o)
                0x08005350                __pow5mult
 .text.__lshift
                0x08005404       0xe0 c:/gnu/gnu_arm_embedded_toolchain/10-2020-q4-major/bin/../lib/gcc/arm-none-eabi/10.2.1/../../../../arm-none-eabi/lib/thumb/v7e-m+fp/hard\libc_nano.a(lib_a-mprec.o)
                0x08005404                __lshift
 .text.__mcmp   0x080054e4       0x38 c:/gnu/gnu_arm_embedded_toolchain/10-2020-q4-major/bin/../lib/gcc/arm-none-eabi/10.2.1/../../../../arm-none-eabi/lib/thumb/v7e-m+fp/hard\libc_nano.a(lib_a-mprec.o)
                0x080054e4                __mcmp
 .text.__mdiff  0x0800551c      0x114 c:/gnu/gnu_arm_embedded_toolchain/10-2020-q4-major/bin/../lib/gcc/arm-none-eabi/10.2.1/../../../../arm-none-eabi/lib/thumb/v7e-m+fp/hard\libc_nano.a(lib_a-mprec.o)
                0x0800551c                __mdiff
 .text.__d2b    0x08005630       0xb8 c:/gnu/gnu_arm_embedded_toolchain/10-2020-q4-major/bin/../lib/gcc/arm-none-eabi/10.2.1/../../../../arm-none-eabi/lib/thumb/v7e-m+fp/hard\libc_nano.a(lib_a-mprec.o)
                0x08005630                __d2b
 .text._calloc_r
                0x080056e8       0x1e c:/gnu/gnu_arm_embedded_toolchain/10-2020-q4-major/bin/../lib/gcc/arm-none-eabi/10.2.1/../../../../arm-none-eabi/lib/thumb/v7e-m+fp/hard\libc_nano.a(lib_a-nano-callocr.o)
                0x080056e8                _calloc_r
 *fill*         0x08005706        0x2 
 .text._free_r  0x08005708       0x98 c:/gnu/gnu_arm_embedded_toolchain/10-2020-q4-major/bin/../lib/gcc/arm-none-eabi/10.2.1/../../../../arm-none-eabi/lib/thumb/v7e-m+fp/hard\libc_nano.a(lib_a-nano-freer.o)
                0x08005708                _free_r
 .text._malloc_r
                0x080057a0       0xb4 c:/gnu/gnu_arm_embedded_toolchain/10-2020-q4-major/bin/../lib/gcc/arm-none-eabi/10.2.1/../../../../arm-none-eabi/lib/thumb/v7e-m+fp/hard\libc_nano.a(lib_a-nano-mallocr.o)
                0x080057a0                _malloc_r
 .text.__ssputs_r
                0x08005854       0xb6 c:/gnu/gnu_arm_embedded_toolchain/10-2020-q4-major/bin/../lib/gcc/arm-none-eabi/10.2.1/../../../../arm-none-eabi/lib/thumb/v7e-m+fp/hard\libc_nano.a(lib_a-nano-svfprintf.o)
                0x08005854                __ssputs_r
 *fill*         0x0800590a        0x2 
 .text._svfprintf_r
                0x0800590c      0x200 c:/gnu/gnu_arm_embedded_toolchain/10-2020-q4-major/bin/../lib/gcc/arm-none-eabi/10.2.1/../../../../arm-none-eabi/lib/thumb/v7e-m+fp/hard\libc_nano.a(lib_a-nano-svfprintf.o)
                0x0800590c                _svfiprintf_r
                0x0800590c                _svfprintf_r
 .text._sbrk_r  0x08005b0c       0x20 c:/gnu/gnu_arm_embedded_toolchain/10-2020-q4-major/bin/../lib/gcc/arm-none-eabi/10.2.1/../../../../arm-none-eabi/lib/thumb/v7e-m+fp/hard\libc_nano.a(lib_a-sbrkr.o)
                0x08005b0c                _sbrk_r
 .text.__assert_func
                0x08005b2c       0x3c c:/gnu/gnu_arm_embedded_toolchain/10-2020-q4-major/bin/../lib/gcc/arm-none-eabi/10.2.1/../../../../arm-none-eabi/lib/thumb/v7e-m+fp/hard\libc_nano.a(lib_a-assert.o)
                0x08005b2c                __assert_func
 .text.fprintf  0x08005b68       0x24 c:/gnu/gnu_arm_embedded_toolchain/10-2020-q4-major/bin/../lib/gcc/arm-none-eabi/10.2.1/../../../../arm-none-eabi/lib/thumb/v7e-m+fp/hard\libc_nano.a(lib_a-fprintf.o)
                0x08005b68                fiprintf
                0x08005b68                fprintf
 .text.__ascii_mbtowc
                0x08005b8c       0x24 c:/gnu/gnu_arm_embedded_toolchain/10-2020-q4-major/bin/../lib/gcc/arm-none-eabi/10.2.1/../../../../arm-none-eabi/lib/thumb/v7e-m+fp/hard\libc_nano.a(lib_a-mbtowc_r.o)
                0x08005b8c                __ascii_mbtowc
 .text.memmove  0x08005bb0       0x34 c:/gnu/gnu_arm_embedded_toolchain/10-2020-q4-major/bin/../lib/gcc/arm-none-eabi/10.2.1/../../../../arm-none-eabi/lib/thumb/v7e-m+fp/hard\libc_nano.a(lib_a-memmove.o)
                0x08005bb0                memmove
 .text.__malloc_lock
                0x08005be4        0xc c:/gnu/gnu_arm_embedded_toolchain/10-2020-q4-major/bin/../lib/gcc/arm-none-eabi/10.2.1/../../../../arm-none-eabi/lib/thumb/v7e-m+fp/hard\libc_nano.a(lib_a-mlock.o)
                0x08005be4                __malloc_lock
 .text.__malloc_unlock
                0x08005bf0        0xc c:/gnu/gnu_arm_embedded_toolchain/10-2020-q4-major/bin/../lib/gcc/arm-none-eabi/10.2.1/../../../../arm-none-eabi/lib/thumb/v7e-m+fp/hard\libc_nano.a(lib_a-mlock.o)
                0x08005bf0                __malloc_unlock
 .text._realloc_r
                0x08005bfc       0x4c c:/gnu/gnu_arm_embedded_toolchain/10-2020-q4-major/bin/../lib/gcc/arm-none-eabi/10.2.1/../../../../arm-none-eabi/lib/thumb/v7e-m+fp/hard\libc_nano.a(lib_a-nano-reallocr.o)
                0x08005bfc                _realloc_r
 .text.__sfputc_r
                0x08005c48       0x2e c:/gnu/gnu_arm_embedded_toolchain/10-2020-q4-major/bin/../lib/gcc/arm-none-eabi/10.2.1/../../../../arm-none-eabi/lib/thumb/v7e-m+fp/hard\libc_nano.a(lib_a-nano-vfprintf.o)
 .text.__sfputs_r
                0x08005c76       0x24 c:/gnu/gnu_arm_embedded_toolchain/10-2020-q4-major/bin/../lib/gcc/arm-none-eabi/10.2.1/../../../../arm-none-eabi/lib/thumb/v7e-m+fp/hard\libc_nano.a(lib_a-nano-vfprintf.o)
                0x08005c76                __sfputs_r
 *fill*         0x08005c9a        0x2 
 .text._vfprintf_r
                0x08005c9c      0x260 c:/gnu/gnu_arm_embedded_toolchain/10-2020-q4-major/bin/../lib/gcc/arm-none-eabi/10.2.1/../../../../arm-none-eabi/lib/thumb/v7e-m+fp/hard\libc_nano.a(lib_a-nano-vfprintf.o)
                0x08005c9c                _vfprintf_r
                0x08005c9c                _vfiprintf_r
 .text.__swbuf_r
                0x08005efc       0xa4 c:/gnu/gnu_arm_embedded_toolchain/10-2020-q4-major/bin/../lib/gcc/arm-none-eabi/10.2.1/../../../../arm-none-eabi/lib/thumb/v7e-m+fp/hard\libc_nano.a(lib_a-wbuf.o)
                0x08005efc                __swbuf_r
 .text.__ascii_wctomb
                0x08005fa0       0x1a c:/gnu/gnu_arm_embedded_toolchain/10-2020-q4-major/bin/../lib/gcc/arm-none-eabi/10.2.1/../../../../arm-none-eabi/lib/thumb/v7e-m+fp/hard\libc_nano.a(lib_a-wctomb_r.o)
                0x08005fa0                __ascii_wctomb
 *fill*         0x08005fba        0x2 
 .text.__swsetup_r
                0x08005fbc       0xdc c:/gnu/gnu_arm_embedded_toolchain/10-2020-q4-major/bin/../lib/gcc/arm-none-eabi/10.2.1/../../../../arm-none-eabi/lib/thumb/v7e-m+fp/hard\libc_nano.a(lib_a-wsetup.o)
                0x08005fbc                __swsetup_r
 .text.abort    0x08006098        0xe c:/gnu/gnu_arm_embedded_toolchain/10-2020-q4-major/bin/../lib/gcc/arm-none-eabi/10.2.1/../../../../arm-none-eabi/lib/thumb/v7e-m+fp/hard\libc_nano.a(lib_a-abort.o)
                0x08006098                abort
 *fill*         0x080060a6        0x2 
 .text.__sflush_r
                0x080060a8      0x10c c:/gnu/gnu_arm_embedded_toolchain/10-2020-q4-major/bin/../lib/gcc/arm-none-eabi/10.2.1/../../../../arm-none-eabi/lib/thumb/v7e-m+fp/hard\libc_nano.a(lib_a-fflush.o)
                0x080060a8                __sflush_r
 .text._fflush_r
                0x080061b4       0x78 c:/gnu/gnu_arm_embedded_toolchain/10-2020-q4-major/bin/../lib/gcc/arm-none-eabi/10.2.1/../../../../arm-none-eabi/lib/thumb/v7e-m+fp/hard\libc_nano.a(lib_a-fflush.o)
                0x080061b4                _fflush_r
 .text.std      0x0800622c       0x48 c:/gnu/gnu_arm_embedded_toolchain/10-2020-q4-major/bin/../lib/gcc/arm-none-eabi/10.2.1/../../../../arm-none-eabi/lib/thumb/v7e-m+fp/hard\libc_nano.a(lib_a-findfp.o)
 .text._cleanup_r
                0x08006274        0xc c:/gnu/gnu_arm_embedded_toolchain/10-2020-q4-major/bin/../lib/gcc/arm-none-eabi/10.2.1/../../../../arm-none-eabi/lib/thumb/v7e-m+fp/hard\libc_nano.a(lib_a-findfp.o)
                0x08006274                _cleanup_r
 .text.__sfmoreglue
                0x08006280       0x2c c:/gnu/gnu_arm_embedded_toolchain/10-2020-q4-major/bin/../lib/gcc/arm-none-eabi/10.2.1/../../../../arm-none-eabi/lib/thumb/v7e-m+fp/hard\libc_nano.a(lib_a-findfp.o)
                0x08006280                __sfmoreglue
 .text.__sfp_lock_acquire
                0x080062ac        0xc c:/gnu/gnu_arm_embedded_toolchain/10-2020-q4-major/bin/../lib/gcc/arm-none-eabi/10.2.1/../../../../arm-none-eabi/lib/thumb/v7e-m+fp/hard\libc_nano.a(lib_a-findfp.o)
                0x080062ac                __sfp_lock_acquire
 .text.__sfp_lock_release
                0x080062b8        0xc c:/gnu/gnu_arm_embedded_toolchain/10-2020-q4-major/bin/../lib/gcc/arm-none-eabi/10.2.1/../../../../arm-none-eabi/lib/thumb/v7e-m+fp/hard\libc_nano.a(lib_a-findfp.o)
                0x080062b8                __sfp_lock_release
 .text.__sinit_lock_acquire
                0x080062c4        0xc c:/gnu/gnu_arm_embedded_toolchain/10-2020-q4-major/bin/../lib/gcc/arm-none-eabi/10.2.1/../../../../arm-none-eabi/lib/thumb/v7e-m+fp/hard\libc_nano.a(lib_a-findfp.o)
                0x080062c4                __sinit_lock_acquire
 .text.__sinit_lock_release
                0x080062d0        0xc c:/gnu/gnu_arm_embedded_toolchain/10-2020-q4-major/bin/../lib/gcc/arm-none-eabi/10.2.1/../../../../arm-none-eabi/lib/thumb/v7e-m+fp/hard\libc_nano.a(lib_a-findfp.o)
                0x080062d0                __sinit_lock_release
 .text.__sinit  0x080062dc       0x70 c:/gnu/gnu_arm_embedded_toolchain/10-2020-q4-major/bin/../lib/gcc/arm-none-eabi/10.2.1/../../../../arm-none-eabi/lib/thumb/v7e-m+fp/hard\libc_nano.a(lib_a-findfp.o)
                0x080062dc                __sinit
 .text.__sfp    0x0800634c       0x8c c:/gnu/gnu_arm_embedded_toolchain/10-2020-q4-major/bin/../lib/gcc/arm-none-eabi/10.2.1/../../../../arm-none-eabi/lib/thumb/v7e-m+fp/hard\libc_nano.a(lib_a-findfp.o)
                0x0800634c                __sfp
 .text._fwalk_reent
                0x080063d8       0x3e c:/gnu/gnu_arm_embedded_toolchain/10-2020-q4-major/bin/../lib/gcc/arm-none-eabi/10.2.1/../../../../arm-none-eabi/lib/thumb/v7e-m+fp/hard\libc_nano.a(lib_a-fwalk.o)
                0x080063d8                _fwalk_reent
 .text.__retarget_lock_init_recursive
                0x08006416        0x2 c:/gnu/gnu_arm_embedded_toolchain/10-2020-q4-major/bin/../lib/gcc/arm-none-eabi/10.2.1/../../../../arm-none-eabi/lib/thumb/v7e-m+fp/hard\libc_nano.a(lib_a-lock.o)
                0x08006416                __retarget_lock_init_recursive
 .text.__retarget_lock_acquire_recursive
                0x08006418        0x2 c:/gnu/gnu_arm_embedded_toolchain/10-2020-q4-major/bin/../lib/gcc/arm-none-eabi/10.2.1/../../../../arm-none-eabi/lib/thumb/v7e-m+fp/hard\libc_nano.a(lib_a-lock.o)
                0x08006418                __retarget_lock_acquire_recursive
 .text.__retarget_lock_release_recursive
                0x0800641a        0x2 c:/gnu/gnu_arm_embedded_toolchain/10-2020-q4-major/bin/../lib/gcc/arm-none-eabi/10.2.1/../../../../arm-none-eabi/lib/thumb/v7e-m+fp/hard\libc_nano.a(lib_a-lock.o)
                0x0800641a                __retarget_lock_release_recursive
 .text.__swhatbuf_r
                0x0800641c       0x4a c:/gnu/gnu_arm_embedded_toolchain/10-2020-q4-major/bin/../lib/gcc/arm-none-eabi/10.2.1/../../../../arm-none-eabi/lib/thumb/v7e-m+fp/hard\libc_nano.a(lib_a-makebuf.o)
                0x0800641c                __swhatbuf_r
 *fill*         0x08006466        0x2 
 .text.__smakebuf_r
                0x08006468       0x80 c:/gnu/gnu_arm_embedded_toolchain/10-2020-q4-major/bin/../lib/gcc/arm-none-eabi/10.2.1/../../../../arm-none-eabi/lib/thumb/v7e-m+fp/hard\libc_nano.a(lib_a-makebuf.o)
                0x08006468                __smakebuf_r
 .text._malloc_usable_size_r
                0x080064e8       0x10 c:/gnu/gnu_arm_embedded_toolchain/10-2020-q4-major/bin/../lib/gcc/arm-none-eabi/10.2.1/../../../../arm-none-eabi/lib/thumb/v7e-m+fp/hard\libc_nano.a(lib_a-nano-msizer.o)
                0x080064e8                _malloc_usable_size_r
 .text._raise_r
                0x080064f8       0x50 c:/gnu/gnu_arm_embedded_toolchain/10-2020-q4-major/bin/../lib/gcc/arm-none-eabi/10.2.1/../../../../arm-none-eabi/lib/thumb/v7e-m+fp/hard\libc_nano.a(lib_a-signal.o)
                0x080064f8                _raise_r
 .text.raise    0x08006548       0x10 c:/gnu/gnu_arm_embedded_toolchain/10-2020-q4-major/bin/../lib/gcc/arm-none-eabi/10.2.1/../../../../arm-none-eabi/lib/thumb/v7e-m+fp/hard\libc_nano.a(lib_a-signal.o)
                0x08006548                raise
 .text._kill_r  0x08006558       0x24 c:/gnu/gnu_arm_embedded_toolchain/10-2020-q4-major/bin/../lib/gcc/arm-none-eabi/10.2.1/../../../../arm-none-eabi/lib/thumb/v7e-m+fp/hard\libc_nano.a(lib_a-signalr.o)
                0x08006558                _kill_r
 .text._getpid_r
                0x0800657c        0x4 c:/gnu/gnu_arm_embedded_toolchain/10-2020-q4-major/bin/../lib/gcc/arm-none-eabi/10.2.1/../../../../arm-none-eabi/lib/thumb/v7e-m+fp/hard\libc_nano.a(lib_a-signalr.o)
                0x0800657c                _getpid_r
 .text.__sread  0x08006580       0x22 c:/gnu/gnu_arm_embedded_toolchain/10-2020-q4-major/bin/../lib/gcc/arm-none-eabi/10.2.1/../../../../arm-none-eabi/lib/thumb/v7e-m+fp/hard\libc_nano.a(lib_a-stdio.o)
                0x08006580                __sread
 .text.__swrite
                0x080065a2       0x38 c:/gnu/gnu_arm_embedded_toolchain/10-2020-q4-major/bin/../lib/gcc/arm-none-eabi/10.2.1/../../../../arm-none-eabi/lib/thumb/v7e-m+fp/hard\libc_nano.a(lib_a-stdio.o)
                0x080065a2                __swrite
 .text.__sseek  0x080065da       0x24 c:/gnu/gnu_arm_embedded_toolchain/10-2020-q4-major/bin/../lib/gcc/arm-none-eabi/10.2.1/../../../../arm-none-eabi/lib/thumb/v7e-m+fp/hard\libc_nano.a(lib_a-stdio.o)
                0x080065da                __sseek
 .text.__sclose
                0x080065fe        0x8 c:/gnu/gnu_arm_embedded_toolchain/10-2020-q4-major/bin/../lib/gcc/arm-none-eabi/10.2.1/../../../../arm-none-eabi/lib/thumb/v7e-m+fp/hard\libc_nano.a(lib_a-stdio.o)
                0x080065fe                __sclose
 *fill*         0x08006606        0x2 
 .text._write_r
                0x08006608       0x24 c:/gnu/gnu_arm_embedded_toolchain/10-2020-q4-major/bin/../lib/gcc/arm-none-eabi/10.2.1/../../../../arm-none-eabi/lib/thumb/v7e-m+fp/hard\libc_nano.a(lib_a-writer.o)
                0x08006608                _write_r
 .text._close_r
                0x0800662c       0x20 c:/gnu/gnu_arm_embedded_toolchain/10-2020-q4-major/bin/../lib/gcc/arm-none-eabi/10.2.1/../../../../arm-none-eabi/lib/thumb/v7e-m+fp/hard\libc_nano.a(lib_a-closer.o)
                0x0800662c                _close_r
 .text._fstat_r
                0x0800664c       0x24 c:/gnu/gnu_arm_embedded_toolchain/10-2020-q4-major/bin/../lib/gcc/arm-none-eabi/10.2.1/../../../../arm-none-eabi/lib/thumb/v7e-m+fp/hard\libc_nano.a(lib_a-fstatr.o)
                0x0800664c                _fstat_r
 .text._isatty_r
                0x08006670       0x20 c:/gnu/gnu_arm_embedded_toolchain/10-2020-q4-major/bin/../lib/gcc/arm-none-eabi/10.2.1/../../../../arm-none-eabi/lib/thumb/v7e-m+fp/hard\libc_nano.a(lib_a-isattyr.o)
                0x08006670                _isatty_r
 .text._lseek_r
                0x08006690       0x24 c:/gnu/gnu_arm_embedded_toolchain/10-2020-q4-major/bin/../lib/gcc/arm-none-eabi/10.2.1/../../../../arm-none-eabi/lib/thumb/v7e-m+fp/hard\libc_nano.a(lib_a-lseekr.o)
                0x08006690                _lseek_r
 .text._read_r  0x080066b4       0x24 c:/gnu/gnu_arm_embedded_toolchain/10-2020-q4-major/bin/../lib/gcc/arm-none-eabi/10.2.1/../../../../arm-none-eabi/lib/thumb/v7e-m+fp/hard\libc_nano.a(lib_a-readr.o)
                0x080066b4                _read_r
 .text._close   0x080066d8       0x10 c:/gnu/gnu_arm_embedded_toolchain/10-2020-q4-major/bin/../lib/gcc/arm-none-eabi/10.2.1/../../../../arm-none-eabi/lib/thumb/v7e-m+fp/hard\libnosys.a(close.o)
                0x080066d8                _close
 .text._fstat   0x080066e8       0x10 c:/gnu/gnu_arm_embedded_toolchain/10-2020-q4-major/bin/../lib/gcc/arm-none-eabi/10.2.1/../../../../arm-none-eabi/lib/thumb/v7e-m+fp/hard\libnosys.a(fstat.o)
                0x080066e8                _fstat
 .text._getpid  0x080066f8       0x10 c:/gnu/gnu_arm_embedded_toolchain/10-2020-q4-major/bin/../lib/gcc/arm-none-eabi/10.2.1/../../../../arm-none-eabi/lib/thumb/v7e-m+fp/hard\libnosys.a(getpid.o)
                0x080066f8                _getpid
 .text._isatty  0x08006708       0x10 c:/gnu/gnu_arm_embedded_toolchain/10-2020-q4-major/bin/../lib/gcc/arm-none-eabi/10.2.1/../../../../arm-none-eabi/lib/thumb/v7e-m+fp/hard\libnosys.a(isatty.o)
                0x08006708                _isatty
 .text._kill    0x08006718       0x10 c:/gnu/gnu_arm_embedded_toolchain/10-2020-q4-major/bin/../lib/gcc/arm-none-eabi/10.2.1/../../../../arm-none-eabi/lib/thumb/v7e-m+fp/hard\libnosys.a(kill.o)
                0x08006718                _kill
 .text._lseek   0x08006728       0x10 c:/gnu/gnu_arm_embedded_toolchain/10-2020-q4-major/bin/../lib/gcc/arm-none-eabi/10.2.1/../../../../arm-none-eabi/lib/thumb/v7e-m+fp/hard\libnosys.a(lseek.o)
                0x08006728                _lseek
 .text._read    0x08006738       0x10 c:/gnu/gnu_arm_embedded_toolchain/10-2020-q4-major/bin/../lib/gcc/arm-none-eabi/10.2.1/../../../../arm-none-eabi/lib/thumb/v7e-m+fp/hard\libnosys.a(read.o)
                0x08006738                _read
 .text._sbrk    0x08006748       0x1c c:/gnu/gnu_arm_embedded_toolchain/10-2020-q4-major/bin/../lib/gcc/arm-none-eabi/10.2.1/../../../../arm-none-eabi/lib/thumb/v7e-m+fp/hard\libnosys.a(sbrk.o)
                0x08006748                _sbrk
 .text._write   0x08006764       0x10 c:/gnu/gnu_arm_embedded_toolchain/10-2020-q4-major/bin/../lib/gcc/arm-none-eabi/10.2.1/../../../../arm-none-eabi/lib/thumb/v7e-m+fp/hard\libnosys.a(write.o)
                0x08006764                _write
 .text._exit    0x08006774        0x4 c:/gnu/gnu_arm_embedded_toolchain/10-2020-q4-major/bin/../lib/gcc/arm-none-eabi/10.2.1/../../../../arm-none-eabi/lib/thumb/v7e-m+fp/hard\libnosys.a(_exit.o)
                0x08006774                _exit
 *(.glue_7)
 .glue_7        0x08006778        0x0 linker stubs
 *(.glue_7t)
 .glue_7t       0x08006778        0x0 linker stubs
 *(.eh_frame)
 .eh_frame      0x08006778        0x0 c:/gnu/gnu_arm_embedded_toolchain/10-2020-q4-major/bin/../lib/gcc/arm-none-eabi/10.2.1/thumb/v7e-m+fp/hard/crtbegin.o
 *(.init)
 .init          0x08006778        0x4 c:/gnu/gnu_arm_embedded_toolchain/10-2020-q4-major/bin/../lib/gcc/arm-none-eabi/10.2.1/thumb/v7e-m+fp/hard/crti.o
                0x08006778                _init
 .init          0x0800677c        0x8 c:/gnu/gnu_arm_embedded_toolchain/10-2020-q4-major/bin/../lib/gcc/arm-none-eabi/10.2.1/thumb/v7e-m+fp/hard/crtn.o
 *(.fini)
 .fini          0x08006784        0x4 c:/gnu/gnu_arm_embedded_toolchain/10-2020-q4-major/bin/../lib/gcc/arm-none-eabi/10.2.1/thumb/v7e-m+fp/hard/crti.o
                0x08006784                _fini
 .fini          0x08006788        0x8 c:/gnu/gnu_arm_embedded_toolchain/10-2020-q4-major/bin/../lib/gcc/arm-none-eabi/10.2.1/thumb/v7e-m+fp/hard/crtn.o
                0x08006790                . = ALIGN (0x4)
                0x08006790                _etext = .

.vfp11_veneer   0x08006790        0x0
 .vfp11_veneer  0x08006790        0x0 linker stubs

.v4_bx          0x08006790        0x0
 .v4_bx         0x08006790        0x0 linker stubs

.iplt           0x08006790        0x0
 .iplt          0x08006790        0x0 c:/gnu/gnu_arm_embedded_toolchain/10-2020-q4-major/bin/../lib/gcc/arm-none-eabi/10.2.1/thumb/v7e-m+fp/hard/crtbegin.o

.rodata         0x08006790      0x4c4
                0x08006790                . = ALIGN (0x4)
 *(.rodata)
 *(.rodata*)
 .rodata.HAL_UART_RxCpltCallback.str1.4
                0x08006790       0x2d build/main.o
 *fill*         0x080067bd        0x3 
 .rodata.main.str1.4
                0x080067c0       0x58 build/main.o
 .rodata.flagBitshiftOffset.0
                0x08006818        0x8 build/stm32f4xx_hal_dma.o
 .rodata.AHBPrescTable
                0x08006820       0x10 build/system_stm32f4xx.o
                0x08006820                AHBPrescTable
 .rodata.APBPrescTable
                0x08006830        0x8 build/system_stm32f4xx.o
                0x08006830                APBPrescTable
 .rodata._global_impure_ptr
                0x08006838        0x4 c:/gnu/gnu_arm_embedded_toolchain/10-2020-q4-major/bin/../lib/gcc/arm-none-eabi/10.2.1/../../../../arm-none-eabi/lib/thumb/v7e-m+fp/hard\libc_nano.a(lib_a-impure.o)
                0x08006838                _global_impure_ptr
 .rodata._printf_float.str1.1
                0x0800683c       0x12 c:/gnu/gnu_arm_embedded_toolchain/10-2020-q4-major/bin/../lib/gcc/arm-none-eabi/10.2.1/../../../../arm-none-eabi/lib/thumb/v7e-m+fp/hard\libc_nano.a(lib_a-nano-vfprintf_float.o)
 .rodata._printf_i.str1.1
                0x0800684e       0x22 c:/gnu/gnu_arm_embedded_toolchain/10-2020-q4-major/bin/../lib/gcc/arm-none-eabi/10.2.1/../../../../arm-none-eabi/lib/thumb/v7e-m+fp/hard\libc_nano.a(lib_a-nano-vfprintf_i.o)
 .rodata._dtoa_r.str1.1
                0x08006870       0xb2 c:/gnu/gnu_arm_embedded_toolchain/10-2020-q4-major/bin/../lib/gcc/arm-none-eabi/10.2.1/../../../../arm-none-eabi/lib/thumb/v7e-m+fp/hard\libc_nano.a(lib_a-dtoa.o)
                                 0xb4 (size before relaxing)
 .rodata._Balloc.str1.1
                0x08006922       0x7e c:/gnu/gnu_arm_embedded_toolchain/10-2020-q4-major/bin/../lib/gcc/arm-none-eabi/10.2.1/../../../../arm-none-eabi/lib/thumb/v7e-m+fp/hard\libc_nano.a(lib_a-mprec.o)
                                 0x95 (size before relaxing)
 .rodata.__multadd.str1.1
                0x080069a0       0x11 c:/gnu/gnu_arm_embedded_toolchain/10-2020-q4-major/bin/../lib/gcc/arm-none-eabi/10.2.1/../../../../arm-none-eabi/lib/thumb/v7e-m+fp/hard\libc_nano.a(lib_a-mprec.o)
 .rodata.__mprec_bigtens
                0x080069a0       0x28 c:/gnu/gnu_arm_embedded_toolchain/10-2020-q4-major/bin/../lib/gcc/arm-none-eabi/10.2.1/../../../../arm-none-eabi/lib/thumb/v7e-m+fp/hard\libc_nano.a(lib_a-mprec.o)
                0x080069a0                __mprec_bigtens
 .rodata.__mprec_tens
                0x080069c8       0xc8 c:/gnu/gnu_arm_embedded_toolchain/10-2020-q4-major/bin/../lib/gcc/arm-none-eabi/10.2.1/../../../../arm-none-eabi/lib/thumb/v7e-m+fp/hard\libc_nano.a(lib_a-mprec.o)
                0x080069c8                __mprec_tens
 .rodata.p05.0  0x08006a90        0xc c:/gnu/gnu_arm_embedded_toolchain/10-2020-q4-major/bin/../lib/gcc/arm-none-eabi/10.2.1/../../../../arm-none-eabi/lib/thumb/v7e-m+fp/hard\libc_nano.a(lib_a-mprec.o)
 .rodata._svfprintf_r.str1.1
                0x08006a9c       0x11 c:/gnu/gnu_arm_embedded_toolchain/10-2020-q4-major/bin/../lib/gcc/arm-none-eabi/10.2.1/../../../../arm-none-eabi/lib/thumb/v7e-m+fp/hard\libc_nano.a(lib_a-nano-svfprintf.o)
 .rodata.__assert_func.str1.1
                0x08006aad       0x3c c:/gnu/gnu_arm_embedded_toolchain/10-2020-q4-major/bin/../lib/gcc/arm-none-eabi/10.2.1/../../../../arm-none-eabi/lib/thumb/v7e-m+fp/hard\libc_nano.a(lib_a-assert.o)
                                 0x3d (size before relaxing)
 .rodata._setlocale_r.str1.1
                0x08006ae9        0x8 c:/gnu/gnu_arm_embedded_toolchain/10-2020-q4-major/bin/../lib/gcc/arm-none-eabi/10.2.1/../../../../arm-none-eabi/lib/thumb/v7e-m+fp/hard\libc_nano.a(lib_a-locale.o)
                                  0x9 (size before relaxing)
 .rodata.str1.1
                0x08006af1        0x2 c:/gnu/gnu_arm_embedded_toolchain/10-2020-q4-major/bin/../lib/gcc/arm-none-eabi/10.2.1/../../../../arm-none-eabi/lib/thumb/v7e-m+fp/hard\libc_nano.a(lib_a-locale.o)
 .rodata._vfprintf_r.str1.1
                0x08006af3       0x11 c:/gnu/gnu_arm_embedded_toolchain/10-2020-q4-major/bin/../lib/gcc/arm-none-eabi/10.2.1/../../../../arm-none-eabi/lib/thumb/v7e-m+fp/hard\libc_nano.a(lib_a-nano-vfprintf.o)
 .rodata._ctype_
                0x08006af3      0x101 c:/gnu/gnu_arm_embedded_toolchain/10-2020-q4-major/bin/../lib/gcc/arm-none-eabi/10.2.1/../../../../arm-none-eabi/lib/thumb/v7e-m+fp/hard\libc_nano.a(lib_a-ctype_.o)
                0x08006af3                _ctype_
 .rodata.__sf_fake_stderr
                0x08006bf4       0x20 c:/gnu/gnu_arm_embedded_toolchain/10-2020-q4-major/bin/../lib/gcc/arm-none-eabi/10.2.1/../../../../arm-none-eabi/lib/thumb/v7e-m+fp/hard\libc_nano.a(lib_a-findfp.o)
                0x08006bf4                __sf_fake_stderr
 .rodata.__sf_fake_stdin
                0x08006c14       0x20 c:/gnu/gnu_arm_embedded_toolchain/10-2020-q4-major/bin/../lib/gcc/arm-none-eabi/10.2.1/../../../../arm-none-eabi/lib/thumb/v7e-m+fp/hard\libc_nano.a(lib_a-findfp.o)
                0x08006c14                __sf_fake_stdin
 .rodata.__sf_fake_stdout
                0x08006c34       0x20 c:/gnu/gnu_arm_embedded_toolchain/10-2020-q4-major/bin/../lib/gcc/arm-none-eabi/10.2.1/../../../../arm-none-eabi/lib/thumb/v7e-m+fp/hard\libc_nano.a(lib_a-findfp.o)
                0x08006c34                __sf_fake_stdout
                0x08006c54                . = ALIGN (0x4)

.ARM.extab
 *(.ARM.extab* .gnu.linkonce.armextab.*)

.ARM            0x08006c54        0x8
                0x08006c54                __exidx_start = .
 *(.ARM.exidx*)
 .ARM.exidx     0x08006c54        0x8 c:/gnu/gnu_arm_embedded_toolchain/10-2020-q4-major/bin/../lib/gcc/arm-none-eabi/10.2.1/thumb/v7e-m+fp/hard\libgcc.a(_udivmoddi4.o)
                0x08006c5c                __exidx_end = .

.rel.dyn        0x08006c5c        0x0
 .rel.iplt      0x08006c5c        0x0 c:/gnu/gnu_arm_embedded_toolchain/10-2020-q4-major/bin/../lib/gcc/arm-none-eabi/10.2.1/thumb/v7e-m+fp/hard/crtbegin.o

.preinit_array  0x08006c5c        0x0
                0x08006c5c                PROVIDE (__preinit_array_start = .)
 *(.preinit_array*)
                0x08006c5c                PROVIDE (__preinit_array_end = .)

.init_array     0x08006c5c        0x4
                0x08006c5c                PROVIDE (__init_array_start = .)
 *(SORT_BY_NAME(.init_array.*))
 *(.init_array*)
 .init_array    0x08006c5c        0x4 c:/gnu/gnu_arm_embedded_toolchain/10-2020-q4-major/bin/../lib/gcc/arm-none-eabi/10.2.1/thumb/v7e-m+fp/hard/crtbegin.o
                0x08006c60                PROVIDE (__init_array_end = .)

.fini_array     0x08006c60        0x4
                [!provide]                PROVIDE (__fini_array_start = .)
 *(SORT_BY_NAME(.fini_array.*))
 *(.fini_array*)
 .fini_array    0x08006c60        0x4 c:/gnu/gnu_arm_embedded_toolchain/10-2020-q4-major/bin/../lib/gcc/arm-none-eabi/10.2.1/thumb/v7e-m+fp/hard/crtbegin.o
                [!provide]                PROVIDE (__fini_array_end = .)
                0x08006c64                _sidata = LOADADDR (.data)

.data           0x20000000      0x1dc load address 0x08006c64
                0x20000000                . = ALIGN (0x4)
                0x20000000                _sdata = .
 *(.data)
 *(.data*)
 .data.uwTickFreq
                0x20000000        0x1 build/stm32f4xx_hal.o
                0x20000000                uwTickFreq
 *fill*         0x20000001        0x3 
 .data.uwTickPrio
                0x20000004        0x4 build/stm32f4xx_hal.o
                0x20000004                uwTickPrio
 .data.SystemCoreClock
                0x20000008        0x4 build/system_stm32f4xx.o
                0x20000008                SystemCoreClock
 .data._impure_ptr
                0x2000000c        0x4 c:/gnu/gnu_arm_embedded_toolchain/10-2020-q4-major/bin/../lib/gcc/arm-none-eabi/10.2.1/../../../../arm-none-eabi/lib/thumb/v7e-m+fp/hard\libc_nano.a(lib_a-impure.o)
                0x2000000c                _impure_ptr
 .data.impure_data
                0x20000010       0x60 c:/gnu/gnu_arm_embedded_toolchain/10-2020-q4-major/bin/../lib/gcc/arm-none-eabi/10.2.1/../../../../arm-none-eabi/lib/thumb/v7e-m+fp/hard\libc_nano.a(lib_a-impure.o)
 .data.__global_locale
                0x20000070      0x16c c:/gnu/gnu_arm_embedded_toolchain/10-2020-q4-major/bin/../lib/gcc/arm-none-eabi/10.2.1/../../../../arm-none-eabi/lib/thumb/v7e-m+fp/hard\libc_nano.a(lib_a-locale.o)
                0x20000070                __global_locale
                0x200001dc                . = ALIGN (0x4)
                0x200001dc                _edata = .

.igot.plt       0x200001dc        0x0 load address 0x08006e40
 .igot.plt      0x200001dc        0x0 c:/gnu/gnu_arm_embedded_toolchain/10-2020-q4-major/bin/../lib/gcc/arm-none-eabi/10.2.1/thumb/v7e-m+fp/hard/crtbegin.o
                0x200001dc                . = ALIGN (0x4)

.bss            0x200001e0      0x2a0 load address 0x08006e40
                0x200001e0                _sbss = .
                0x200001e0                __bss_start__ = _sbss
 *(.bss)
 .bss           0x200001e0       0x1c c:/gnu/gnu_arm_embedded_toolchain/10-2020-q4-major/bin/../lib/gcc/arm-none-eabi/10.2.1/thumb/v7e-m+fp/hard/crtbegin.o
 *(.bss*)
 .bss.UART2_rxBuffer
                0x200001fc        0xa build/main.o
                0x200001fc                UART2_rxBuffer
 .bss.handshake
                0x20000206        0x1 build/main.o
                0x20000206                handshake
 *fill*         0x20000207        0x1 
 .bss.message   0x20000208      0x100 build/main.o
                0x20000208                message
 .bss.rcv_command
                0x20000308        0x8 build/main.o
                0x20000308                rcv_command
 .bss.send      0x20000310        0x1 build/main.o
                0x20000310                send
 .bss.setting_time
                0x20000311        0x1 build/main.o
                0x20000311                setting_time
 *fill*         0x20000312        0x6 
 .bss.utc_timestamp_ms
                0x20000318        0x8 build/main.o
                0x20000318                utc_timestamp_ms
 .bss.hi2c1     0x20000320       0x54 build/i2c.o
                0x20000320                hi2c1
 .bss.hdma_usart2_rx
                0x20000374       0x60 build/usart.o
                0x20000374                hdma_usart2_rx
 .bss.huart2    0x200003d4       0x44 build/usart.o
                0x200003d4                huart2
 .bss.uwTick    0x20000418        0x4 build/stm32f4xx_hal.o
                0x20000418                uwTick
 .bss._buff     0x2000041c        0x6 build/adxl345.o
                0x2000041c                _buff
 .bss._status   0x20000422        0x1 build/adxl345.o
                0x20000422                _status
 *fill*         0x20000423        0x1 
 .bss.htim10    0x20000424       0x48 build/tim.o
                0x20000424                htim10
 .bss.__malloc_free_list
                0x2000046c        0x4 c:/gnu/gnu_arm_embedded_toolchain/10-2020-q4-major/bin/../lib/gcc/arm-none-eabi/10.2.1/../../../../arm-none-eabi/lib/thumb/v7e-m+fp/hard\libc_nano.a(lib_a-nano-mallocr.o)
                0x2000046c                __malloc_free_list
 .bss.__malloc_sbrk_start
                0x20000470        0x4 c:/gnu/gnu_arm_embedded_toolchain/10-2020-q4-major/bin/../lib/gcc/arm-none-eabi/10.2.1/../../../../arm-none-eabi/lib/thumb/v7e-m+fp/hard\libc_nano.a(lib_a-nano-mallocr.o)
                0x20000470                __malloc_sbrk_start
 .bss.errno     0x20000474        0x4 c:/gnu/gnu_arm_embedded_toolchain/10-2020-q4-major/bin/../lib/gcc/arm-none-eabi/10.2.1/../../../../arm-none-eabi/lib/thumb/v7e-m+fp/hard\libc_nano.a(lib_a-reent.o)
                0x20000474                errno
 .bss.__lock___malloc_recursive_mutex
                0x20000478        0x1 c:/gnu/gnu_arm_embedded_toolchain/10-2020-q4-major/bin/../lib/gcc/arm-none-eabi/10.2.1/../../../../arm-none-eabi/lib/thumb/v7e-m+fp/hard\libc_nano.a(lib_a-lock.o)
                0x20000478                __lock___malloc_recursive_mutex
 .bss.__lock___sfp_recursive_mutex
                0x20000479        0x1 c:/gnu/gnu_arm_embedded_toolchain/10-2020-q4-major/bin/../lib/gcc/arm-none-eabi/10.2.1/../../../../arm-none-eabi/lib/thumb/v7e-m+fp/hard\libc_nano.a(lib_a-lock.o)
                0x20000479                __lock___sfp_recursive_mutex
 .bss.__lock___sinit_recursive_mutex
                0x2000047a        0x1 c:/gnu/gnu_arm_embedded_toolchain/10-2020-q4-major/bin/../lib/gcc/arm-none-eabi/10.2.1/../../../../arm-none-eabi/lib/thumb/v7e-m+fp/hard\libc_nano.a(lib_a-lock.o)
                0x2000047a                __lock___sinit_recursive_mutex
 *fill*         0x2000047b        0x1 
 .bss.heap_end.0
                0x2000047c        0x4 c:/gnu/gnu_arm_embedded_toolchain/10-2020-q4-major/bin/../lib/gcc/arm-none-eabi/10.2.1/../../../../arm-none-eabi/lib/thumb/v7e-m+fp/hard\libnosys.a(sbrk.o)
 *(COMMON)
                0x20000480                . = ALIGN (0x4)
                0x20000480                _ebss = .
                0x20000480                __bss_end__ = _ebss

._user_heap_stack
                0x20000480      0x600 load address 0x08006e40
                0x20000480                . = ALIGN (0x8)
                0x20000480                PROVIDE (end = .)
                [!provide]                PROVIDE (_end = .)
                0x20000680                . = (. + _Min_Heap_Size)
 *fill*         0x20000480      0x200 
                0x20000a80                . = (. + _Min_Stack_Size)
 *fill*         0x20000680      0x400 
                0x20000a80                . = ALIGN (0x8)

/DISCARD/
 libc.a(*)
 libm.a(*)
 libgcc.a(*)

.ARM.attributes
                0x00000000       0x30
 *(.ARM.attributes)
 .ARM.attributes
                0x00000000       0x1e c:/gnu/gnu_arm_embedded_toolchain/10-2020-q4-major/bin/../lib/gcc/arm-none-eabi/10.2.1/thumb/v7e-m+fp/hard/crti.o
 .ARM.attributes
                0x0000001e       0x34 c:/gnu/gnu_arm_embedded_toolchain/10-2020-q4-major/bin/../lib/gcc/arm-none-eabi/10.2.1/thumb/v7e-m+fp/hard/crtbegin.o
 .ARM.attributes
                0x00000052       0x34 build/main.o
 .ARM.attributes
                0x00000086       0x34 build/gpio.o
 .ARM.attributes
                0x000000ba       0x34 build/i2c.o
 .ARM.attributes
                0x000000ee       0x34 build/usart.o
 .ARM.attributes
                0x00000122       0x34 build/stm32f4xx_it.o
 .ARM.attributes
                0x00000156       0x34 build/stm32f4xx_hal_msp.o
 .ARM.attributes
                0x0000018a       0x34 build/stm32f4xx_hal_i2c.o
 .ARM.attributes
                0x000001be       0x34 build/stm32f4xx_hal_rcc.o
 .ARM.attributes
                0x000001f2       0x34 build/stm32f4xx_hal_rcc_ex.o
 .ARM.attributes
                0x00000226       0x34 build/stm32f4xx_hal_gpio.o
 .ARM.attributes
                0x0000025a       0x34 build/stm32f4xx_hal_dma.o
 .ARM.attributes
                0x0000028e       0x34 build/stm32f4xx_hal_cortex.o
 .ARM.attributes
                0x000002c2       0x34 build/stm32f4xx_hal.o
 .ARM.attributes
                0x000002f6       0x34 build/stm32f4xx_hal_tim.o
 .ARM.attributes
                0x0000032a       0x34 build/stm32f4xx_hal_tim_ex.o
 .ARM.attributes
                0x0000035e       0x34 build/stm32f4xx_hal_uart.o
 .ARM.attributes
                0x00000392       0x34 build/system_stm32f4xx.o
 .ARM.attributes
                0x000003c6       0x34 build/adxl345.o
 .ARM.attributes
                0x000003fa       0x34 build/dma.o
 .ARM.attributes
                0x0000042e       0x34 build/tim.o
 .ARM.attributes
                0x00000462       0x21 build/startup_stm32f446xx.o
 .ARM.attributes
                0x00000483       0x32 c:/gnu/gnu_arm_embedded_toolchain/10-2020-q4-major/bin/../lib/gcc/arm-none-eabi/10.2.1/../../../../arm-none-eabi/lib/thumb/v7e-m+fp/hard\libc_nano.a(lib_a-impure.o)
 .ARM.attributes
                0x000004b5       0x34 c:/gnu/gnu_arm_embedded_toolchain/10-2020-q4-major/bin/../lib/gcc/arm-none-eabi/10.2.1/../../../../arm-none-eabi/lib/thumb/v7e-m+fp/hard\libc_nano.a(lib_a-init.o)
 .ARM.attributes
                0x000004e9       0x34 c:/gnu/gnu_arm_embedded_toolchain/10-2020-q4-major/bin/../lib/gcc/arm-none-eabi/10.2.1/../../../../arm-none-eabi/lib/thumb/v7e-m+fp/hard\libc_nano.a(lib_a-memset.o)
 .ARM.attributes
                0x0000051d       0x34 c:/gnu/gnu_arm_embedded_toolchain/10-2020-q4-major/bin/../lib/gcc/arm-none-eabi/10.2.1/../../../../arm-none-eabi/lib/thumb/v7e-m+fp/hard\libc_nano.a(lib_a-nano-vfprintf_float.o)
 .ARM.attributes
                0x00000551       0x34 c:/gnu/gnu_arm_embedded_toolchain/10-2020-q4-major/bin/../lib/gcc/arm-none-eabi/10.2.1/../../../../arm-none-eabi/lib/thumb/v7e-m+fp/hard\libc_nano.a(lib_a-nano-vfprintf_i.o)
 .ARM.attributes
                0x00000585       0x34 c:/gnu/gnu_arm_embedded_toolchain/10-2020-q4-major/bin/../lib/gcc/arm-none-eabi/10.2.1/../../../../arm-none-eabi/lib/thumb/v7e-m+fp/hard\libc_nano.a(lib_a-sprintf.o)
 .ARM.attributes
                0x000005b9       0x17 c:/gnu/gnu_arm_embedded_toolchain/10-2020-q4-major/bin/../lib/gcc/arm-none-eabi/10.2.1/../../../../arm-none-eabi/lib/thumb/v7e-m+fp/hard\libc_nano.a(lib_a-strlen.o)
 .ARM.attributes
                0x000005d0       0x34 c:/gnu/gnu_arm_embedded_toolchain/10-2020-q4-major/bin/../lib/gcc/arm-none-eabi/10.2.1/../../../../arm-none-eabi/lib/thumb/v7e-m+fp/hard\libc_nano.a(lib_a-dtoa.o)
 .ARM.attributes
                0x00000604       0x34 c:/gnu/gnu_arm_embedded_toolchain/10-2020-q4-major/bin/../lib/gcc/arm-none-eabi/10.2.1/../../../../arm-none-eabi/lib/thumb/v7e-m+fp/hard\libc_nano.a(lib_a-localeconv.o)
 .ARM.attributes
                0x00000638       0x34 c:/gnu/gnu_arm_embedded_toolchain/10-2020-q4-major/bin/../lib/gcc/arm-none-eabi/10.2.1/../../../../arm-none-eabi/lib/thumb/v7e-m+fp/hard\libc_nano.a(lib_a-malloc.o)
 .ARM.attributes
                0x0000066c       0x1c c:/gnu/gnu_arm_embedded_toolchain/10-2020-q4-major/bin/../lib/gcc/arm-none-eabi/10.2.1/../../../../arm-none-eabi/lib/thumb/v7e-m+fp/hard\libc_nano.a(lib_a-memchr.o)
 .ARM.attributes
                0x00000688       0x34 c:/gnu/gnu_arm_embedded_toolchain/10-2020-q4-major/bin/../lib/gcc/arm-none-eabi/10.2.1/../../../../arm-none-eabi/lib/thumb/v7e-m+fp/hard\libc_nano.a(lib_a-memcpy-stub.o)
 .ARM.attributes
                0x000006bc       0x34 c:/gnu/gnu_arm_embedded_toolchain/10-2020-q4-major/bin/../lib/gcc/arm-none-eabi/10.2.1/../../../../arm-none-eabi/lib/thumb/v7e-m+fp/hard\libc_nano.a(lib_a-mprec.o)
 .ARM.attributes
                0x000006f0       0x34 c:/gnu/gnu_arm_embedded_toolchain/10-2020-q4-major/bin/../lib/gcc/arm-none-eabi/10.2.1/../../../../arm-none-eabi/lib/thumb/v7e-m+fp/hard\libc_nano.a(lib_a-nano-callocr.o)
 .ARM.attributes
                0x00000724       0x34 c:/gnu/gnu_arm_embedded_toolchain/10-2020-q4-major/bin/../lib/gcc/arm-none-eabi/10.2.1/../../../../arm-none-eabi/lib/thumb/v7e-m+fp/hard\libc_nano.a(lib_a-nano-freer.o)
 .ARM.attributes
                0x00000758       0x34 c:/gnu/gnu_arm_embedded_toolchain/10-2020-q4-major/bin/../lib/gcc/arm-none-eabi/10.2.1/../../../../arm-none-eabi/lib/thumb/v7e-m+fp/hard\libc_nano.a(lib_a-nano-mallocr.o)
 .ARM.attributes
                0x0000078c       0x34 c:/gnu/gnu_arm_embedded_toolchain/10-2020-q4-major/bin/../lib/gcc/arm-none-eabi/10.2.1/../../../../arm-none-eabi/lib/thumb/v7e-m+fp/hard\libc_nano.a(lib_a-nano-svfprintf.o)
 .ARM.attributes
                0x000007c0       0x34 c:/gnu/gnu_arm_embedded_toolchain/10-2020-q4-major/bin/../lib/gcc/arm-none-eabi/10.2.1/../../../../arm-none-eabi/lib/thumb/v7e-m+fp/hard\libc_nano.a(lib_a-sbrkr.o)
 .ARM.attributes
                0x000007f4       0x34 c:/gnu/gnu_arm_embedded_toolchain/10-2020-q4-major/bin/../lib/gcc/arm-none-eabi/10.2.1/../../../../arm-none-eabi/lib/thumb/v7e-m+fp/hard\libc_nano.a(lib_a-assert.o)
 .ARM.attributes
                0x00000828       0x34 c:/gnu/gnu_arm_embedded_toolchain/10-2020-q4-major/bin/../lib/gcc/arm-none-eabi/10.2.1/../../../../arm-none-eabi/lib/thumb/v7e-m+fp/hard\libc_nano.a(lib_a-fprintf.o)
 .ARM.attributes
                0x0000085c       0x34 c:/gnu/gnu_arm_embedded_toolchain/10-2020-q4-major/bin/../lib/gcc/arm-none-eabi/10.2.1/../../../../arm-none-eabi/lib/thumb/v7e-m+fp/hard\libc_nano.a(lib_a-locale.o)
 .ARM.attributes
                0x00000890       0x34 c:/gnu/gnu_arm_embedded_toolchain/10-2020-q4-major/bin/../lib/gcc/arm-none-eabi/10.2.1/../../../../arm-none-eabi/lib/thumb/v7e-m+fp/hard\libc_nano.a(lib_a-mbtowc_r.o)
 .ARM.attributes
                0x000008c4       0x34 c:/gnu/gnu_arm_embedded_toolchain/10-2020-q4-major/bin/../lib/gcc/arm-none-eabi/10.2.1/../../../../arm-none-eabi/lib/thumb/v7e-m+fp/hard\libc_nano.a(lib_a-memmove.o)
 .ARM.attributes
                0x000008f8       0x34 c:/gnu/gnu_arm_embedded_toolchain/10-2020-q4-major/bin/../lib/gcc/arm-none-eabi/10.2.1/../../../../arm-none-eabi/lib/thumb/v7e-m+fp/hard\libc_nano.a(lib_a-mlock.o)
 .ARM.attributes
                0x0000092c       0x34 c:/gnu/gnu_arm_embedded_toolchain/10-2020-q4-major/bin/../lib/gcc/arm-none-eabi/10.2.1/../../../../arm-none-eabi/lib/thumb/v7e-m+fp/hard\libc_nano.a(lib_a-nano-reallocr.o)
 .ARM.attributes
                0x00000960       0x34 c:/gnu/gnu_arm_embedded_toolchain/10-2020-q4-major/bin/../lib/gcc/arm-none-eabi/10.2.1/../../../../arm-none-eabi/lib/thumb/v7e-m+fp/hard\libc_nano.a(lib_a-nano-vfprintf.o)
 .ARM.attributes
                0x00000994       0x34 c:/gnu/gnu_arm_embedded_toolchain/10-2020-q4-major/bin/../lib/gcc/arm-none-eabi/10.2.1/../../../../arm-none-eabi/lib/thumb/v7e-m+fp/hard\libc_nano.a(lib_a-reent.o)
 .ARM.attributes
                0x000009c8       0x34 c:/gnu/gnu_arm_embedded_toolchain/10-2020-q4-major/bin/../lib/gcc/arm-none-eabi/10.2.1/../../../../arm-none-eabi/lib/thumb/v7e-m+fp/hard\libc_nano.a(lib_a-wbuf.o)
 .ARM.attributes
                0x000009fc       0x34 c:/gnu/gnu_arm_embedded_toolchain/10-2020-q4-major/bin/../lib/gcc/arm-none-eabi/10.2.1/../../../../arm-none-eabi/lib/thumb/v7e-m+fp/hard\libc_nano.a(lib_a-wctomb_r.o)
 .ARM.attributes
                0x00000a30       0x34 c:/gnu/gnu_arm_embedded_toolchain/10-2020-q4-major/bin/../lib/gcc/arm-none-eabi/10.2.1/../../../../arm-none-eabi/lib/thumb/v7e-m+fp/hard\libc_nano.a(lib_a-wsetup.o)
 .ARM.attributes
                0x00000a64       0x34 c:/gnu/gnu_arm_embedded_toolchain/10-2020-q4-major/bin/../lib/gcc/arm-none-eabi/10.2.1/../../../../arm-none-eabi/lib/thumb/v7e-m+fp/hard\libc_nano.a(lib_a-abort.o)
 .ARM.attributes
                0x00000a98       0x32 c:/gnu/gnu_arm_embedded_toolchain/10-2020-q4-major/bin/../lib/gcc/arm-none-eabi/10.2.1/../../../../arm-none-eabi/lib/thumb/v7e-m+fp/hard\libc_nano.a(lib_a-ctype_.o)
 .ARM.attributes
                0x00000aca       0x34 c:/gnu/gnu_arm_embedded_toolchain/10-2020-q4-major/bin/../lib/gcc/arm-none-eabi/10.2.1/../../../../arm-none-eabi/lib/thumb/v7e-m+fp/hard\libc_nano.a(lib_a-fflush.o)
 .ARM.attributes
                0x00000afe       0x34 c:/gnu/gnu_arm_embedded_toolchain/10-2020-q4-major/bin/../lib/gcc/arm-none-eabi/10.2.1/../../../../arm-none-eabi/lib/thumb/v7e-m+fp/hard\libc_nano.a(lib_a-findfp.o)
 .ARM.attributes
                0x00000b32       0x34 c:/gnu/gnu_arm_embedded_toolchain/10-2020-q4-major/bin/../lib/gcc/arm-none-eabi/10.2.1/../../../../arm-none-eabi/lib/thumb/v7e-m+fp/hard\libc_nano.a(lib_a-fwalk.o)
 .ARM.attributes
                0x00000b66       0x34 c:/gnu/gnu_arm_embedded_toolchain/10-2020-q4-major/bin/../lib/gcc/arm-none-eabi/10.2.1/../../../../arm-none-eabi/lib/thumb/v7e-m+fp/hard\libc_nano.a(lib_a-lock.o)
 .ARM.attributes
                0x00000b9a       0x34 c:/gnu/gnu_arm_embedded_toolchain/10-2020-q4-major/bin/../lib/gcc/arm-none-eabi/10.2.1/../../../../arm-none-eabi/lib/thumb/v7e-m+fp/hard\libc_nano.a(lib_a-makebuf.o)
 .ARM.attributes
                0x00000bce       0x34 c:/gnu/gnu_arm_embedded_toolchain/10-2020-q4-major/bin/../lib/gcc/arm-none-eabi/10.2.1/../../../../arm-none-eabi/lib/thumb/v7e-m+fp/hard\libc_nano.a(lib_a-nano-msizer.o)
 .ARM.attributes
                0x00000c02       0x34 c:/gnu/gnu_arm_embedded_toolchain/10-2020-q4-major/bin/../lib/gcc/arm-none-eabi/10.2.1/../../../../arm-none-eabi/lib/thumb/v7e-m+fp/hard\libc_nano.a(lib_a-signal.o)
 .ARM.attributes
                0x00000c36       0x34 c:/gnu/gnu_arm_embedded_toolchain/10-2020-q4-major/bin/../lib/gcc/arm-none-eabi/10.2.1/../../../../arm-none-eabi/lib/thumb/v7e-m+fp/hard\libc_nano.a(lib_a-signalr.o)
 .ARM.attributes
                0x00000c6a       0x34 c:/gnu/gnu_arm_embedded_toolchain/10-2020-q4-major/bin/../lib/gcc/arm-none-eabi/10.2.1/../../../../arm-none-eabi/lib/thumb/v7e-m+fp/hard\libc_nano.a(lib_a-stdio.o)
 .ARM.attributes
                0x00000c9e       0x34 c:/gnu/gnu_arm_embedded_toolchain/10-2020-q4-major/bin/../lib/gcc/arm-none-eabi/10.2.1/../../../../arm-none-eabi/lib/thumb/v7e-m+fp/hard\libc_nano.a(lib_a-writer.o)
 .ARM.attributes
                0x00000cd2       0x34 c:/gnu/gnu_arm_embedded_toolchain/10-2020-q4-major/bin/../lib/gcc/arm-none-eabi/10.2.1/../../../../arm-none-eabi/lib/thumb/v7e-m+fp/hard\libc_nano.a(lib_a-closer.o)
 .ARM.attributes
                0x00000d06       0x34 c:/gnu/gnu_arm_embedded_toolchain/10-2020-q4-major/bin/../lib/gcc/arm-none-eabi/10.2.1/../../../../arm-none-eabi/lib/thumb/v7e-m+fp/hard\libc_nano.a(lib_a-fstatr.o)
 .ARM.attributes
                0x00000d3a       0x34 c:/gnu/gnu_arm_embedded_toolchain/10-2020-q4-major/bin/../lib/gcc/arm-none-eabi/10.2.1/../../../../arm-none-eabi/lib/thumb/v7e-m+fp/hard\libc_nano.a(lib_a-isattyr.o)
 .ARM.attributes
                0x00000d6e       0x34 c:/gnu/gnu_arm_embedded_toolchain/10-2020-q4-major/bin/../lib/gcc/arm-none-eabi/10.2.1/../../../../arm-none-eabi/lib/thumb/v7e-m+fp/hard\libc_nano.a(lib_a-lseekr.o)
 .ARM.attributes
                0x00000da2       0x34 c:/gnu/gnu_arm_embedded_toolchain/10-2020-q4-major/bin/../lib/gcc/arm-none-eabi/10.2.1/../../../../arm-none-eabi/lib/thumb/v7e-m+fp/hard\libc_nano.a(lib_a-readr.o)
 .ARM.attributes
                0x00000dd6       0x34 c:/gnu/gnu_arm_embedded_toolchain/10-2020-q4-major/bin/../lib/gcc/arm-none-eabi/10.2.1/../../../../arm-none-eabi/lib/thumb/v7e-m+fp/hard\libnosys.a(close.o)
 .ARM.attributes
                0x00000e0a       0x34 c:/gnu/gnu_arm_embedded_toolchain/10-2020-q4-major/bin/../lib/gcc/arm-none-eabi/10.2.1/../../../../arm-none-eabi/lib/thumb/v7e-m+fp/hard\libnosys.a(fstat.o)
 .ARM.attributes
                0x00000e3e       0x34 c:/gnu/gnu_arm_embedded_toolchain/10-2020-q4-major/bin/../lib/gcc/arm-none-eabi/10.2.1/../../../../arm-none-eabi/lib/thumb/v7e-m+fp/hard\libnosys.a(getpid.o)
 .ARM.attributes
                0x00000e72       0x34 c:/gnu/gnu_arm_embedded_toolchain/10-2020-q4-major/bin/../lib/gcc/arm-none-eabi/10.2.1/../../../../arm-none-eabi/lib/thumb/v7e-m+fp/hard\libnosys.a(isatty.o)
 .ARM.attributes
                0x00000ea6       0x34 c:/gnu/gnu_arm_embedded_toolchain/10-2020-q4-major/bin/../lib/gcc/arm-none-eabi/10.2.1/../../../../arm-none-eabi/lib/thumb/v7e-m+fp/hard\libnosys.a(kill.o)
 .ARM.attributes
                0x00000eda       0x34 c:/gnu/gnu_arm_embedded_toolchain/10-2020-q4-major/bin/../lib/gcc/arm-none-eabi/10.2.1/../../../../arm-none-eabi/lib/thumb/v7e-m+fp/hard\libnosys.a(lseek.o)
 .ARM.attributes
                0x00000f0e       0x34 c:/gnu/gnu_arm_embedded_toolchain/10-2020-q4-major/bin/../lib/gcc/arm-none-eabi/10.2.1/../../../../arm-none-eabi/lib/thumb/v7e-m+fp/hard\libnosys.a(read.o)
 .ARM.attributes
                0x00000f42       0x34 c:/gnu/gnu_arm_embedded_toolchain/10-2020-q4-major/bin/../lib/gcc/arm-none-eabi/10.2.1/../../../../arm-none-eabi/lib/thumb/v7e-m+fp/hard\libnosys.a(sbrk.o)
 .ARM.attributes
                0x00000f76       0x34 c:/gnu/gnu_arm_embedded_toolchain/10-2020-q4-major/bin/../lib/gcc/arm-none-eabi/10.2.1/../../../../arm-none-eabi/lib/thumb/v7e-m+fp/hard\libnosys.a(write.o)
 .ARM.attributes
                0x00000faa       0x34 c:/gnu/gnu_arm_embedded_toolchain/10-2020-q4-major/bin/../lib/gcc/arm-none-eabi/10.2.1/../../../../arm-none-eabi/lib/thumb/v7e-m+fp/hard\libnosys.a(_exit.o)
 .ARM.attributes
                0x00000fde       0x1e c:/gnu/gnu_arm_embedded_toolchain/10-2020-q4-major/bin/../lib/gcc/arm-none-eabi/10.2.1/thumb/v7e-m+fp/hard\libgcc.a(_arm_addsubdf3.o)
 .ARM.attributes
                0x00000ffc       0x1e c:/gnu/gnu_arm_embedded_toolchain/10-2020-q4-major/bin/../lib/gcc/arm-none-eabi/10.2.1/thumb/v7e-m+fp/hard\libgcc.a(_arm_muldivdf3.o)
 .ARM.attributes
                0x0000101a       0x1e c:/gnu/gnu_arm_embedded_toolchain/10-2020-q4-major/bin/../lib/gcc/arm-none-eabi/10.2.1/thumb/v7e-m+fp/hard\libgcc.a(_arm_cmpdf2.o)
 .ARM.attributes
                0x00001038       0x1e c:/gnu/gnu_arm_embedded_toolchain/10-2020-q4-major/bin/../lib/gcc/arm-none-eabi/10.2.1/thumb/v7e-m+fp/hard\libgcc.a(_arm_unorddf2.o)
 .ARM.attributes
                0x00001056       0x1e c:/gnu/gnu_arm_embedded_toolchain/10-2020-q4-major/bin/../lib/gcc/arm-none-eabi/10.2.1/thumb/v7e-m+fp/hard\libgcc.a(_arm_fixdfsi.o)
 .ARM.attributes
                0x00001074       0x1e c:/gnu/gnu_arm_embedded_toolchain/10-2020-q4-major/bin/../lib/gcc/arm-none-eabi/10.2.1/thumb/v7e-m+fp/hard\libgcc.a(_aeabi_uldivmod.o)
 .ARM.attributes
                0x00001092       0x34 c:/gnu/gnu_arm_embedded_toolchain/10-2020-q4-major/bin/../lib/gcc/arm-none-eabi/10.2.1/thumb/v7e-m+fp/hard\libgcc.a(_udivmoddi4.o)
 .ARM.attributes
                0x000010c6       0x1e c:/gnu/gnu_arm_embedded_toolchain/10-2020-q4-major/bin/../lib/gcc/arm-none-eabi/10.2.1/thumb/v7e-m+fp/hard\libgcc.a(_dvmd_tls.o)
 .ARM.attributes
                0x000010e4       0x1e c:/gnu/gnu_arm_embedded_toolchain/10-2020-q4-major/bin/../lib/gcc/arm-none-eabi/10.2.1/thumb/v7e-m+fp/hard/crtn.o
OUTPUT(build/AccelerometerReader.elf elf32-littlearm)
LOAD linker stubs
LOAD c:/gnu/gnu_arm_embedded_toolchain/10-2020-q4-major/bin/../lib/gcc/arm-none-eabi/10.2.1/../../../../arm-none-eabi/lib/thumb/v7e-m+fp/hard\libc.a
LOAD c:/gnu/gnu_arm_embedded_toolchain/10-2020-q4-major/bin/../lib/gcc/arm-none-eabi/10.2.1/../../../../arm-none-eabi/lib/thumb/v7e-m+fp/hard\libm.a
LOAD c:/gnu/gnu_arm_embedded_toolchain/10-2020-q4-major/bin/../lib/gcc/arm-none-eabi/10.2.1/thumb/v7e-m+fp/hard\libgcc.a

.debug_info     0x00000000    0x1630f
 .debug_info    0x00000000     0x18d1 build/main.o
 .debug_info    0x000018d1      0x5c8 build/gpio.o
 .debug_info    0x00001e99      0xba2 build/i2c.o
 .debug_info    0x00002a3b      0xb59 build/usart.o
 .debug_info    0x00003594      0x845 build/stm32f4xx_it.o
 .debug_info    0x00003dd9      0x355 build/stm32f4xx_hal_msp.o
 .debug_info    0x0000412e     0x3b16 build/stm32f4xx_hal_i2c.o
 .debug_info    0x00007c44      0xc39 build/stm32f4xx_hal_rcc.o
 .debug_info    0x0000887d      0xdc5 build/stm32f4xx_hal_rcc_ex.o
 .debug_info    0x00009642      0x8ac build/stm32f4xx_hal_gpio.o
 .debug_info    0x00009eee      0xbd1 build/stm32f4xx_hal_dma.o
 .debug_info    0x0000aabf     0x1192 build/stm32f4xx_hal_cortex.o
 .debug_info    0x0000bc51      0xb31 build/stm32f4xx_hal.o
 .debug_info    0x0000c782     0x3e13 build/stm32f4xx_hal_tim.o
 .debug_info    0x00010595     0x1bc2 build/stm32f4xx_hal_tim_ex.o
 .debug_info    0x00012157     0x1e89 build/stm32f4xx_hal_uart.o
 .debug_info    0x00013fe0      0x5f7 build/system_stm32f4xx.o
 .debug_info    0x000145d7      0xa7a build/adxl345.o
 .debug_info    0x00015051      0x5a7 build/dma.o
 .debug_info    0x000155f8      0xcf5 build/tim.o
 .debug_info    0x000162ed       0x22 build/startup_stm32f446xx.o

.debug_abbrev   0x00000000     0x2b96
 .debug_abbrev  0x00000000      0x353 build/main.o
 .debug_abbrev  0x00000353      0x151 build/gpio.o
 .debug_abbrev  0x000004a4      0x1d7 build/i2c.o
 .debug_abbrev  0x0000067b      0x1df build/usart.o
 .debug_abbrev  0x0000085a      0x190 build/stm32f4xx_it.o
 .debug_abbrev  0x000009ea       0xf7 build/stm32f4xx_hal_msp.o
 .debug_abbrev  0x00000ae1      0x2f3 build/stm32f4xx_hal_i2c.o
 .debug_abbrev  0x00000dd4      0x2aa build/stm32f4xx_hal_rcc.o
 .debug_abbrev  0x0000107e      0x240 build/stm32f4xx_hal_rcc_ex.o
 .debug_abbrev  0x000012be      0x22b build/stm32f4xx_hal_gpio.o
 .debug_abbrev  0x000014e9      0x2ff build/stm32f4xx_hal_dma.o
 .debug_abbrev  0x000017e8      0x382 build/stm32f4xx_hal_cortex.o
 .debug_abbrev  0x00001b6a      0x209 build/stm32f4xx_hal.o
 .debug_abbrev  0x00001d73      0x282 build/stm32f4xx_hal_tim.o
 .debug_abbrev  0x00001ff5      0x298 build/stm32f4xx_hal_tim_ex.o
 .debug_abbrev  0x0000228d      0x2cd build/stm32f4xx_hal_uart.o
 .debug_abbrev  0x0000255a      0x11b build/system_stm32f4xx.o
 .debug_abbrev  0x00002675      0x204 build/adxl345.o
 .debug_abbrev  0x00002879      0x129 build/dma.o
 .debug_abbrev  0x000029a2      0x1e2 build/tim.o
 .debug_abbrev  0x00002b84       0x12 build/startup_stm32f446xx.o

.debug_loc      0x00000000    0x124ec
 .debug_loc     0x00000000      0x297 build/main.o
 .debug_loc     0x00000297       0x39 build/gpio.o
 .debug_loc     0x000002d0       0xeb build/i2c.o
 .debug_loc     0x000003bb       0xf5 build/usart.o
 .debug_loc     0x000004b0       0x60 build/stm32f4xx_it.o
 .debug_loc     0x00000510       0x38 build/stm32f4xx_hal_msp.o
 .debug_loc     0x00000548     0x4d58 build/stm32f4xx_hal_i2c.o
 .debug_loc     0x000052a0      0x6e4 build/stm32f4xx_hal_rcc.o
 .debug_loc     0x00005984     0x100b build/stm32f4xx_hal_rcc_ex.o
 .debug_loc     0x0000698f      0x5e8 build/stm32f4xx_hal_gpio.o
 .debug_loc     0x00006f77      0xd6d build/stm32f4xx_hal_dma.o
 .debug_loc     0x00007ce4      0x7a4 build/stm32f4xx_hal_cortex.o
 .debug_loc     0x00008488      0x1e1 build/stm32f4xx_hal.o
 .debug_loc     0x00008669     0x532d build/stm32f4xx_hal_tim.o
 .debug_loc     0x0000d996     0x1f8f build/stm32f4xx_hal_tim_ex.o
 .debug_loc     0x0000f925     0x265b build/stm32f4xx_hal_uart.o
 .debug_loc     0x00011f80      0x158 build/system_stm32f4xx.o
 .debug_loc     0x000120d8      0x2fd build/adxl345.o
 .debug_loc     0x000123d5       0x38 build/dma.o
 .debug_loc     0x0001240d       0xdf build/tim.o

.debug_aranges  0x00000000      0xf90
 .debug_aranges
                0x00000000       0x40 build/main.o
 .debug_aranges
                0x00000040       0x20 build/gpio.o
 .debug_aranges
                0x00000060       0x30 build/i2c.o
 .debug_aranges
                0x00000090       0x30 build/usart.o
 .debug_aranges
                0x000000c0       0x70 build/stm32f4xx_it.o
 .debug_aranges
                0x00000130       0x20 build/stm32f4xx_hal_msp.o
 .debug_aranges
                0x00000150      0x2a0 build/stm32f4xx_hal_i2c.o
 .debug_aranges
                0x000003f0       0x88 build/stm32f4xx_hal_rcc.o
 .debug_aranges
                0x00000478       0x78 build/stm32f4xx_hal_rcc_ex.o
 .debug_aranges
                0x000004f0       0x58 build/stm32f4xx_hal_gpio.o
 .debug_aranges
                0x00000548       0x90 build/stm32f4xx_hal_dma.o
 .debug_aranges
                0x000005d8       0xa8 build/stm32f4xx_hal_cortex.o
 .debug_aranges
                0x00000680       0xf0 build/stm32f4xx_hal.o
 .debug_aranges
                0x00000770      0x3d0 build/stm32f4xx_hal_tim.o
 .debug_aranges
                0x00000b40      0x168 build/stm32f4xx_hal_tim_ex.o
 .debug_aranges
                0x00000ca8      0x200 build/stm32f4xx_hal_uart.o
 .debug_aranges
                0x00000ea8       0x28 build/system_stm32f4xx.o
 .debug_aranges
                0x00000ed0       0x48 build/adxl345.o
 .debug_aranges
                0x00000f18       0x20 build/dma.o
 .debug_aranges
                0x00000f38       0x30 build/tim.o
 .debug_aranges
                0x00000f68       0x28 build/startup_stm32f446xx.o

.debug_ranges   0x00000000      0xf08
 .debug_ranges  0x00000000       0x48 build/main.o
 .debug_ranges  0x00000048       0x10 build/gpio.o
 .debug_ranges  0x00000058       0x20 build/i2c.o
 .debug_ranges  0x00000078       0x20 build/usart.o
 .debug_ranges  0x00000098       0x60 build/stm32f4xx_it.o
 .debug_ranges  0x000000f8       0x10 build/stm32f4xx_hal_msp.o
 .debug_ranges  0x00000108      0x2a8 build/stm32f4xx_hal_i2c.o
 .debug_ranges  0x000003b0       0x90 build/stm32f4xx_hal_rcc.o
 .debug_ranges  0x00000440       0x80 build/stm32f4xx_hal_rcc_ex.o
 .debug_ranges  0x000004c0       0x48 build/stm32f4xx_hal_gpio.o
 .debug_ranges  0x00000508       0x80 build/stm32f4xx_hal_dma.o
 .debug_ranges  0x00000588       0xf8 build/stm32f4xx_hal_cortex.o
 .debug_ranges  0x00000680       0xe0 build/stm32f4xx_hal.o
 .debug_ranges  0x00000760      0x3c0 build/stm32f4xx_hal_tim.o
 .debug_ranges  0x00000b20      0x158 build/stm32f4xx_hal_tim_ex.o
 .debug_ranges  0x00000c78      0x1f0 build/stm32f4xx_hal_uart.o
 .debug_ranges  0x00000e68       0x18 build/system_stm32f4xx.o
 .debug_ranges  0x00000e80       0x38 build/adxl345.o
 .debug_ranges  0x00000eb8       0x10 build/dma.o
 .debug_ranges  0x00000ec8       0x20 build/tim.o
 .debug_ranges  0x00000ee8       0x20 build/startup_stm32f446xx.o

.debug_line     0x00000000    0x13583
 .debug_line    0x00000000      0x714 build/main.o
 .debug_line    0x00000714      0x23f build/gpio.o
 .debug_line    0x00000953      0x2cd build/i2c.o
 .debug_line    0x00000c20      0x32a build/usart.o
 .debug_line    0x00000f4a      0x2e8 build/stm32f4xx_it.o
 .debug_line    0x00001232      0x197 build/stm32f4xx_hal_msp.o
 .debug_line    0x000013c9     0x52e4 build/stm32f4xx_hal_i2c.o
 .debug_line    0x000066ad      0xb17 build/stm32f4xx_hal_rcc.o
 .debug_line    0x000071c4     0x138e build/stm32f4xx_hal_rcc_ex.o
 .debug_line    0x00008552      0x6d7 build/stm32f4xx_hal_gpio.o
 .debug_line    0x00008c29      0xe03 build/stm32f4xx_hal_dma.o
 .debug_line    0x00009a2c      0x778 build/stm32f4xx_hal_cortex.o
 .debug_line    0x0000a1a4      0x565 build/stm32f4xx_hal.o
 .debug_line    0x0000a709     0x47d1 build/stm32f4xx_hal_tim.o
 .debug_line    0x0000eeda     0x1c49 build/stm32f4xx_hal_tim_ex.o
 .debug_line    0x00010b23     0x20bc build/stm32f4xx_hal_uart.o
 .debug_line    0x00012bdf      0x250 build/system_stm32f4xx.o
 .debug_line    0x00012e2f      0x2dc build/adxl345.o
 .debug_line    0x0001310b      0x183 build/dma.o
 .debug_line    0x0001328e      0x27f build/tim.o
 .debug_line    0x0001350d       0x76 build/startup_stm32f446xx.o

.debug_str      0x00000000     0x4b05
 .debug_str     0x00000000      0xf14 build/main.o
                               0x103b (size before relaxing)
 .debug_str     0x00000f14       0x7c build/gpio.o
                                0x376 (size before relaxing)
 .debug_str     0x00000f90       0x58 build/i2c.o
                                0x8a7 (size before relaxing)
 .debug_str     0x00000fe8       0x79 build/usart.o
                                0x831 (size before relaxing)
 .debug_str     0x00001061      0x10b build/stm32f4xx_it.o
                                0x7b6 (size before relaxing)
 .debug_str     0x0000116c       0x46 build/stm32f4xx_hal_msp.o
                                0x2e2 (size before relaxing)
 .debug_str     0x000011b2      0x91c build/stm32f4xx_hal_i2c.o
                               0x101a (size before relaxing)
 .debug_str     0x00001ace      0x1ed build/stm32f4xx_hal_rcc.o
                                0x715 (size before relaxing)
 .debug_str     0x00001cbb      0x344 build/stm32f4xx_hal_rcc_ex.o
                                0x7fc (size before relaxing)
 .debug_str     0x00001fff      0x112 build/stm32f4xx_hal_gpio.o
                                0x4ea (size before relaxing)
 .debug_str     0x00002111      0x298 build/stm32f4xx_hal_dma.o
                                0x75b (size before relaxing)
 .debug_str     0x000023a9      0xa09 build/stm32f4xx_hal_cortex.o
                                0xc52 (size before relaxing)
 .debug_str     0x00002db2      0x295 build/stm32f4xx_hal.o
                                0xba5 (size before relaxing)
 .debug_str     0x00003047      0xeb0 build/stm32f4xx_hal_tim.o
                               0x1697 (size before relaxing)
 .debug_str     0x00003ef7      0x591 build/stm32f4xx_hal_tim_ex.o
                                0xe98 (size before relaxing)
 .debug_str     0x00004488      0x58e build/stm32f4xx_hal_uart.o
                                0xd1a (size before relaxing)
 .debug_str     0x00004a16       0x47 build/system_stm32f4xx.o
                                0x37f (size before relaxing)
 .debug_str     0x00004a5d       0x57 build/adxl345.o
                                0x79e (size before relaxing)
 .debug_str     0x00004ab4        0xf build/dma.o
                                0x80e (size before relaxing)
 .debug_str     0x00004ac3       0x1e build/tim.o
                                0xdcd (size before relaxing)
 .debug_str     0x00004ae1       0x24 build/startup_stm32f446xx.o
                                 0x4f (size before relaxing)

.comment        0x00000000       0x4d
 .comment       0x00000000       0x4d build/main.o
                                 0x4e (size before relaxing)
 .comment       0x0000004d       0x4e build/gpio.o
 .comment       0x0000004d       0x4e build/i2c.o
 .comment       0x0000004d       0x4e build/usart.o
 .comment       0x0000004d       0x4e build/stm32f4xx_it.o
 .comment       0x0000004d       0x4e build/stm32f4xx_hal_msp.o
 .comment       0x0000004d       0x4e build/stm32f4xx_hal_i2c.o
 .comment       0x0000004d       0x4e build/stm32f4xx_hal_rcc.o
 .comment       0x0000004d       0x4e build/stm32f4xx_hal_rcc_ex.o
 .comment       0x0000004d       0x4e build/stm32f4xx_hal_gpio.o
 .comment       0x0000004d       0x4e build/stm32f4xx_hal_dma.o
 .comment       0x0000004d       0x4e build/stm32f4xx_hal_cortex.o
 .comment       0x0000004d       0x4e build/stm32f4xx_hal.o
 .comment       0x0000004d       0x4e build/stm32f4xx_hal_tim.o
 .comment       0x0000004d       0x4e build/stm32f4xx_hal_tim_ex.o
 .comment       0x0000004d       0x4e build/stm32f4xx_hal_uart.o
 .comment       0x0000004d       0x4e build/system_stm32f4xx.o
 .comment       0x0000004d       0x4e build/adxl345.o
 .comment       0x0000004d       0x4e build/dma.o
 .comment       0x0000004d       0x4e build/tim.o

.debug_frame    0x00000000     0x3dfc
 .debug_frame   0x00000000       0x8c build/main.o
 .debug_frame   0x0000008c       0x34 build/gpio.o
 .debug_frame   0x000000c0       0x64 build/i2c.o
 .debug_frame   0x00000124       0x64 build/usart.o
 .debug_frame   0x00000188       0xd8 build/stm32f4xx_it.o
 .debug_frame   0x00000260       0x2c build/stm32f4xx_hal_msp.o
 .debug_frame   0x0000028c      0x968 build/stm32f4xx_hal_i2c.o
 .debug_frame   0x00000bf4      0x16c build/stm32f4xx_hal_rcc.o
 .debug_frame   0x00000d60      0x14c build/stm32f4xx_hal_rcc_ex.o
 .debug_frame   0x00000eac       0xd8 build/stm32f4xx_hal_gpio.o
 .debug_frame   0x00000f84      0x188 build/stm32f4xx_hal_dma.o
 .debug_frame   0x0000110c      0x148 build/stm32f4xx_hal_cortex.o
 .debug_frame   0x00001254      0x1ec build/stm32f4xx_hal.o
 .debug_frame   0x00001440      0xb08 build/stm32f4xx_hal_tim.o
 .debug_frame   0x00001f48      0x40c build/stm32f4xx_hal_tim_ex.o
 .debug_frame   0x00002354      0x5c4 build/stm32f4xx_hal_uart.o
 .debug_frame   0x00002918       0x30 build/system_stm32f4xx.o
 .debug_frame   0x00002948       0xa8 build/adxl345.o
 .debug_frame   0x000029f0       0x2c build/dma.o
 .debug_frame   0x00002a1c       0x5c build/tim.o
 .debug_frame   0x00002a78       0x2c c:/gnu/gnu_arm_embedded_toolchain/10-2020-q4-major/bin/../lib/gcc/arm-none-eabi/10.2.1/../../../../arm-none-eabi/lib/thumb/v7e-m+fp/hard\libc_nano.a(lib_a-init.o)