Archive member included to satisfy reference by file (symbol)

c:/gnu/gnu_arm_embedded_toolchain/10-2020-q4-major/bin/../lib/gcc/arm-none-eabi/10.2.1/../../../../arm-none-eabi/lib/thumb/v7e-m+fp/hard\libc_nano.a(lib_a-exit.o)
                              c:/gnu/gnu_arm_embedded_toolchain/10-2020-q4-major/bin/../lib/gcc/arm-none-eabi/10.2.1/../../../../arm-none-eabi/lib/thumb/v7e-m+fp/hard/crt0.o (exit)
c:/gnu/gnu_arm_embedded_toolchain/10-2020-q4-major/bin/../lib/gcc/arm-none-eabi/10.2.1/../../../../arm-none-eabi/lib/thumb/v7e-m+fp/hard\libc_nano.a(lib_a-impure.o)
                              c:/gnu/gnu_arm_embedded_toolchain/10-2020-q4-major/bin/../lib/gcc/arm-none-eabi/10.2.1/../../../../arm-none-eabi/lib/thumb/v7e-m+fp/hard\libc_nano.a(lib_a-exit.o) (_global_impure_ptr)
c:/gnu/gnu_arm_embedded_toolchain/10-2020-q4-major/bin/../lib/gcc/arm-none-eabi/10.2.1/../../../../arm-none-eabi/lib/thumb/v7e-m+fp/hard\libc_nano.a(lib_a-init.o)
                              c:/gnu/gnu_arm_embedded_toolchain/10-2020-q4-major/bin/../lib/gcc/arm-none-eabi/10.2.1/../../../../arm-none-eabi/lib/thumb/v7e-m+fp/hard/crt0.o (__libc_init_array)
c:/gnu/gnu_arm_embedded_toolchain/10-2020-q4-major/bin/../lib/gcc/arm-none-eabi/10.2.1/../../../../arm-none-eabi/lib/thumb/v7e-m+fp/hard\libc_nano.a(lib_a-memset.o)
                              c:/gnu/gnu_arm_embedded_toolchain/10-2020-q4-major/bin/../lib/gcc/arm-none-eabi/10.2.1/../../../../arm-none-eabi/lib/thumb/v7e-m+fp/hard/crt0.o (memset)
c:/gnu/gnu_arm_embedded_toolchain/10-2020-q4-major/bin/../lib/gcc/arm-none-eabi/10.2.1/../../../../arm-none-eabi/lib/thumb/v7e-m+fp/hard\libc_nano.a(lib_a-nano-vfprintf_float.o)
                              (_printf_float)
c:/gnu/gnu_arm_embedded_toolchain/10-2020-q4-major/bin/../lib/gcc/arm-none-eabi/10.2.1/../../../../arm-none-eabi/lib/thumb/v7e-m+fp/hard\libc_nano.a(lib_a-nano-vfprintf_i.o)
                              c:/gnu/gnu_arm_embedded_toolchain/10-2020-q4-major/bin/../lib/gcc/arm-none-eabi/10.2.1/../../../../arm-none-eabi/lib/thumb/v7e-m+fp/hard\libc_nano.a(lib_a-nano-vfprintf_float.o) (_printf_common)
c:/gnu/gnu_arm_embedded_toolchain/10-2020-q4-major/bin/../lib/gcc/arm-none-eabi/10.2.1/../../../../arm-none-eabi/lib/thumb/v7e-m+fp/hard\libc_nano.a(lib_a-sprintf.o)
                              build/main.o (sprintf)
c:/gnu/gnu_arm_embedded_toolchain/10-2020-q4-major/bin/../lib/gcc/arm-none-eabi/10.2.1/../../../../arm-none-eabi/lib/thumb/v7e-m+fp/hard\libc_nano.a(lib_a-strlen.o)
                              c:/gnu/gnu_arm_embedded_toolchain/10-2020-q4-major/bin/../lib/gcc/arm-none-eabi/10.2.1/../../../../arm-none-eabi/lib/thumb/v7e-m+fp/hard\libc_nano.a(lib_a-nano-vfprintf_float.o) (strlen)
c:/gnu/gnu_arm_embedded_toolchain/10-2020-q4-major/bin/../lib/gcc/arm-none-eabi/10.2.1/../../../../arm-none-eabi/lib/thumb/v7e-m+fp/hard\libc_nano.a(lib_a-dtoa.o)
                              c:/gnu/gnu_arm_embedded_toolchain/10-2020-q4-major/bin/../lib/gcc/arm-none-eabi/10.2.1/../../../../arm-none-eabi/lib/thumb/v7e-m+fp/hard\libc_nano.a(lib_a-nano-vfprintf_float.o) (_dtoa_r)
c:/gnu/gnu_arm_embedded_toolchain/10-2020-q4-major/bin/../lib/gcc/arm-none-eabi/10.2.1/../../../../arm-none-eabi/lib/thumb/v7e-m+fp/hard\libc_nano.a(lib_a-localeconv.o)
                              c:/gnu/gnu_arm_embedded_toolchain/10-2020-q4-major/bin/../lib/gcc/arm-none-eabi/10.2.1/../../../../arm-none-eabi/lib/thumb/v7e-m+fp/hard\libc_nano.a(lib_a-nano-vfprintf_float.o) (_localeconv_r)
c:/gnu/gnu_arm_embedded_toolchain/10-2020-q4-major/bin/../lib/gcc/arm-none-eabi/10.2.1/../../../../arm-none-eabi/lib/thumb/v7e-m+fp/hard\libc_nano.a(lib_a-malloc.o)
                              c:/gnu/gnu_arm_embedded_toolchain/10-2020-q4-major/bin/../lib/gcc/arm-none-eabi/10.2.1/../../../../arm-none-eabi/lib/thumb/v7e-m+fp/hard\libc_nano.a(lib_a-dtoa.o) (malloc)
c:/gnu/gnu_arm_embedded_toolchain/10-2020-q4-major/bin/../lib/gcc/arm-none-eabi/10.2.1/../../../../arm-none-eabi/lib/thumb/v7e-m+fp/hard\libc_nano.a(lib_a-memchr.o)
                              c:/gnu/gnu_arm_embedded_toolchain/10-2020-q4-major/bin/../lib/gcc/arm-none-eabi/10.2.1/../../../../arm-none-eabi/lib/thumb/v7e-m+fp/hard\libc_nano.a(lib_a-nano-vfprintf_i.o) (memchr)
c:/gnu/gnu_arm_embedded_toolchain/10-2020-q4-major/bin/../lib/gcc/arm-none-eabi/10.2.1/../../../../arm-none-eabi/lib/thumb/v7e-m+fp/hard\libc_nano.a(lib_a-memcpy-stub.o)
                              c:/gnu/gnu_arm_embedded_toolchain/10-2020-q4-major/bin/../lib/gcc/arm-none-eabi/10.2.1/../../../../arm-none-eabi/lib/thumb/v7e-m+fp/hard\libc_nano.a(lib_a-dtoa.o) (memcpy)
c:/gnu/gnu_arm_embedded_toolchain/10-2020-q4-major/bin/../lib/gcc/arm-none-eabi/10.2.1/../../../../arm-none-eabi/lib/thumb/v7e-m+fp/hard\libc_nano.a(lib_a-mprec.o)
                              c:/gnu/gnu_arm_embedded_toolchain/10-2020-q4-major/bin/../lib/gcc/arm-none-eabi/10.2.1/../../../../arm-none-eabi/lib/thumb/v7e-m+fp/hard\libc_nano.a(lib_a-dtoa.o) (_Balloc)
[...]
Memory Configuration

Name             Origin             Length             Attributes
RAM              0x20000000         0x00020000         xrw
FLASH            0x08000000         0x00080000         xr
*default*        0x00000000         0xffffffff

Linker script and memory map

LOAD c:/gnu/gnu_arm_embedded_toolchain/10-2020-q4-major/bin/../lib/gcc/arm-none-eabi/10.2.1/thumb/v7e-m+fp/hard/crti.o
LOAD c:/gnu/gnu_arm_embedded_toolchain/10-2020-q4-major/bin/../lib/gcc/arm-none-eabi/10.2.1/thumb/v7e-m+fp/hard/crtbegin.o
LOAD c:/gnu/gnu_arm_embedded_toolchain/10-2020-q4-major/bin/../lib/gcc/arm-none-eabi/10.2.1/../../../../arm-none-eabi/lib/thumb/v7e-m+fp/hard/crt0.o
LOAD build/main.o
LOAD build/gpio.o
LOAD build/i2c.o
LOAD build/usart.o
LOAD build/stm32f4xx_it.o
LOAD build/stm32f4xx_hal_msp.o
LOAD build/stm32f4xx_hal_i2c.o
LOAD build/stm32f4xx_hal_i2c_ex.o
LOAD build/stm32f4xx_hal_rcc.o
LOAD build/stm32f4xx_hal_rcc_ex.o
LOAD build/stm32f4xx_hal_flash.o
LOAD build/stm32f4xx_hal_flash_ex.o
LOAD build/stm32f4xx_hal_flash_ramfunc.o
LOAD build/stm32f4xx_hal_gpio.o
LOAD build/stm32f4xx_hal_dma_ex.o
LOAD build/stm32f4xx_hal_dma.o
LOAD build/stm32f4xx_hal_pwr.o
LOAD build/stm32f4xx_hal_pwr_ex.o
LOAD build/stm32f4xx_hal_cortex.o
LOAD build/stm32f4xx_hal.o
LOAD build/stm32f4xx_hal_exti.o
LOAD build/stm32f4xx_hal_tim.o
LOAD build/stm32f4xx_hal_tim_ex.o
LOAD build/stm32f4xx_hal_uart.o
LOAD build/system_stm32f4xx.o
LOAD build/adxl345.o
LOAD build/dma.o
LOAD build/startup_stm32f446xx.o
LOAD c:/gnu/gnu_arm_embedded_toolchain/10-2020-q4-major/bin/../lib/gcc/arm-none-eabi/10.2.1/../../../../arm-none-eabi/lib/thumb/v7e-m+fp/hard\libc_nano.a
LOAD c:/gnu/gnu_arm_embedded_toolchain/10-2020-q4-major/bin/../lib/gcc/arm-none-eabi/10.2.1/../../../../arm-none-eabi/lib/thumb/v7e-m+fp/hard\libm.a
LOAD c:/gnu/gnu_arm_embedded_toolchain/10-2020-q4-major/bin/../lib/gcc/arm-none-eabi/10.2.1/../../../../arm-none-eabi/lib/thumb/v7e-m+fp/hard\libnosys.a
START GROUP
LOAD c:/gnu/gnu_arm_embedded_toolchain/10-2020-q4-major/bin/../lib/gcc/arm-none-eabi/10.2.1/thumb/v7e-m+fp/hard\libgcc.a
LOAD c:/gnu/gnu_arm_embedded_toolchain/10-2020-q4-major/bin/../lib/gcc/arm-none-eabi/10.2.1/../../../../arm-none-eabi/lib/thumb/v7e-m+fp/hard\libc_nano.a
END GROUP
START GROUP
LOAD c:/gnu/gnu_arm_embedded_toolchain/10-2020-q4-major/bin/../lib/gcc/arm-none-eabi/10.2.1/thumb/v7e-m+fp/hard\libgcc.a
LOAD c:/gnu/gnu_arm_embedded_toolchain/10-2020-q4-major/bin/../lib/gcc/arm-none-eabi/10.2.1/../../../../arm-none-eabi/lib/thumb/v7e-m+fp/hard\libc_nano.a
END GROUP
LOAD c:/gnu/gnu_arm_embedded_toolchain/10-2020-q4-major/bin/../lib/gcc/arm-none-eabi/10.2.1/thumb/v7e-m+fp/hard/crtend.o
LOAD c:/gnu/gnu_arm_embedded_toolchain/10-2020-q4-major/bin/../lib/gcc/arm-none-eabi/10.2.1/thumb/v7e-m+fp/hard/crtn.o
                0x20020000                _estack = 0x20020000
                0x00000200                _Min_Heap_Size = 0x200
                0x00000400                _Min_Stack_Size = 0x400

.isr_vector     0x08000000      0x1c4
                0x08000000                . = ALIGN (0x4)
 *(.isr_vector)
 .isr_vector    0x08000000      0x1c4 build/startup_stm32f446xx.o
                0x08000000                g_pfnVectors
                0x080001c4                . = ALIGN (0x4)

.text           0x080001d0     0x6138
                0x080001d0                . = ALIGN (0x4)
 *(.text)
 .text          0x080001d0       0x40 c:/gnu/gnu_arm_embedded_toolchain/10-2020-q4-major/bin/../lib/gcc/arm-none-eabi/10.2.1/thumb/v7e-m+fp/hard/crtbegin.o
 .text          0x08000210       0x10 c:/gnu/gnu_arm_embedded_toolchain/10-2020-q4-major/bin/../lib/gcc/arm-none-eabi/10.2.1/../../../../arm-none-eabi/lib/thumb/v7e-m+fp/hard\libc_nano.a(lib_a-strlen.o)
                0x08000210                strlen
 .text          0x08000220       0xa0 c:/gnu/gnu_arm_embedded_toolchain/10-2020-q4-major/bin/../lib/gcc/arm-none-eabi/10.2.1/../../../../arm-none-eabi/lib/thumb/v7e-m+fp/hard\libc_nano.a(lib_a-memchr.o)
                0x08000220                memchr
 .text          0x080002c0      0x378 c:/gnu/gnu_arm_embedded_toolchain/10-2020-q4-major/bin/../lib/gcc/arm-none-eabi/10.2.1/thumb/v7e-m+fp/hard\libgcc.a(_arm_addsubdf3.o)
                0x080002c0                __aeabi_drsub
                0x080002c8                __aeabi_dsub
                0x080002c8                __subdf3
                0x080002cc                __aeabi_dadd
                0x080002cc                __adddf3
                0x08000544                __floatunsidf
                0x08000544                __aeabi_ui2d
                0x08000564                __floatsidf
                0x08000564                __aeabi_i2d
                0x08000588                __aeabi_f2d
                0x08000588                __extendsfdf2
                0x080005cc                __floatundidf
                0x080005cc                __aeabi_ul2d
                0x080005dc                __floatdidf
                0x080005dc                __aeabi_l2d
 .text          0x08000638      0x424 c:/gnu/gnu_arm_embedded_toolchain/10-2020-q4-major/bin/../lib/gcc/arm-none-eabi/10.2.1/thumb/v7e-m+fp/hard\libgcc.a(_arm_muldivdf3.o)
                0x08000638                __aeabi_dmul
                0x08000638                __muldf3
                0x0800088c                __divdf3
                0x0800088c                __aeabi_ddiv
 .text          0x08000a5c      0x110 c:/gnu/gnu_arm_embedded_toolchain/10-2020-q4-major/bin/../lib/gcc/arm-none-eabi/10.2.1/thumb/v7e-m+fp/hard\libgcc.a(_arm_cmpdf2.o)
                0x08000a5c                __gtdf2
                0x08000a5c                __gedf2
                0x08000a64                __ltdf2
                0x08000a64                __ledf2
                0x08000a6c                __nedf2
                0x08000a6c                __eqdf2
                0x08000a6c                __cmpdf2
                0x08000ae8                __aeabi_cdrcmple
                0x08000af8                __aeabi_cdcmpeq
                0x08000af8                __aeabi_cdcmple
                0x08000b08                __aeabi_dcmpeq
                0x08000b1c                __aeabi_dcmplt
                0x08000b30                __aeabi_dcmple
                0x08000b44                __aeabi_dcmpge
                0x08000b58                __aeabi_dcmpgt
 .text          0x08000b6c       0x2c c:/gnu/gnu_arm_embedded_toolchain/10-2020-q4-major/bin/../lib/gcc/arm-none-eabi/10.2.1/thumb/v7e-m+fp/hard\libgcc.a(_arm_unorddf2.o)
                0x08000b6c                __unorddf2
                0x08000b6c                __aeabi_dcmpun
 .text          0x08000b98       0x50 c:/gnu/gnu_arm_embedded_toolchain/10-2020-q4-major/bin/../lib/gcc/arm-none-eabi/10.2.1/thumb/v7e-m+fp/hard\libgcc.a(_arm_fixdfsi.o)
                0x08000b98                __aeabi_d2iz
                0x08000b98                __fixdfsi
 .text          0x08000be8       0x30 c:/gnu/gnu_arm_embedded_toolchain/10-2020-q4-major/bin/../lib/gcc/arm-none-eabi/10.2.1/thumb/v7e-m+fp/hard\libgcc.a(_aeabi_uldivmod.o)
                0x08000be8                __aeabi_uldivmod
 .text          0x08000c18      0x2d0 c:/gnu/gnu_arm_embedded_toolchain/10-2020-q4-major/bin/../lib/gcc/arm-none-eabi/10.2.1/thumb/v7e-m+fp/hard\libgcc.a(_udivmoddi4.o)
                0x08000c18                __udivmoddi4
 .text          0x08000ee8        0x4 c:/gnu/gnu_arm_embedded_toolchain/10-2020-q4-major/bin/../lib/gcc/arm-none-eabi/10.2.1/thumb/v7e-m+fp/hard\libgcc.a(_dvmd_tls.o)
                0x08000ee8                __aeabi_idiv0
                0x08000ee8                __aeabi_ldiv0
 *(.text*)
 .text.HAL_UART_RxCpltCallback
                0x08000eec      0x140 build/main.o
                0x08000eec                HAL_UART_RxCpltCallback
 .text.Error_Handler
                0x0800102c        0x4 build/main.o
                0x0800102c                Error_Handler
 .text.SystemClock_Config
                0x08001030       0xa4 build/main.o
                0x08001030                SystemClock_Config
 .text.main     0x080010d4      0x15c build/main.o
                0x080010d4                main
 .text.MX_GPIO_Init
                0x08001230      0x110 build/gpio.o
                0x08001230                MX_GPIO_Init
 .text.MX_I2C1_Init
                0x08001340       0x3c build/i2c.o
                0x08001340                MX_I2C1_Init
 .text.HAL_I2C_MspInit
                0x0800137c       0x74 build/i2c.o
                0x0800137c                HAL_I2C_MspInit
 .text.MX_USART2_UART_Init
                0x080013f0       0x34 build/usart.o
                0x080013f0                MX_USART2_UART_Init
 .text.HAL_UART_MspInit
                0x08001424       0xac build/usart.o
                0x08001424                HAL_UART_MspInit
 .text.NMI_Handler
                0x080014d0        0x2 build/stm32f4xx_it.o
                0x080014d0                NMI_Handler
 .text.HardFault_Handler
                0x080014d2        0x2 build/stm32f4xx_it.o
                0x080014d2                HardFault_Handler
 .text.MemManage_Handler
                0x080014d4        0x2 build/stm32f4xx_it.o
                0x080014d4                MemManage_Handler
 .text.BusFault_Handler
                0x080014d6        0x2 build/stm32f4xx_it.o
                0x080014d6                BusFault_Handler
 .text.UsageFault_Handler
                0x080014d8        0x2 build/stm32f4xx_it.o
                0x080014d8                UsageFault_Handler
 .text.SVC_Handler
                0x080014da        0x2 build/stm32f4xx_it.o
                0x080014da                SVC_Handler
 .text.DebugMon_Handler
                0x080014dc        0x2 build/stm32f4xx_it.o
                0x080014dc                DebugMon_Handler
 .text.PendSV_Handler
                0x080014de        0x2 build/stm32f4xx_it.o
                0x080014de                PendSV_Handler
 .text.SysTick_Handler
                0x080014e0        0x8 build/stm32f4xx_it.o
                0x080014e0                SysTick_Handler
 .text.DMA1_Stream5_IRQHandler
                0x080014e8       0x10 build/stm32f4xx_it.o
                0x080014e8                DMA1_Stream5_IRQHandler
 .text.HAL_MspInit
                0x080014f8       0x40 build/stm32f4xx_hal_msp.o
                0x080014f8                HAL_MspInit
 .text.I2C_IsAcknowledgeFailed
                0x08001538       0x32 build/stm32f4xx_hal_i2c.o
 .text.I2C_WaitOnFlagUntilTimeout
                0x0800156a       0x7c build/stm32f4xx_hal_i2c.o
 .text.I2C_WaitOnMasterAddressFlagUntilTimeout
                0x080015e6       0xaa build/stm32f4xx_hal_i2c.o
 .text.I2C_MasterRequestWrite
                0x08001690       0xb4 build/stm32f4xx_hal_i2c.o
 .text.I2C_WaitOnTXEFlagUntilTimeout
                0x08001744       0x54 build/stm32f4xx_hal_i2c.o
 .text.I2C_RequestMemoryRead
                0x08001798      0x154 build/stm32f4xx_hal_i2c.o
 .text.I2C_WaitOnBTFFlagUntilTimeout
                0x080018ec       0x54 build/stm32f4xx_hal_i2c.o
 .text.I2C_WaitOnRXNEFlagUntilTimeout
                0x08001940       0x6a build/stm32f4xx_hal_i2c.o
 *fill*         0x080019aa        0x2 
 .text.HAL_I2C_Init
                0x080019ac      0x1bc build/stm32f4xx_hal_i2c.o
                0x080019ac                HAL_I2C_Init
 .text.HAL_I2C_Master_Transmit
                0x08001b68      0x178 build/stm32f4xx_hal_i2c.o
                0x08001b68                HAL_I2C_Master_Transmit
 .text.HAL_I2C_Mem_Read
                0x08001ce0      0x2e4 build/stm32f4xx_hal_i2c.o
                0x08001ce0                HAL_I2C_Mem_Read
 .text.HAL_RCC_ClockConfig
                0x08001fc4      0x160 build/stm32f4xx_hal_rcc.o
                0x08001fc4                HAL_RCC_ClockConfig
 .text.HAL_RCC_GetHCLKFreq
                0x08002124        0xc build/stm32f4xx_hal_rcc.o
                0x08002124                HAL_RCC_GetHCLKFreq
 .text.HAL_RCC_GetPCLK1Freq
                0x08002130       0x20 build/stm32f4xx_hal_rcc.o
                0x08002130                HAL_RCC_GetPCLK1Freq
 .text.HAL_RCC_GetPCLK2Freq
                0x08002150       0x20 build/stm32f4xx_hal_rcc.o
                0x08002150                HAL_RCC_GetPCLK2Freq
 .text.HAL_RCC_GetSysClockFreq
                0x08002170      0x180 build/stm32f4xx_hal_rcc_ex.o
                0x08002170                HAL_RCC_GetSysClockFreq
 .text.HAL_RCC_OscConfig
                0x080022f0      0x444 build/stm32f4xx_hal_rcc_ex.o
                0x080022f0                HAL_RCC_OscConfig
 .text.HAL_GPIO_Init
                0x08002734      0x1d8 build/stm32f4xx_hal_gpio.o
                0x08002734                HAL_GPIO_Init
 .text.HAL_GPIO_WritePin
                0x0800290c        0xc build/stm32f4xx_hal_gpio.o
                0x0800290c                HAL_GPIO_WritePin
 .text.HAL_GPIO_TogglePin
                0x08002918       0x12 build/stm32f4xx_hal_gpio.o
                0x08002918                HAL_GPIO_TogglePin
 .text.DMA_SetConfig
                0x0800292a       0x2c build/stm32f4xx_hal_dma.o
 *fill*         0x08002956        0x2 
 .text.DMA_CalcBaseAndBitshift
                0x08002958       0x44 build/stm32f4xx_hal_dma.o
 .text.DMA_CheckFifoParam
                0x0800299c       0x8e build/stm32f4xx_hal_dma.o
 *fill*         0x08002a2a        0x2 
 .text.HAL_DMA_Init
                0x08002a2c       0xcc build/stm32f4xx_hal_dma.o
                0x08002a2c                HAL_DMA_Init
 .text.HAL_DMA_Start_IT
                0x08002af8       0x6a build/stm32f4xx_hal_dma.o
                0x08002af8                HAL_DMA_Start_IT
 *fill*         0x08002b62        0x2 
 .text.HAL_DMA_IRQHandler
                0x08002b64      0x1dc build/stm32f4xx_hal_dma.o
                0x08002b64                HAL_DMA_IRQHandler
 .text.HAL_NVIC_SetPriorityGrouping
                0x08002d40       0x24 build/stm32f4xx_hal_cortex.o
                0x08002d40                HAL_NVIC_SetPriorityGrouping
 .text.HAL_NVIC_SetPriority
                0x08002d64       0x70 build/stm32f4xx_hal_cortex.o
                0x08002d64                HAL_NVIC_SetPriority
 .text.HAL_NVIC_EnableIRQ
                0x08002dd4       0x1c build/stm32f4xx_hal_cortex.o
                0x08002dd4                HAL_NVIC_EnableIRQ
 .text.HAL_SYSTICK_Config
                0x08002df0       0x28 build/stm32f4xx_hal_cortex.o
                0x08002df0                HAL_SYSTICK_Config
 .text.HAL_InitTick
                0x08002e18       0x4c build/stm32f4xx_hal.o
                0x08002e18                HAL_InitTick
 .text.HAL_Init
                0x08002e64       0x34 build/stm32f4xx_hal.o
                0x08002e64                HAL_Init
 .text.HAL_IncTick
                0x08002e98       0x18 build/stm32f4xx_hal.o
                0x08002e98                HAL_IncTick
 .text.HAL_GetTick
                0x08002eb0        0xc build/stm32f4xx_hal.o
                0x08002eb0                HAL_GetTick
 .text.HAL_Delay
                0x08002ebc       0x28 build/stm32f4xx_hal.o
                0x08002ebc                HAL_Delay
 .text.UART_EndTxTransfer
                0x08002ee4       0x12 build/stm32f4xx_hal_uart.o
 .text.UART_EndRxTransfer
                0x08002ef6       0x32 build/stm32f4xx_hal_uart.o
 .text.UART_SetConfig
                0x08002f28      0x110 build/stm32f4xx_hal_uart.o
 .text.UART_WaitOnFlagUntilTimeout
                0x08003038       0x6c build/stm32f4xx_hal_uart.o
 .text.HAL_UART_Init
                0x080030a4       0x5e build/stm32f4xx_hal_uart.o
                0x080030a4                HAL_UART_Init
 .text.HAL_UART_Transmit
                0x08003102       0xd8 build/stm32f4xx_hal_uart.o
                0x08003102                HAL_UART_Transmit
 .text.HAL_UART_RxHalfCpltCallback
                0x080031da        0x2 build/stm32f4xx_hal_uart.o
                0x080031da                HAL_UART_RxHalfCpltCallback
 .text.HAL_UART_ErrorCallback
                0x080031dc        0x2 build/stm32f4xx_hal_uart.o
                0x080031dc                HAL_UART_ErrorCallback
 .text.UART_DMAError
                0x080031de       0x58 build/stm32f4xx_hal_uart.o
 .text.HAL_UARTEx_RxEventCallback
                0x08003236        0x2 build/stm32f4xx_hal_uart.o
                0x08003236                HAL_UARTEx_RxEventCallback
 .text.UART_DMARxHalfCplt
                0x08003238       0x1a build/stm32f4xx_hal_uart.o
 .text.UART_DMAReceiveCplt
                0x08003252       0x5e build/stm32f4xx_hal_uart.o
 .text.UART_Start_Receive_DMA
                0x080032b0       0x78 build/stm32f4xx_hal_uart.o
                0x080032b0                UART_Start_Receive_DMA
 .text.HAL_UART_Receive_DMA
                0x08003328       0x38 build/stm32f4xx_hal_uart.o
                0x08003328                HAL_UART_Receive_DMA
 .text.SystemInit
                0x08003360       0x14 build/system_stm32f4xx.o
                0x08003360                SystemInit
 .text.setTargetDeviceAddress
                0x08003374        0x4 build/adxl345.o
                0x08003374                setTargetDeviceAddress
 .text.AccelWrite
                0x08003378       0x22 build/adxl345.o
                0x08003378                AccelWrite
 .text.AccelInit
                0x0800339a       0x30 build/adxl345.o
                0x0800339a                AccelInit
 .text.AccelReadData
                0x080033ca       0x1c build/adxl345.o
                0x080033ca                AccelReadData
 *fill*         0x080033e6        0x2 
 .text.getAccelerations
                0x080033e8       0x44 build/adxl345.o
                0x080033e8                getAccelerations
 .text.AccelGetId
                0x0800342c        0xc build/adxl345.o
                0x0800342c                AccelGetId
 .text.MX_DMA_Init
                0x08003438       0x34 build/dma.o
                0x08003438                MX_DMA_Init
 .text.Reset_Handler
                0x0800346c       0x50 build/startup_stm32f446xx.o
                0x0800346c                Reset_Handler
 .text.Default_Handler
                0x080034bc        0x2 build/startup_stm32f446xx.o
                0x080034bc                RTC_Alarm_IRQHandler
                0x080034bc                EXTI2_IRQHandler
                0x080034bc                TIM8_CC_IRQHandler
                0x080034bc                FMPI2C1_EV_IRQHandler
                0x080034bc                SPI4_IRQHandler
                0x080034bc                TIM1_CC_IRQHandler
                0x080034bc                DMA2_Stream5_IRQHandler
                0x080034bc                PVD_IRQHandler
                0x080034bc                SDIO_IRQHandler
                0x080034bc                TAMP_STAMP_IRQHandler
                0x080034bc                CAN2_RX1_IRQHandler
                0x080034bc                EXTI3_IRQHandler
                0x080034bc                TIM8_TRG_COM_TIM14_IRQHandler
                0x080034bc                TIM1_UP_TIM10_IRQHandler
                0x080034bc                TIM8_UP_TIM13_IRQHandler
                0x080034bc                I2C3_ER_IRQHandler
                0x080034bc                EXTI0_IRQHandler
                0x080034bc                I2C2_EV_IRQHandler
                0x080034bc                DMA1_Stream2_IRQHandler
                0x080034bc                CAN1_RX0_IRQHandler
                0x080034bc                FPU_IRQHandler
                0x080034bc                OTG_HS_WKUP_IRQHandler
                0x080034bc                CAN2_SCE_IRQHandler
                0x080034bc                DMA2_Stream2_IRQHandler
                0x080034bc                SPI1_IRQHandler
                0x080034bc                TIM6_DAC_IRQHandler
                0x080034bc                TIM1_BRK_TIM9_IRQHandler
                0x080034bc                DCMI_IRQHandler
                0x080034bc                CAN2_RX0_IRQHandler
                0x080034bc                DMA2_Stream3_IRQHandler
                0x080034bc                SAI2_IRQHandler
                0x080034bc                USART6_IRQHandler
                0x080034bc                USART3_IRQHandler
                0x080034bc                CAN1_RX1_IRQHandler
                0x080034bc                UART5_IRQHandler
                0x080034bc                DMA2_Stream0_IRQHandler
                0x080034bc                TIM4_IRQHandler
                0x080034bc                QUADSPI_IRQHandler
                0x080034bc                I2C1_EV_IRQHandler
                0x080034bc                DMA1_Stream6_IRQHandler
                0x080034bc                DMA1_Stream1_IRQHandler
                0x080034bc                UART4_IRQHandler
                0x080034bc                TIM3_IRQHandler
                0x080034bc                RCC_IRQHandler
                0x080034bc                TIM8_BRK_TIM12_IRQHandler
                0x080034bc                Default_Handler
                0x080034bc                CEC_IRQHandler
                0x080034bc                EXTI15_10_IRQHandler
                0x080034bc                ADC_IRQHandler
                0x080034bc                DMA1_Stream7_IRQHandler
                0x080034bc                TIM7_IRQHandler
                0x080034bc                CAN2_TX_IRQHandler
                0x080034bc                TIM5_IRQHandler
                0x080034bc                DMA2_Stream7_IRQHandler
                0x080034bc                I2C3_EV_IRQHandler
                0x080034bc                EXTI9_5_IRQHandler
                0x080034bc                RTC_WKUP_IRQHandler
                0x080034bc                SPDIF_RX_IRQHandler
                0x080034bc                SPI2_IRQHandler
                0x080034bc                OTG_HS_EP1_IN_IRQHandler
                0x080034bc                DMA1_Stream0_IRQHandler
                0x080034bc                CAN1_TX_IRQHandler
                0x080034bc                FMPI2C1_ER_IRQHandler
                0x080034bc                EXTI4_IRQHandler
                0x080034bc                OTG_HS_EP1_OUT_IRQHandler
                0x080034bc                WWDG_IRQHandler
                0x080034bc                TIM2_IRQHandler
                0x080034bc                OTG_FS_WKUP_IRQHandler
                0x080034bc                TIM1_TRG_COM_TIM11_IRQHandler
                0x080034bc                OTG_HS_IRQHandler
                0x080034bc                EXTI1_IRQHandler
                0x080034bc                USART2_IRQHandler
                0x080034bc                I2C2_ER_IRQHandler
                0x080034bc                DMA2_Stream1_IRQHandler
                0x080034bc                CAN1_SCE_IRQHandler
                0x080034bc                FLASH_IRQHandler
                0x080034bc                DMA2_Stream4_IRQHandler
                0x080034bc                USART1_IRQHandler
                0x080034bc                OTG_FS_IRQHandler
                0x080034bc                SPI3_IRQHandler
                0x080034bc                DMA1_Stream4_IRQHandler
                0x080034bc                I2C1_ER_IRQHandler
                0x080034bc                FMC_IRQHandler
                0x080034bc                DMA2_Stream6_IRQHandler
                0x080034bc                SAI1_IRQHandler
                0x080034bc                DMA1_Stream3_IRQHandler
 *fill*         0x080034be        0x2 
 .text.__libc_init_array
                0x080034c0       0x48 c:/gnu/gnu_arm_embedded_toolchain/10-2020-q4-major/bin/../lib/gcc/arm-none-eabi/10.2.1/../../../../arm-none-eabi/lib/thumb/v7e-m+fp/hard\libc_nano.a(lib_a-init.o)
                0x080034c0                __libc_init_array
 .text.memset   0x08003508       0x10 c:/gnu/gnu_arm_embedded_toolchain/10-2020-q4-major/bin/../lib/gcc/arm-none-eabi/10.2.1/../../../../arm-none-eabi/lib/thumb/v7e-m+fp/hard\libc_nano.a(lib_a-memset.o)
                0x08003508                memset
 .text.__cvt    0x08003518       0xc4 c:/gnu/gnu_arm_embedded_toolchain/10-2020-q4-major/bin/../lib/gcc/arm-none-eabi/10.2.1/../../../../arm-none-eabi/lib/thumb/v7e-m+fp/hard\libc_nano.a(lib_a-nano-vfprintf_float.o)
                0x08003518                __cvt
 .text.__exponent
                0x080035dc       0x7c c:/gnu/gnu_arm_embedded_toolchain/10-2020-q4-major/bin/../lib/gcc/arm-none-eabi/10.2.1/../../../../arm-none-eabi/lib/thumb/v7e-m+fp/hard\libc_nano.a(lib_a-nano-vfprintf_float.o)
                0x080035dc                __exponent
 .text._printf_float
                0x08003658      0x46c c:/gnu/gnu_arm_embedded_toolchain/10-2020-q4-major/bin/../lib/gcc/arm-none-eabi/10.2.1/../../../../arm-none-eabi/lib/thumb/v7e-m+fp/hard\libc_nano.a(lib_a-nano-vfprintf_float.o)
                0x08003658                _printf_float
 .text._printf_common
                0x08003ac4       0xda c:/gnu/gnu_arm_embedded_toolchain/10-2020-q4-major/bin/../lib/gcc/arm-none-eabi/10.2.1/../../../../arm-none-eabi/lib/thumb/v7e-m+fp/hard\libc_nano.a(lib_a-nano-vfprintf_i.o)
                0x08003ac4                _printf_common
 *fill*         0x08003b9e        0x2 
 .text._printf_i
                0x08003ba0      0x24c c:/gnu/gnu_arm_embedded_toolchain/10-2020-q4-major/bin/../lib/gcc/arm-none-eabi/10.2.1/../../../../arm-none-eabi/lib/thumb/v7e-m+fp/hard\libc_nano.a(lib_a-nano-vfprintf_i.o)
                0x08003ba0                _printf_i
 .text.sprintf  0x08003dec       0x40 c:/gnu/gnu_arm_embedded_toolchain/10-2020-q4-major/bin/../lib/gcc/arm-none-eabi/10.2.1/../../../../arm-none-eabi/lib/thumb/v7e-m+fp/hard\libc_nano.a(lib_a-sprintf.o)
                0x08003dec                siprintf
                0x08003dec                sprintf
 .text.quorem   0x08003e2c      0x116 c:/gnu/gnu_arm_embedded_toolchain/10-2020-q4-major/bin/../lib/gcc/arm-none-eabi/10.2.1/../../../../arm-none-eabi/lib/thumb/v7e-m+fp/hard\libc_nano.a(lib_a-dtoa.o)
 *fill*         0x08003f42        0x6 
 .text._dtoa_r  0x08003f48      0xbdc c:/gnu/gnu_arm_embedded_toolchain/10-2020-q4-major/bin/../lib/gcc/arm-none-eabi/10.2.1/../../../../arm-none-eabi/lib/thumb/v7e-m+fp/hard\libc_nano.a(lib_a-dtoa.o)
                0x08003f48                _dtoa_r
 .text._localeconv_r
                0x08004b24        0x8 c:/gnu/gnu_arm_embedded_toolchain/10-2020-q4-major/bin/../lib/gcc/arm-none-eabi/10.2.1/../../../../arm-none-eabi/lib/thumb/v7e-m+fp/hard\libc_nano.a(lib_a-localeconv.o)
                0x08004b24                _localeconv_r
 .text.malloc   0x08004b2c       0x10 c:/gnu/gnu_arm_embedded_toolchain/10-2020-q4-major/bin/../lib/gcc/arm-none-eabi/10.2.1/../../../../arm-none-eabi/lib/thumb/v7e-m+fp/hard\libc_nano.a(lib_a-malloc.o)
                0x08004b2c                malloc
 .text.memcpy   0x08004b3c       0x1c c:/gnu/gnu_arm_embedded_toolchain/10-2020-q4-major/bin/../lib/gcc/arm-none-eabi/10.2.1/../../../../arm-none-eabi/lib/thumb/v7e-m+fp/hard\libc_nano.a(lib_a-memcpy-stub.o)
                0x08004b3c                memcpy
 .text._Balloc  0x08004b58       0x80 c:/gnu/gnu_arm_embedded_toolchain/10-2020-q4-major/bin/../lib/gcc/arm-none-eabi/10.2.1/../../../../arm-none-eabi/lib/thumb/v7e-m+fp/hard\libc_nano.a(lib_a-mprec.o)
                0x08004b58                _Balloc
 .text._Bfree   0x08004bd8       0x44 c:/gnu/gnu_arm_embedded_toolchain/10-2020-q4-major/bin/../lib/gcc/arm-none-eabi/10.2.1/../../../../arm-none-eabi/lib/thumb/v7e-m+fp/hard\libc_nano.a(lib_a-mprec.o)
                0x08004bd8                _Bfree
 .text.__multadd
                0x08004c1c       0x8c c:/gnu/gnu_arm_embedded_toolchain/10-2020-q4-major/bin/../lib/gcc/arm-none-eabi/10.2.1/../../../../arm-none-eabi/lib/thumb/v7e-m+fp/hard\libc_nano.a(lib_a-mprec.o)
                0x08004c1c                __multadd
 .text.__hi0bits
                0x08004ca8       0x40 c:/gnu/gnu_arm_embedded_toolchain/10-2020-q4-major/bin/../lib/gcc/arm-none-eabi/10.2.1/../../../../arm-none-eabi/lib/thumb/v7e-m+fp/hard\libc_nano.a(lib_a-mprec.o)
                0x08004ca8                __hi0bits
 .text.__lo0bits
                0x08004ce8       0x5e c:/gnu/gnu_arm_embedded_toolchain/10-2020-q4-major/bin/../lib/gcc/arm-none-eabi/10.2.1/../../../../arm-none-eabi/lib/thumb/v7e-m+fp/hard\libc_nano.a(lib_a-mprec.o)
                0x08004ce8                __lo0bits
 *fill*         0x08004d46        0x2 
 .text.__i2b    0x08004d48       0x2c c:/gnu/gnu_arm_embedded_toolchain/10-2020-q4-major/bin/../lib/gcc/arm-none-eabi/10.2.1/../../../../arm-none-eabi/lib/thumb/v7e-m+fp/hard\libc_nano.a(lib_a-mprec.o)
                0x08004d48                __i2b
 .text.__multiply
                0x08004d74      0x154 c:/gnu/gnu_arm_embedded_toolchain/10-2020-q4-major/bin/../lib/gcc/arm-none-eabi/10.2.1/../../../../arm-none-eabi/lib/thumb/v7e-m+fp/hard\libc_nano.a(lib_a-mprec.o)
                0x08004d74                __multiply
 .text.__pow5mult
                0x08004ec8       0xb4 c:/gnu/gnu_arm_embedded_toolchain/10-2020-q4-major/bin/../lib/gcc/arm-none-eabi/10.2.1/../../../../arm-none-eabi/lib/thumb/v7e-m+fp/hard\libc_nano.a(lib_a-mprec.o)
                0x08004ec8                __pow5mult
 .text.__lshift
                0x08004f7c       0xe0 c:/gnu/gnu_arm_embedded_toolchain/10-2020-q4-major/bin/../lib/gcc/arm-none-eabi/10.2.1/../../../../arm-none-eabi/lib/thumb/v7e-m+fp/hard\libc_nano.a(lib_a-mprec.o)
                0x08004f7c                __lshift
 .text.__mcmp   0x0800505c       0x38 c:/gnu/gnu_arm_embedded_toolchain/10-2020-q4-major/bin/../lib/gcc/arm-none-eabi/10.2.1/../../../../arm-none-eabi/lib/thumb/v7e-m+fp/hard\libc_nano.a(lib_a-mprec.o)
                0x0800505c                __mcmp
 .text.__mdiff  0x08005094      0x114 c:/gnu/gnu_arm_embedded_toolchain/10-2020-q4-major/bin/../lib/gcc/arm-none-eabi/10.2.1/../../../../arm-none-eabi/lib/thumb/v7e-m+fp/hard\libc_nano.a(lib_a-mprec.o)
                0x08005094                __mdiff
 .text.__d2b    0x080051a8       0xb8 c:/gnu/gnu_arm_embedded_toolchain/10-2020-q4-major/bin/../lib/gcc/arm-none-eabi/10.2.1/../../../../arm-none-eabi/lib/thumb/v7e-m+fp/hard\libc_nano.a(lib_a-mprec.o)
                0x080051a8                __d2b
 .text._calloc_r
                0x08005260       0x1e c:/gnu/gnu_arm_embedded_toolchain/10-2020-q4-major/bin/../lib/gcc/arm-none-eabi/10.2.1/../../../../arm-none-eabi/lib/thumb/v7e-m+fp/hard\libc_nano.a(lib_a-nano-callocr.o)
                0x08005260                _calloc_r
 *fill*         0x0800527e        0x2 
 .text._free_r  0x08005280       0x98 c:/gnu/gnu_arm_embedded_toolchain/10-2020-q4-major/bin/../lib/gcc/arm-none-eabi/10.2.1/../../../../arm-none-eabi/lib/thumb/v7e-m+fp/hard\libc_nano.a(lib_a-nano-freer.o)
                0x08005280                _free_r
 .text._malloc_r
                0x08005318       0xb4 c:/gnu/gnu_arm_embedded_toolchain/10-2020-q4-major/bin/../lib/gcc/arm-none-eabi/10.2.1/../../../../arm-none-eabi/lib/thumb/v7e-m+fp/hard\libc_nano.a(lib_a-nano-mallocr.o)
                0x08005318                _malloc_r
 .text.__ssputs_r
                0x080053cc       0xb6 c:/gnu/gnu_arm_embedded_toolchain/10-2020-q4-major/bin/../lib/gcc/arm-none-eabi/10.2.1/../../../../arm-none-eabi/lib/thumb/v7e-m+fp/hard\libc_nano.a(lib_a-nano-svfprintf.o)
                0x080053cc                __ssputs_r
 *fill*         0x08005482        0x2 
 .text._svfprintf_r
                0x08005484      0x200 c:/gnu/gnu_arm_embedded_toolchain/10-2020-q4-major/bin/../lib/gcc/arm-none-eabi/10.2.1/../../../../arm-none-eabi/lib/thumb/v7e-m+fp/hard\libc_nano.a(lib_a-nano-svfprintf.o)
                0x08005484                _svfiprintf_r
                0x08005484                _svfprintf_r
 .text._sbrk_r  0x08005684       0x20 c:/gnu/gnu_arm_embedded_toolchain/10-2020-q4-major/bin/../lib/gcc/arm-none-eabi/10.2.1/../../../../arm-none-eabi/lib/thumb/v7e-m+fp/hard\libc_nano.a(lib_a-sbrkr.o)
                0x08005684                _sbrk_r
 .text.__assert_func
                0x080056a4       0x3c c:/gnu/gnu_arm_embedded_toolchain/10-2020-q4-major/bin/../lib/gcc/arm-none-eabi/10.2.1/../../../../arm-none-eabi/lib/thumb/v7e-m+fp/hard\libc_nano.a(lib_a-assert.o)
                0x080056a4                __assert_func
 .text.fprintf  0x080056e0       0x24 c:/gnu/gnu_arm_embedded_toolchain/10-2020-q4-major/bin/../lib/gcc/arm-none-eabi/10.2.1/../../../../arm-none-eabi/lib/thumb/v7e-m+fp/hard\libc_nano.a(lib_a-fprintf.o)
                0x080056e0                fiprintf
                0x080056e0                fprintf
 .text.__ascii_mbtowc
                0x08005704       0x24 c:/gnu/gnu_arm_embedded_toolchain/10-2020-q4-major/bin/../lib/gcc/arm-none-eabi/10.2.1/../../../../arm-none-eabi/lib/thumb/v7e-m+fp/hard\libc_nano.a(lib_a-mbtowc_r.o)
                0x08005704                __ascii_mbtowc
 .text.memmove  0x08005728       0x34 c:/gnu/gnu_arm_embedded_toolchain/10-2020-q4-major/bin/../lib/gcc/arm-none-eabi/10.2.1/../../../../arm-none-eabi/lib/thumb/v7e-m+fp/hard\libc_nano.a(lib_a-memmove.o)
                0x08005728                memmove
 .text.__malloc_lock
                0x0800575c        0xc c:/gnu/gnu_arm_embedded_toolchain/10-2020-q4-major/bin/../lib/gcc/arm-none-eabi/10.2.1/../../../../arm-none-eabi/lib/thumb/v7e-m+fp/hard\libc_nano.a(lib_a-mlock.o)
                0x0800575c                __malloc_lock
 .text.__malloc_unlock
                0x08005768        0xc c:/gnu/gnu_arm_embedded_toolchain/10-2020-q4-major/bin/../lib/gcc/arm-none-eabi/10.2.1/../../../../arm-none-eabi/lib/thumb/v7e-m+fp/hard\libc_nano.a(lib_a-mlock.o)
                0x08005768                __malloc_unlock
 .text._realloc_r
                0x08005774       0x4c c:/gnu/gnu_arm_embedded_toolchain/10-2020-q4-major/bin/../lib/gcc/arm-none-eabi/10.2.1/../../../../arm-none-eabi/lib/thumb/v7e-m+fp/hard\libc_nano.a(lib_a-nano-reallocr.o)
                0x08005774                _realloc_r
 .text.__sfputc_r
                0x080057c0       0x2e c:/gnu/gnu_arm_embedded_toolchain/10-2020-q4-major/bin/../lib/gcc/arm-none-eabi/10.2.1/../../../../arm-none-eabi/lib/thumb/v7e-m+fp/hard\libc_nano.a(lib_a-nano-vfprintf.o)
 .text.__sfputs_r
                0x080057ee       0x24 c:/gnu/gnu_arm_embedded_toolchain/10-2020-q4-major/bin/../lib/gcc/arm-none-eabi/10.2.1/../../../../arm-none-eabi/lib/thumb/v7e-m+fp/hard\libc_nano.a(lib_a-nano-vfprintf.o)
                0x080057ee                __sfputs_r
 *fill*         0x08005812        0x2 
 .text._vfprintf_r
                0x08005814      0x260 c:/gnu/gnu_arm_embedded_toolchain/10-2020-q4-major/bin/../lib/gcc/arm-none-eabi/10.2.1/../../../../arm-none-eabi/lib/thumb/v7e-m+fp/hard\libc_nano.a(lib_a-nano-vfprintf.o)
                0x08005814                _vfprintf_r
                0x08005814                _vfiprintf_r
 .text.__swbuf_r
                0x08005a74       0xa4 c:/gnu/gnu_arm_embedded_toolchain/10-2020-q4-major/bin/../lib/gcc/arm-none-eabi/10.2.1/../../../../arm-none-eabi/lib/thumb/v7e-m+fp/hard\libc_nano.a(lib_a-wbuf.o)
                0x08005a74                __swbuf_r
 .text.__ascii_wctomb
                0x08005b18       0x1a c:/gnu/gnu_arm_embedded_toolchain/10-2020-q4-major/bin/../lib/gcc/arm-none-eabi/10.2.1/../../../../arm-none-eabi/lib/thumb/v7e-m+fp/hard\libc_nano.a(lib_a-wctomb_r.o)
                0x08005b18                __ascii_wctomb
 *fill*         0x08005b32        0x2 
 .text.__swsetup_r
                0x08005b34       0xdc c:/gnu/gnu_arm_embedded_toolchain/10-2020-q4-major/bin/../lib/gcc/arm-none-eabi/10.2.1/../../../../arm-none-eabi/lib/thumb/v7e-m+fp/hard\libc_nano.a(lib_a-wsetup.o)
                0x08005b34                __swsetup_r
 .text.abort    0x08005c10        0xe c:/gnu/gnu_arm_embedded_toolchain/10-2020-q4-major/bin/../lib/gcc/arm-none-eabi/10.2.1/../../../../arm-none-eabi/lib/thumb/v7e-m+fp/hard\libc_nano.a(lib_a-abort.o)
                0x08005c10                abort
 *fill*         0x08005c1e        0x2 
 .text.__sflush_r
                0x08005c20      0x10c c:/gnu/gnu_arm_embedded_toolchain/10-2020-q4-major/bin/../lib/gcc/arm-none-eabi/10.2.1/../../../../arm-none-eabi/lib/thumb/v7e-m+fp/hard\libc_nano.a(lib_a-fflush.o)
                0x08005c20                __sflush_r
 .text._fflush_r
                0x08005d2c       0x78 c:/gnu/gnu_arm_embedded_toolchain/10-2020-q4-major/bin/../lib/gcc/arm-none-eabi/10.2.1/../../../../arm-none-eabi/lib/thumb/v7e-m+fp/hard\libc_nano.a(lib_a-fflush.o)
                0x08005d2c                _fflush_r
 .text.std      0x08005da4       0x48 c:/gnu/gnu_arm_embedded_toolchain/10-2020-q4-major/bin/../lib/gcc/arm-none-eabi/10.2.1/../../../../arm-none-eabi/lib/thumb/v7e-m+fp/hard\libc_nano.a(lib_a-findfp.o)
 .text._cleanup_r
                0x08005dec        0xc c:/gnu/gnu_arm_embedded_toolchain/10-2020-q4-major/bin/../lib/gcc/arm-none-eabi/10.2.1/../../../../arm-none-eabi/lib/thumb/v7e-m+fp/hard\libc_nano.a(lib_a-findfp.o)
                0x08005dec                _cleanup_r
 .text.__sfmoreglue
                0x08005df8       0x2c c:/gnu/gnu_arm_embedded_toolchain/10-2020-q4-major/bin/../lib/gcc/arm-none-eabi/10.2.1/../../../../arm-none-eabi/lib/thumb/v7e-m+fp/hard\libc_nano.a(lib_a-findfp.o)
                0x08005df8                __sfmoreglue
 .text.__sfp_lock_acquire
                0x08005e24        0xc c:/gnu/gnu_arm_embedded_toolchain/10-2020-q4-major/bin/../lib/gcc/arm-none-eabi/10.2.1/../../../../arm-none-eabi/lib/thumb/v7e-m+fp/hard\libc_nano.a(lib_a-findfp.o)
                0x08005e24                __sfp_lock_acquire
 .text.__sfp_lock_release
                0x08005e30        0xc c:/gnu/gnu_arm_embedded_toolchain/10-2020-q4-major/bin/../lib/gcc/arm-none-eabi/10.2.1/../../../../arm-none-eabi/lib/thumb/v7e-m+fp/hard\libc_nano.a(lib_a-findfp.o)
                0x08005e30                __sfp_lock_release
 .text.__sinit_lock_acquire
                0x08005e3c        0xc c:/gnu/gnu_arm_embedded_toolchain/10-2020-q4-major/bin/../lib/gcc/arm-none-eabi/10.2.1/../../../../arm-none-eabi/lib/thumb/v7e-m+fp/hard\libc_nano.a(lib_a-findfp.o)
                0x08005e3c                __sinit_lock_acquire
 .text.__sinit_lock_release
                0x08005e48        0xc c:/gnu/gnu_arm_embedded_toolchain/10-2020-q4-major/bin/../lib/gcc/arm-none-eabi/10.2.1/../../../../arm-none-eabi/lib/thumb/v7e-m+fp/hard\libc_nano.a(lib_a-findfp.o)
                0x08005e48                __sinit_lock_release
 .text.__sinit  0x08005e54       0x70 c:/gnu/gnu_arm_embedded_toolchain/10-2020-q4-major/bin/../lib/gcc/arm-none-eabi/10.2.1/../../../../arm-none-eabi/lib/thumb/v7e-m+fp/hard\libc_nano.a(lib_a-findfp.o)
                0x08005e54                __sinit
 .text.__sfp    0x08005ec4       0x8c c:/gnu/gnu_arm_embedded_toolchain/10-2020-q4-major/bin/../lib/gcc/arm-none-eabi/10.2.1/../../../../arm-none-eabi/lib/thumb/v7e-m+fp/hard\libc_nano.a(lib_a-findfp.o)
                0x08005ec4                __sfp
 .text._fwalk_reent
                0x08005f50       0x3e c:/gnu/gnu_arm_embedded_toolchain/10-2020-q4-major/bin/../lib/gcc/arm-none-eabi/10.2.1/../../../../arm-none-eabi/lib/thumb/v7e-m+fp/hard\libc_nano.a(lib_a-fwalk.o)
                0x08005f50                _fwalk_reent
 .text.__retarget_lock_init_recursive
                0x08005f8e        0x2 c:/gnu/gnu_arm_embedded_toolchain/10-2020-q4-major/bin/../lib/gcc/arm-none-eabi/10.2.1/../../../../arm-none-eabi/lib/thumb/v7e-m+fp/hard\libc_nano.a(lib_a-lock.o)
                0x08005f8e                __retarget_lock_init_recursive
 .text.__retarget_lock_acquire_recursive
                0x08005f90        0x2 c:/gnu/gnu_arm_embedded_toolchain/10-2020-q4-major/bin/../lib/gcc/arm-none-eabi/10.2.1/../../../../arm-none-eabi/lib/thumb/v7e-m+fp/hard\libc_nano.a(lib_a-lock.o)
                0x08005f90                __retarget_lock_acquire_recursive
 .text.__retarget_lock_release_recursive
                0x08005f92        0x2 c:/gnu/gnu_arm_embedded_toolchain/10-2020-q4-major/bin/../lib/gcc/arm-none-eabi/10.2.1/../../../../arm-none-eabi/lib/thumb/v7e-m+fp/hard\libc_nano.a(lib_a-lock.o)
                0x08005f92                __retarget_lock_release_recursive
 .text.__swhatbuf_r
                0x08005f94       0x4a c:/gnu/gnu_arm_embedded_toolchain/10-2020-q4-major/bin/../lib/gcc/arm-none-eabi/10.2.1/../../../../arm-none-eabi/lib/thumb/v7e-m+fp/hard\libc_nano.a(lib_a-makebuf.o)
                0x08005f94                __swhatbuf_r
 *fill*         0x08005fde        0x2 
 .text.__smakebuf_r
                0x08005fe0       0x80 c:/gnu/gnu_arm_embedded_toolchain/10-2020-q4-major/bin/../lib/gcc/arm-none-eabi/10.2.1/../../../../arm-none-eabi/lib/thumb/v7e-m+fp/hard\libc_nano.a(lib_a-makebuf.o)
                0x08005fe0                __smakebuf_r
 .text._malloc_usable_size_r
                0x08006060       0x10 c:/gnu/gnu_arm_embedded_toolchain/10-2020-q4-major/bin/../lib/gcc/arm-none-eabi/10.2.1/../../../../arm-none-eabi/lib/thumb/v7e-m+fp/hard\libc_nano.a(lib_a-nano-msizer.o)
                0x08006060                _malloc_usable_size_r
 .text._raise_r
                0x08006070       0x50 c:/gnu/gnu_arm_embedded_toolchain/10-2020-q4-major/bin/../lib/gcc/arm-none-eabi/10.2.1/../../../../arm-none-eabi/lib/thumb/v7e-m+fp/hard\libc_nano.a(lib_a-signal.o)
                0x08006070                _raise_r
 .text.raise    0x080060c0       0x10 c:/gnu/gnu_arm_embedded_toolchain/10-2020-q4-major/bin/../lib/gcc/arm-none-eabi/10.2.1/../../../../arm-none-eabi/lib/thumb/v7e-m+fp/hard\libc_nano.a(lib_a-signal.o)
                0x080060c0                raise
 .text._kill_r  0x080060d0       0x24 c:/gnu/gnu_arm_embedded_toolchain/10-2020-q4-major/bin/../lib/gcc/arm-none-eabi/10.2.1/../../../../arm-none-eabi/lib/thumb/v7e-m+fp/hard\libc_nano.a(lib_a-signalr.o)
                0x080060d0                _kill_r
 .text._getpid_r
                0x080060f4        0x4 c:/gnu/gnu_arm_embedded_toolchain/10-2020-q4-major/bin/../lib/gcc/arm-none-eabi/10.2.1/../../../../arm-none-eabi/lib/thumb/v7e-m+fp/hard\libc_nano.a(lib_a-signalr.o)
                0x080060f4                _getpid_r
 .text.__sread  0x080060f8       0x22 c:/gnu/gnu_arm_embedded_toolchain/10-2020-q4-major/bin/../lib/gcc/arm-none-eabi/10.2.1/../../../../arm-none-eabi/lib/thumb/v7e-m+fp/hard\libc_nano.a(lib_a-stdio.o)
                0x080060f8                __sread
 .text.__swrite
                0x0800611a       0x38 c:/gnu/gnu_arm_embedded_toolchain/10-2020-q4-major/bin/../lib/gcc/arm-none-eabi/10.2.1/../../../../arm-none-eabi/lib/thumb/v7e-m+fp/hard\libc_nano.a(lib_a-stdio.o)
                0x0800611a                __swrite
 .text.__sseek  0x08006152       0x24 c:/gnu/gnu_arm_embedded_toolchain/10-2020-q4-major/bin/../lib/gcc/arm-none-eabi/10.2.1/../../../../arm-none-eabi/lib/thumb/v7e-m+fp/hard\libc_nano.a(lib_a-stdio.o)
                0x08006152                __sseek
 .text.__sclose
                0x08006176        0x8 c:/gnu/gnu_arm_embedded_toolchain/10-2020-q4-major/bin/../lib/gcc/arm-none-eabi/10.2.1/../../../../arm-none-eabi/lib/thumb/v7e-m+fp/hard\libc_nano.a(lib_a-stdio.o)
                0x08006176                __sclose
 *fill*         0x0800617e        0x2 
 .text._write_r
                0x08006180       0x24 c:/gnu/gnu_arm_embedded_toolchain/10-2020-q4-major/bin/../lib/gcc/arm-none-eabi/10.2.1/../../../../arm-none-eabi/lib/thumb/v7e-m+fp/hard\libc_nano.a(lib_a-writer.o)
                0x08006180                _write_r
 .text._close_r
                0x080061a4       0x20 c:/gnu/gnu_arm_embedded_toolchain/10-2020-q4-major/bin/../lib/gcc/arm-none-eabi/10.2.1/../../../../arm-none-eabi/lib/thumb/v7e-m+fp/hard\libc_nano.a(lib_a-closer.o)
                0x080061a4                _close_r
 .text._fstat_r
                0x080061c4       0x24 c:/gnu/gnu_arm_embedded_toolchain/10-2020-q4-major/bin/../lib/gcc/arm-none-eabi/10.2.1/../../../../arm-none-eabi/lib/thumb/v7e-m+fp/hard\libc_nano.a(lib_a-fstatr.o)
                0x080061c4                _fstat_r
 .text._isatty_r
                0x080061e8       0x20 c:/gnu/gnu_arm_embedded_toolchain/10-2020-q4-major/bin/../lib/gcc/arm-none-eabi/10.2.1/../../../../arm-none-eabi/lib/thumb/v7e-m+fp/hard\libc_nano.a(lib_a-isattyr.o)
                0x080061e8                _isatty_r
 .text._lseek_r
                0x08006208       0x24 c:/gnu/gnu_arm_embedded_toolchain/10-2020-q4-major/bin/../lib/gcc/arm-none-eabi/10.2.1/../../../../arm-none-eabi/lib/thumb/v7e-m+fp/hard\libc_nano.a(lib_a-lseekr.o)
                0x08006208                _lseek_r
 .text._read_r  0x0800622c       0x24 c:/gnu/gnu_arm_embedded_toolchain/10-2020-q4-major/bin/../lib/gcc/arm-none-eabi/10.2.1/../../../../arm-none-eabi/lib/thumb/v7e-m+fp/hard\libc_nano.a(lib_a-readr.o)
                0x0800622c                _read_r
 .text._close   0x08006250       0x10 c:/gnu/gnu_arm_embedded_toolchain/10-2020-q4-major/bin/../lib/gcc/arm-none-eabi/10.2.1/../../../../arm-none-eabi/lib/thumb/v7e-m+fp/hard\libnosys.a(close.o)
                0x08006250                _close
 .text._fstat   0x08006260       0x10 c:/gnu/gnu_arm_embedded_toolchain/10-2020-q4-major/bin/../lib/gcc/arm-none-eabi/10.2.1/../../../../arm-none-eabi/lib/thumb/v7e-m+fp/hard\libnosys.a(fstat.o)
                0x08006260                _fstat
 .text._getpid  0x08006270       0x10 c:/gnu/gnu_arm_embedded_toolchain/10-2020-q4-major/bin/../lib/gcc/arm-none-eabi/10.2.1/../../../../arm-none-eabi/lib/thumb/v7e-m+fp/hard\libnosys.a(getpid.o)
                0x08006270                _getpid
 .text._isatty  0x08006280       0x10 c:/gnu/gnu_arm_embedded_toolchain/10-2020-q4-major/bin/../lib/gcc/arm-none-eabi/10.2.1/../../../../arm-none-eabi/lib/thumb/v7e-m+fp/hard\libnosys.a(isatty.o)
                0x08006280                _isatty
 .text._kill    0x08006290       0x10 c:/gnu/gnu_arm_embedded_toolchain/10-2020-q4-major/bin/../lib/gcc/arm-none-eabi/10.2.1/../../../../arm-none-eabi/lib/thumb/v7e-m+fp/hard\libnosys.a(kill.o)
                0x08006290                _kill
 .text._lseek   0x080062a0       0x10 c:/gnu/gnu_arm_embedded_toolchain/10-2020-q4-major/bin/../lib/gcc/arm-none-eabi/10.2.1/../../../../arm-none-eabi/lib/thumb/v7e-m+fp/hard\libnosys.a(lseek.o)
                0x080062a0                _lseek
 .text._read    0x080062b0       0x10 c:/gnu/gnu_arm_embedded_toolchain/10-2020-q4-major/bin/../lib/gcc/arm-none-eabi/10.2.1/../../../../arm-none-eabi/lib/thumb/v7e-m+fp/hard\libnosys.a(read.o)
                0x080062b0                _read
 .text._sbrk    0x080062c0       0x1c c:/gnu/gnu_arm_embedded_toolchain/10-2020-q4-major/bin/../lib/gcc/arm-none-eabi/10.2.1/../../../../arm-none-eabi/lib/thumb/v7e-m+fp/hard\libnosys.a(sbrk.o)
                0x080062c0                _sbrk
 .text._write   0x080062dc       0x10 c:/gnu/gnu_arm_embedded_toolchain/10-2020-q4-major/bin/../lib/gcc/arm-none-eabi/10.2.1/../../../../arm-none-eabi/lib/thumb/v7e-m+fp/hard\libnosys.a(write.o)
                0x080062dc                _write
 .text._exit    0x080062ec        0x4 c:/gnu/gnu_arm_embedded_toolchain/10-2020-q4-major/bin/../lib/gcc/arm-none-eabi/10.2.1/../../../../arm-none-eabi/lib/thumb/v7e-m+fp/hard\libnosys.a(_exit.o)
                0x080062ec                _exit
 *(.glue_7)
 .glue_7        0x080062f0        0x0 linker stubs
 *(.glue_7t)
 .glue_7t       0x080062f0        0x0 linker stubs
 *(.eh_frame)
 .eh_frame      0x080062f0        0x0 c:/gnu/gnu_arm_embedded_toolchain/10-2020-q4-major/bin/../lib/gcc/arm-none-eabi/10.2.1/thumb/v7e-m+fp/hard/crtbegin.o
 *(.init)
 .init          0x080062f0        0x4 c:/gnu/gnu_arm_embedded_toolchain/10-2020-q4-major/bin/../lib/gcc/arm-none-eabi/10.2.1/thumb/v7e-m+fp/hard/crti.o
                0x080062f0                _init
 .init          0x080062f4        0x8 c:/gnu/gnu_arm_embedded_toolchain/10-2020-q4-major/bin/../lib/gcc/arm-none-eabi/10.2.1/thumb/v7e-m+fp/hard/crtn.o
 *(.fini)
 .fini          0x080062fc        0x4 c:/gnu/gnu_arm_embedded_toolchain/10-2020-q4-major/bin/../lib/gcc/arm-none-eabi/10.2.1/thumb/v7e-m+fp/hard/crti.o
                0x080062fc                _fini
 .fini          0x08006300        0x8 c:/gnu/gnu_arm_embedded_toolchain/10-2020-q4-major/bin/../lib/gcc/arm-none-eabi/10.2.1/thumb/v7e-m+fp/hard/crtn.o
                0x08006308                . = ALIGN (0x4)
                0x08006308                _etext = .

.vfp11_veneer   0x08006308        0x0
 .vfp11_veneer  0x08006308        0x0 linker stubs

.v4_bx          0x08006308        0x0
 .v4_bx         0x08006308        0x0 linker stubs

.iplt           0x08006308        0x0
 .iplt          0x08006308        0x0 c:/gnu/gnu_arm_embedded_toolchain/10-2020-q4-major/bin/../lib/gcc/arm-none-eabi/10.2.1/thumb/v7e-m+fp/hard/crtbegin.o

.rodata         0x08006308      0x4c4
                0x08006308                . = ALIGN (0x4)
 *(.rodata)
 *(.rodata*)
 .rodata.HAL_UART_RxCpltCallback.str1.4
                0x08006308       0x2d build/main.o
 *fill*         0x08006335        0x3 
 .rodata.main.str1.4
                0x08006338       0x58 build/main.o
 .rodata.flagBitshiftOffset.0
                0x08006390        0x8 build/stm32f4xx_hal_dma.o
 .rodata.AHBPrescTable
                0x08006398       0x10 build/system_stm32f4xx.o
                0x08006398                AHBPrescTable
 .rodata.APBPrescTable
                0x080063a8        0x8 build/system_stm32f4xx.o
                0x080063a8                APBPrescTable
 .rodata._global_impure_ptr
                0x080063b0        0x4 c:/gnu/gnu_arm_embedded_toolchain/10-2020-q4-major/bin/../lib/gcc/arm-none-eabi/10.2.1/../../../../arm-none-eabi/lib/thumb/v7e-m+fp/hard\libc_nano.a(lib_a-impure.o)
                0x080063b0                _global_impure_ptr
 .rodata._printf_float.str1.1
                0x080063b4       0x12 c:/gnu/gnu_arm_embedded_toolchain/10-2020-q4-major/bin/../lib/gcc/arm-none-eabi/10.2.1/../../../../arm-none-eabi/lib/thumb/v7e-m+fp/hard\libc_nano.a(lib_a-nano-vfprintf_float.o)
 .rodata._printf_i.str1.1
                0x080063c6       0x22 c:/gnu/gnu_arm_embedded_toolchain/10-2020-q4-major/bin/../lib/gcc/arm-none-eabi/10.2.1/../../../../arm-none-eabi/lib/thumb/v7e-m+fp/hard\libc_nano.a(lib_a-nano-vfprintf_i.o)
 .rodata._dtoa_r.str1.1
                0x080063e8       0xb2 c:/gnu/gnu_arm_embedded_toolchain/10-2020-q4-major/bin/../lib/gcc/arm-none-eabi/10.2.1/../../../../arm-none-eabi/lib/thumb/v7e-m+fp/hard\libc_nano.a(lib_a-dtoa.o)
                                 0xb4 (size before relaxing)
 .rodata._Balloc.str1.1
                0x0800649a       0x7e c:/gnu/gnu_arm_embedded_toolchain/10-2020-q4-major/bin/../lib/gcc/arm-none-eabi/10.2.1/../../../../arm-none-eabi/lib/thumb/v7e-m+fp/hard\libc_nano.a(lib_a-mprec.o)
                                 0x95 (size before relaxing)
 .rodata.__multadd.str1.1
                0x08006518       0x11 c:/gnu/gnu_arm_embedded_toolchain/10-2020-q4-major/bin/../lib/gcc/arm-none-eabi/10.2.1/../../../../arm-none-eabi/lib/thumb/v7e-m+fp/hard\libc_nano.a(lib_a-mprec.o)
 .rodata.__mprec_bigtens
                0x08006518       0x28 c:/gnu/gnu_arm_embedded_toolchain/10-2020-q4-major/bin/../lib/gcc/arm-none-eabi/10.2.1/../../../../arm-none-eabi/lib/thumb/v7e-m+fp/hard\libc_nano.a(lib_a-mprec.o)
                0x08006518                __mprec_bigtens
 .rodata.__mprec_tens
                0x08006540       0xc8 c:/gnu/gnu_arm_embedded_toolchain/10-2020-q4-major/bin/../lib/gcc/arm-none-eabi/10.2.1/../../../../arm-none-eabi/lib/thumb/v7e-m+fp/hard\libc_nano.a(lib_a-mprec.o)
                0x08006540                __mprec_tens
 .rodata.p05.0  0x08006608        0xc c:/gnu/gnu_arm_embedded_toolchain/10-2020-q4-major/bin/../lib/gcc/arm-none-eabi/10.2.1/../../../../arm-none-eabi/lib/thumb/v7e-m+fp/hard\libc_nano.a(lib_a-mprec.o)
 .rodata._svfprintf_r.str1.1
                0x08006614       0x11 c:/gnu/gnu_arm_embedded_toolchain/10-2020-q4-major/bin/../lib/gcc/arm-none-eabi/10.2.1/../../../../arm-none-eabi/lib/thumb/v7e-m+fp/hard\libc_nano.a(lib_a-nano-svfprintf.o)
 .rodata.__assert_func.str1.1
                0x08006625       0x3c c:/gnu/gnu_arm_embedded_toolchain/10-2020-q4-major/bin/../lib/gcc/arm-none-eabi/10.2.1/../../../../arm-none-eabi/lib/thumb/v7e-m+fp/hard\libc_nano.a(lib_a-assert.o)
                                 0x3d (size before relaxing)
 .rodata._setlocale_r.str1.1
                0x08006661        0x8 c:/gnu/gnu_arm_embedded_toolchain/10-2020-q4-major/bin/../lib/gcc/arm-none-eabi/10.2.1/../../../../arm-none-eabi/lib/thumb/v7e-m+fp/hard\libc_nano.a(lib_a-locale.o)
                                  0x9 (size before relaxing)
 .rodata.str1.1
                0x08006669        0x2 c:/gnu/gnu_arm_embedded_toolchain/10-2020-q4-major/bin/../lib/gcc/arm-none-eabi/10.2.1/../../../../arm-none-eabi/lib/thumb/v7e-m+fp/hard\libc_nano.a(lib_a-locale.o)
 .rodata._vfprintf_r.str1.1
                0x0800666b       0x11 c:/gnu/gnu_arm_embedded_toolchain/10-2020-q4-major/bin/../lib/gcc/arm-none-eabi/10.2.1/../../../../arm-none-eabi/lib/thumb/v7e-m+fp/hard\libc_nano.a(lib_a-nano-vfprintf.o)
 .rodata._ctype_
                0x0800666b      0x101 c:/gnu/gnu_arm_embedded_toolchain/10-2020-q4-major/bin/../lib/gcc/arm-none-eabi/10.2.1/../../../../arm-none-eabi/lib/thumb/v7e-m+fp/hard\libc_nano.a(lib_a-ctype_.o)
                0x0800666b                _ctype_
 .rodata.__sf_fake_stderr
                0x0800676c       0x20 c:/gnu/gnu_arm_embedded_toolchain/10-2020-q4-major/bin/../lib/gcc/arm-none-eabi/10.2.1/../../../../arm-none-eabi/lib/thumb/v7e-m+fp/hard\libc_nano.a(lib_a-findfp.o)
                0x0800676c                __sf_fake_stderr
 .rodata.__sf_fake_stdin
                0x0800678c       0x20 c:/gnu/gnu_arm_embedded_toolchain/10-2020-q4-major/bin/../lib/gcc/arm-none-eabi/10.2.1/../../../../arm-none-eabi/lib/thumb/v7e-m+fp/hard\libc_nano.a(lib_a-findfp.o)
                0x0800678c                __sf_fake_stdin
 .rodata.__sf_fake_stdout
                0x080067ac       0x20 c:/gnu/gnu_arm_embedded_toolchain/10-2020-q4-major/bin/../lib/gcc/arm-none-eabi/10.2.1/../../../../arm-none-eabi/lib/thumb/v7e-m+fp/hard\libc_nano.a(lib_a-findfp.o)
                0x080067ac                __sf_fake_stdout
                0x080067cc                . = ALIGN (0x4)

.ARM.extab
 *(.ARM.extab* .gnu.linkonce.armextab.*)

.ARM            0x080067cc        0x8
                0x080067cc                __exidx_start = .
 *(.ARM.exidx*)
 .ARM.exidx     0x080067cc        0x8 c:/gnu/gnu_arm_embedded_toolchain/10-2020-q4-major/bin/../lib/gcc/arm-none-eabi/10.2.1/thumb/v7e-m+fp/hard\libgcc.a(_udivmoddi4.o)
                0x080067d4                __exidx_end = .

.rel.dyn        0x080067d4        0x0
 .rel.iplt      0x080067d4        0x0 c:/gnu/gnu_arm_embedded_toolchain/10-2020-q4-major/bin/../lib/gcc/arm-none-eabi/10.2.1/thumb/v7e-m+fp/hard/crtbegin.o

.preinit_array  0x080067d4        0x0
                0x080067d4                PROVIDE (__preinit_array_start = .)
 *(.preinit_array*)
                0x080067d4                PROVIDE (__preinit_array_end = .)

.init_array     0x080067d4        0x4
                0x080067d4                PROVIDE (__init_array_start = .)
 *(SORT_BY_NAME(.init_array.*))
 *(.init_array*)
 .init_array    0x080067d4        0x4 c:/gnu/gnu_arm_embedded_toolchain/10-2020-q4-major/bin/../lib/gcc/arm-none-eabi/10.2.1/thumb/v7e-m+fp/hard/crtbegin.o
                0x080067d8                PROVIDE (__init_array_end = .)

.fini_array     0x080067d8        0x4
                [!provide]                PROVIDE (__fini_array_start = .)
 *(SORT_BY_NAME(.fini_array.*))
 *(.fini_array*)
 .fini_array    0x080067d8        0x4 c:/gnu/gnu_arm_embedded_toolchain/10-2020-q4-major/bin/../lib/gcc/arm-none-eabi/10.2.1/thumb/v7e-m+fp/hard/crtbegin.o
                [!provide]                PROVIDE (__fini_array_end = .)
                0x080067dc                _sidata = LOADADDR (.data)

.data           0x20000000      0x1dc load address 0x080067dc
                0x20000000                . = ALIGN (0x4)
                0x20000000                _sdata = .
 *(.data)
 *(.data*)
 .data.uwTickFreq
                0x20000000        0x1 build/stm32f4xx_hal.o
                0x20000000                uwTickFreq
 *fill*         0x20000001        0x3 
 .data.uwTickPrio
                0x20000004        0x4 build/stm32f4xx_hal.o
                0x20000004                uwTickPrio
 .data.SystemCoreClock
                0x20000008        0x4 build/system_stm32f4xx.o
                0x20000008                SystemCoreClock
 .data._impure_ptr
                0x2000000c        0x4 c:/gnu/gnu_arm_embedded_toolchain/10-2020-q4-major/bin/../lib/gcc/arm-none-eabi/10.2.1/../../../../arm-none-eabi/lib/thumb/v7e-m+fp/hard\libc_nano.a(lib_a-impure.o)
                0x2000000c                _impure_ptr
 .data.impure_data
                0x20000010       0x60 c:/gnu/gnu_arm_embedded_toolchain/10-2020-q4-major/bin/../lib/gcc/arm-none-eabi/10.2.1/../../../../arm-none-eabi/lib/thumb/v7e-m+fp/hard\libc_nano.a(lib_a-impure.o)
 .data.__global_locale
                0x20000070      0x16c c:/gnu/gnu_arm_embedded_toolchain/10-2020-q4-major/bin/../lib/gcc/arm-none-eabi/10.2.1/../../../../arm-none-eabi/lib/thumb/v7e-m+fp/hard\libc_nano.a(lib_a-locale.o)
                0x20000070                __global_locale
                0x200001dc                . = ALIGN (0x4)
                0x200001dc                _edata = .

.igot.plt       0x200001dc        0x0 load address 0x080069b8
 .igot.plt      0x200001dc        0x0 c:/gnu/gnu_arm_embedded_toolchain/10-2020-q4-major/bin/../lib/gcc/arm-none-eabi/10.2.1/thumb/v7e-m+fp/hard/crtbegin.o
                0x200001dc                . = ALIGN (0x4)

.bss            0x200001dc      0x244 load address 0x080069b8
                0x200001dc                _sbss = .
                0x200001dc                __bss_start__ = _sbss
 *(.bss)
 .bss           0x200001dc       0x1c c:/gnu/gnu_arm_embedded_toolchain/10-2020-q4-major/bin/../lib/gcc/arm-none-eabi/10.2.1/thumb/v7e-m+fp/hard/crtbegin.o
 *(.bss*)
 .bss.UART2_rxBuffer
                0x200001f8        0x6 build/main.o
                0x200001f8                UART2_rxBuffer
 .bss.handshake
                0x200001fe        0x1 build/main.o
                0x200001fe                handshake
 *fill*         0x200001ff        0x1 
 .bss.message   0x20000200      0x100 build/main.o
                0x20000200                message
 .bss.rcv_command
                0x20000300        0x4 build/main.o
                0x20000300                rcv_command
 .bss.send      0x20000304        0x1 build/main.o
                0x20000304                send
 *fill*         0x20000305        0x3 
 .bss.hi2c1     0x20000308       0x54 build/i2c.o
                0x20000308                hi2c1
 .bss.hdma_usart2_rx
                0x2000035c       0x60 build/usart.o
                0x2000035c                hdma_usart2_rx
 .bss.huart2    0x200003bc       0x44 build/usart.o
                0x200003bc                huart2
 .bss.uwTick    0x20000400        0x4 build/stm32f4xx_hal.o
                0x20000400                uwTick
 .bss._buff     0x20000404        0x6 build/adxl345.o
                0x20000404                _buff
 .bss._status   0x2000040a        0x1 build/adxl345.o
                0x2000040a                _status
 *fill*         0x2000040b        0x1 
 .bss.__malloc_free_list
                0x2000040c        0x4 c:/gnu/gnu_arm_embedded_toolchain/10-2020-q4-major/bin/../lib/gcc/arm-none-eabi/10.2.1/../../../../arm-none-eabi/lib/thumb/v7e-m+fp/hard\libc_nano.a(lib_a-nano-mallocr.o)
                0x2000040c                __malloc_free_list
 .bss.__malloc_sbrk_start
                0x20000410        0x4 c:/gnu/gnu_arm_embedded_toolchain/10-2020-q4-major/bin/../lib/gcc/arm-none-eabi/10.2.1/../../../../arm-none-eabi/lib/thumb/v7e-m+fp/hard\libc_nano.a(lib_a-nano-mallocr.o)
                0x20000410                __malloc_sbrk_start
 .bss.errno     0x20000414        0x4 c:/gnu/gnu_arm_embedded_toolchain/10-2020-q4-major/bin/../lib/gcc/arm-none-eabi/10.2.1/../../../../arm-none-eabi/lib/thumb/v7e-m+fp/hard\libc_nano.a(lib_a-reent.o)
                0x20000414                errno
 .bss.__lock___malloc_recursive_mutex
                0x20000418        0x1 c:/gnu/gnu_arm_embedded_toolchain/10-2020-q4-major/bin/../lib/gcc/arm-none-eabi/10.2.1/../../../../arm-none-eabi/lib/thumb/v7e-m+fp/hard\libc_nano.a(lib_a-lock.o)
                0x20000418                __lock___malloc_recursive_mutex
 .bss.__lock___sfp_recursive_mutex
                0x20000419        0x1 c:/gnu/gnu_arm_embedded_toolchain/10-2020-q4-major/bin/../lib/gcc/arm-none-eabi/10.2.1/../../../../arm-none-eabi/lib/thumb/v7e-m+fp/hard\libc_nano.a(lib_a-lock.o)
                0x20000419                __lock___sfp_recursive_mutex
 .bss.__lock___sinit_recursive_mutex
                0x2000041a        0x1 c:/gnu/gnu_arm_embedded_toolchain/10-2020-q4-major/bin/../lib/gcc/arm-none-eabi/10.2.1/../../../../arm-none-eabi/lib/thumb/v7e-m+fp/hard\libc_nano.a(lib_a-lock.o)
                0x2000041a                __lock___sinit_recursive_mutex
 *fill*         0x2000041b        0x1 
 .bss.heap_end.0
                0x2000041c        0x4 c:/gnu/gnu_arm_embedded_toolchain/10-2020-q4-major/bin/../lib/gcc/arm-none-eabi/10.2.1/../../../../arm-none-eabi/lib/thumb/v7e-m+fp/hard\libnosys.a(sbrk.o)
 *(COMMON)
                0x20000420                . = ALIGN (0x4)
                0x20000420                _ebss = .
                0x20000420                __bss_end__ = _ebss

._user_heap_stack
                0x20000420      0x600 load address 0x080069b8
                0x20000420                . = ALIGN (0x8)
                0x20000420                PROVIDE (end = .)
                [!provide]                PROVIDE (_end = .)
                0x20000620                . = (. + _Min_Heap_Size)
 *fill*         0x20000420      0x200 
                0x20000a20                . = (. + _Min_Stack_Size)
 *fill*         0x20000620      0x400 
                0x20000a20                . = ALIGN (0x8)

/DISCARD/
 libc.a(*)
 libm.a(*)
 libgcc.a(*)

.ARM.attributes
                0x00000000       0x30
 *(.ARM.attributes)
 .ARM.attributes
                0x00000000       0x1e c:/gnu/gnu_arm_embedded_toolchain/10-2020-q4-major/bin/../lib/gcc/arm-none-eabi/10.2.1/thumb/v7e-m+fp/hard/crti.o
 .ARM.attributes
                0x0000001e       0x34 c:/gnu/gnu_arm_embedded_toolchain/10-2020-q4-major/bin/../lib/gcc/arm-none-eabi/10.2.1/thumb/v7e-m+fp/hard/crtbegin.o
 .ARM.attributes
                0x00000052       0x34 build/main.o
 .ARM.attributes
                0x00000086       0x34 build/gpio.o
 .ARM.attributes
                0x000000ba       0x34 build/i2c.o
 .ARM.attributes
                0x000000ee       0x34 build/usart.o
 .ARM.attributes
                0x00000122       0x34 build/stm32f4xx_it.o
 .ARM.attributes
                0x00000156       0x34 build/stm32f4xx_hal_msp.o
 .ARM.attributes
                0x0000018a       0x34 build/stm32f4xx_hal_i2c.o
 .ARM.attributes
                0x000001be       0x34 build/stm32f4xx_hal_rcc.o
 .ARM.attributes
                0x000001f2       0x34 build/stm32f4xx_hal_rcc_ex.o
 .ARM.attributes
                0x00000226       0x34 build/stm32f4xx_hal_gpio.o
 .ARM.attributes
                0x0000025a       0x34 build/stm32f4xx_hal_dma.o
 .ARM.attributes
                0x0000028e       0x34 build/stm32f4xx_hal_cortex.o
 .ARM.attributes
                0x000002c2       0x34 build/stm32f4xx_hal.o
 .ARM.attributes
                0x000002f6       0x34 build/stm32f4xx_hal_uart.o
 .ARM.attributes
                0x0000032a       0x34 build/system_stm32f4xx.o
 .ARM.attributes
                0x0000035e       0x34 build/adxl345.o
 .ARM.attributes
                0x00000392       0x34 build/dma.o
 .ARM.attributes
                0x000003c6       0x21 build/startup_stm32f446xx.o
 .ARM.attributes
                0x000003e7       0x32 c:/gnu/gnu_arm_embedded_toolchain/10-2020-q4-major/bin/../lib/gcc/arm-none-eabi/10.2.1/../../../../arm-none-eabi/lib/thumb/v7e-m+fp/hard\libc_nano.a(lib_a-impure.o)
 .ARM.attributes
                0x00000419       0x34 c:/gnu/gnu_arm_embedded_toolchain/10-2020-q4-major/bin/../lib/gcc/arm-none-eabi/10.2.1/../../../../arm-none-eabi/lib/thumb/v7e-m+fp/hard\libc_nano.a(lib_a-init.o)
 .ARM.attributes
                0x0000044d       0x34 c:/gnu/gnu_arm_embedded_toolchain/10-2020-q4-major/bin/../lib/gcc/arm-none-eabi/10.2.1/../../../../arm-none-eabi/lib/thumb/v7e-m+fp/hard\libc_nano.a(lib_a-memset.o)
 .ARM.attributes
                0x00000481       0x34 c:/gnu/gnu_arm_embedded_toolchain/10-2020-q4-major/bin/../lib/gcc/arm-none-eabi/10.2.1/../../../../arm-none-eabi/lib/thumb/v7e-m+fp/hard\libc_nano.a(lib_a-nano-vfprintf_float.o)
 .ARM.attributes
                0x000004b5       0x34 c:/gnu/gnu_arm_embedded_toolchain/10-2020-q4-major/bin/../lib/gcc/arm-none-eabi/10.2.1/../../../../arm-none-eabi/lib/thumb/v7e-m+fp/hard\libc_nano.a(lib_a-nano-vfprintf_i.o)
 .ARM.attributes
                0x000004e9       0x34 c:/gnu/gnu_arm_embedded_toolchain/10-2020-q4-major/bin/../lib/gcc/arm-none-eabi/10.2.1/../../../../arm-none-eabi/lib/thumb/v7e-m+fp/hard\libc_nano.a(lib_a-sprintf.o)
 .ARM.attributes
                0x0000051d       0x17 c:/gnu/gnu_arm_embedded_toolchain/10-2020-q4-major/bin/../lib/gcc/arm-none-eabi/10.2.1/../../../../arm-none-eabi/lib/thumb/v7e-m+fp/hard\libc_nano.a(lib_a-strlen.o)
 .ARM.attributes
                0x00000534       0x34 c:/gnu/gnu_arm_embedded_toolchain/10-2020-q4-major/bin/../lib/gcc/arm-none-eabi/10.2.1/../../../../arm-none-eabi/lib/thumb/v7e-m+fp/hard\libc_nano.a(lib_a-dtoa.o)
 .ARM.attributes
                0x00000568       0x34 c:/gnu/gnu_arm_embedded_toolchain/10-2020-q4-major/bin/../lib/gcc/arm-none-eabi/10.2.1/../../../../arm-none-eabi/lib/thumb/v7e-m+fp/hard\libc_nano.a(lib_a-localeconv.o)
 .ARM.attributes
                0x0000059c       0x34 c:/gnu/gnu_arm_embedded_toolchain/10-2020-q4-major/bin/../lib/gcc/arm-none-eabi/10.2.1/../../../../arm-none-eabi/lib/thumb/v7e-m+fp/hard\libc_nano.a(lib_a-malloc.o)
 .ARM.attributes
                0x000005d0       0x1c c:/gnu/gnu_arm_embedded_toolchain/10-2020-q4-major/bin/../lib/gcc/arm-none-eabi/10.2.1/../../../../arm-none-eabi/lib/thumb/v7e-m+fp/hard\libc_nano.a(lib_a-memchr.o)
 .ARM.attributes
                0x000005ec       0x34 c:/gnu/gnu_arm_embedded_toolchain/10-2020-q4-major/bin/../lib/gcc/arm-none-eabi/10.2.1/../../../../arm-none-eabi/lib/thumb/v7e-m+fp/hard\libc_nano.a(lib_a-memcpy-stub.o)
 .ARM.attributes
                0x00000620       0x34 c:/gnu/gnu_arm_embedded_toolchain/10-2020-q4-major/bin/../lib/gcc/arm-none-eabi/10.2.1/../../../../arm-none-eabi/lib/thumb/v7e-m+fp/hard\libc_nano.a(lib_a-mprec.o)
 .ARM.attributes
                0x00000654       0x34 c:/gnu/gnu_arm_embedded_toolchain/10-2020-q4-major/bin/../lib/gcc/arm-none-eabi/10.2.1/../../../../arm-none-eabi/lib/thumb/v7e-m+fp/hard\libc_nano.a(lib_a-nano-callocr.o)
 .ARM.attributes
                0x00000688       0x34 c:/gnu/gnu_arm_embedded_toolchain/10-2020-q4-major/bin/../lib/gcc/arm-none-eabi/10.2.1/../../../../arm-none-eabi/lib/thumb/v7e-m+fp/hard\libc_nano.a(lib_a-nano-freer.o)
 .ARM.attributes
                0x000006bc       0x34 c:/gnu/gnu_arm_embedded_toolchain/10-2020-q4-major/bin/../lib/gcc/arm-none-eabi/10.2.1/../../../../arm-none-eabi/lib/thumb/v7e-m+fp/hard\libc_nano.a(lib_a-nano-mallocr.o)
 .ARM.attributes
                0x000006f0       0x34 c:/gnu/gnu_arm_embedded_toolchain/10-2020-q4-major/bin/../lib/gcc/arm-none-eabi/10.2.1/../../../../arm-none-eabi/lib/thumb/v7e-m+fp/hard\libc_nano.a(lib_a-nano-svfprintf.o)
 .ARM.attributes
                0x00000724       0x34 c:/gnu/gnu_arm_embedded_toolchain/10-2020-q4-major/bin/../lib/gcc/arm-none-eabi/10.2.1/../../../../arm-none-eabi/lib/thumb/v7e-m+fp/hard\libc_nano.a(lib_a-sbrkr.o)
 .ARM.attributes
                0x00000758       0x34 c:/gnu/gnu_arm_embedded_toolchain/10-2020-q4-major/bin/../lib/gcc/arm-none-eabi/10.2.1/../../../../arm-none-eabi/lib/thumb/v7e-m+fp/hard\libc_nano.a(lib_a-assert.o)
 .ARM.attributes
                0x0000078c       0x34 c:/gnu/gnu_arm_embedded_toolchain/10-2020-q4-major/bin/../lib/gcc/arm-none-eabi/10.2.1/../../../../arm-none-eabi/lib/thumb/v7e-m+fp/hard\libc_nano.a(lib_a-fprintf.o)
 .ARM.attributes
                0x000007c0       0x34 c:/gnu/gnu_arm_embedded_toolchain/10-2020-q4-major/bin/../lib/gcc/arm-none-eabi/10.2.1/../../../../arm-none-eabi/lib/thumb/v7e-m+fp/hard\libc_nano.a(lib_a-locale.o)
 .ARM.attributes
                0x000007f4       0x34 c:/gnu/gnu_arm_embedded_toolchain/10-2020-q4-major/bin/../lib/gcc/arm-none-eabi/10.2.1/../../../../arm-none-eabi/lib/thumb/v7e-m+fp/hard\libc_nano.a(lib_a-mbtowc_r.o)
 .ARM.attributes
                0x00000828       0x34 c:/gnu/gnu_arm_embedded_toolchain/10-2020-q4-major/bin/../lib/gcc/arm-none-eabi/10.2.1/../../../../arm-none-eabi/lib/thumb/v7e-m+fp/hard\libc_nano.a(lib_a-memmove.o)
 .ARM.attributes
                0x0000085c       0x34 c:/gnu/gnu_arm_embedded_toolchain/10-2020-q4-major/bin/../lib/gcc/arm-none-eabi/10.2.1/../../../../arm-none-eabi/lib/thumb/v7e-m+fp/hard\libc_nano.a(lib_a-mlock.o)
 .ARM.attributes
                0x00000890       0x34 c:/gnu/gnu_arm_embedded_toolchain/10-2020-q4-major/bin/../lib/gcc/arm-none-eabi/10.2.1/../../../../arm-none-eabi/lib/thumb/v7e-m+fp/hard\libc_nano.a(lib_a-nano-reallocr.o)
 .ARM.attributes
                0x000008c4       0x34 c:/gnu/gnu_arm_embedded_toolchain/10-2020-q4-major/bin/../lib/gcc/arm-none-eabi/10.2.1/../../../../arm-none-eabi/lib/thumb/v7e-m+fp/hard\libc_nano.a(lib_a-nano-vfprintf.o)
 .ARM.attributes
                0x000008f8       0x34 c:/gnu/gnu_arm_embedded_toolchain/10-2020-q4-major/bin/../lib/gcc/arm-none-eabi/10.2.1/../../../../arm-none-eabi/lib/thumb/v7e-m+fp/hard\libc_nano.a(lib_a-reent.o)
 .ARM.attributes
                0x0000092c       0x34 c:/gnu/gnu_arm_embedded_toolchain/10-2020-q4-major/bin/../lib/gcc/arm-none-eabi/10.2.1/../../../../arm-none-eabi/lib/thumb/v7e-m+fp/hard\libc_nano.a(lib_a-wbuf.o)
 .ARM.attributes
                0x00000960       0x34 c:/gnu/gnu_arm_embedded_toolchain/10-2020-q4-major/bin/../lib/gcc/arm-none-eabi/10.2.1/../../../../arm-none-eabi/lib/thumb/v7e-m+fp/hard\libc_nano.a(lib_a-wctomb_r.o)
 .ARM.attributes
                0x00000994       0x34 c:/gnu/gnu_arm_embedded_toolchain/10-2020-q4-major/bin/../lib/gcc/arm-none-eabi/10.2.1/../../../../arm-none-eabi/lib/thumb/v7e-m+fp/hard\libc_nano.a(lib_a-wsetup.o)
 .ARM.attributes
                0x000009c8       0x34 c:/gnu/gnu_arm_embedded_toolchain/10-2020-q4-major/bin/../lib/gcc/arm-none-eabi/10.2.1/../../../../arm-none-eabi/lib/thumb/v7e-m+fp/hard\libc_nano.a(lib_a-abort.o)
 .ARM.attributes
                0x000009fc       0x32 c:/gnu/gnu_arm_embedded_toolchain/10-2020-q4-major/bin/../lib/gcc/arm-none-eabi/10.2.1/../../../../arm-none-eabi/lib/thumb/v7e-m+fp/hard\libc_nano.a(lib_a-ctype_.o)
 .ARM.attributes
                0x00000a2e       0x34 c:/gnu/gnu_arm_embedded_toolchain/10-2020-q4-major/bin/../lib/gcc/arm-none-eabi/10.2.1/../../../../arm-none-eabi/lib/thumb/v7e-m+fp/hard\libc_nano.a(lib_a-fflush.o)
 .ARM.attributes
                0x00000a62       0x34 c:/gnu/gnu_arm_embedded_toolchain/10-2020-q4-major/bin/../lib/gcc/arm-none-eabi/10.2.1/../../../../arm-none-eabi/lib/thumb/v7e-m+fp/hard\libc_nano.a(lib_a-findfp.o)
 .ARM.attributes
                0x00000a96       0x34 c:/gnu/gnu_arm_embedded_toolchain/10-2020-q4-major/bin/../lib/gcc/arm-none-eabi/10.2.1/../../../../arm-none-eabi/lib/thumb/v7e-m+fp/hard\libc_nano.a(lib_a-fwalk.o)
 .ARM.attributes
                0x00000aca       0x34 c:/gnu/gnu_arm_embedded_toolchain/10-2020-q4-major/bin/../lib/gcc/arm-none-eabi/10.2.1/../../../../arm-none-eabi/lib/thumb/v7e-m+fp/hard\libc_nano.a(lib_a-lock.o)
 .ARM.attributes
                0x00000afe       0x34 c:/gnu/gnu_arm_embedded_toolchain/10-2020-q4-major/bin/../lib/gcc/arm-none-eabi/10.2.1/../../../../arm-none-eabi/lib/thumb/v7e-m+fp/hard\libc_nano.a(lib_a-makebuf.o)
 .ARM.attributes
                0x00000b32       0x34 c:/gnu/gnu_arm_embedded_toolchain/10-2020-q4-major/bin/../lib/gcc/arm-none-eabi/10.2.1/../../../../arm-none-eabi/lib/thumb/v7e-m+fp/hard\libc_nano.a(lib_a-nano-msizer.o)
 .ARM.attributes
                0x00000b66       0x34 c:/gnu/gnu_arm_embedded_toolchain/10-2020-q4-major/bin/../lib/gcc/arm-none-eabi/10.2.1/../../../../arm-none-eabi/lib/thumb/v7e-m+fp/hard\libc_nano.a(lib_a-signal.o)
 .ARM.attributes
                0x00000b9a       0x34 c:/gnu/gnu_arm_embedded_toolchain/10-2020-q4-major/bin/../lib/gcc/arm-none-eabi/10.2.1/../../../../arm-none-eabi/lib/thumb/v7e-m+fp/hard\libc_nano.a(lib_a-signalr.o)
 .ARM.attributes
                0x00000bce       0x34 c:/gnu/gnu_arm_embedded_toolchain/10-2020-q4-major/bin/../lib/gcc/arm-none-eabi/10.2.1/../../../../arm-none-eabi/lib/thumb/v7e-m+fp/hard\libc_nano.a(lib_a-stdio.o)
 .ARM.attributes
                0x00000c02       0x34 c:/gnu/gnu_arm_embedded_toolchain/10-2020-q4-major/bin/../lib/gcc/arm-none-eabi/10.2.1/../../../../arm-none-eabi/lib/thumb/v7e-m+fp/hard\libc_nano.a(lib_a-writer.o)
 .ARM.attributes
                0x00000c36       0x34 c:/gnu/gnu_arm_embedded_toolchain/10-2020-q4-major/bin/../lib/gcc/arm-none-eabi/10.2.1/../../../../arm-none-eabi/lib/thumb/v7e-m+fp/hard\libc_nano.a(lib_a-closer.o)
 .ARM.attributes
                0x00000c6a       0x34 c:/gnu/gnu_arm_embedded_toolchain/10-2020-q4-major/bin/../lib/gcc/arm-none-eabi/10.2.1/../../../../arm-none-eabi/lib/thumb/v7e-m+fp/hard\libc_nano.a(lib_a-fstatr.o)
 .ARM.attributes
                0x00000c9e       0x34 c:/gnu/gnu_arm_embedded_toolchain/10-2020-q4-major/bin/../lib/gcc/arm-none-eabi/10.2.1/../../../../arm-none-eabi/lib/thumb/v7e-m+fp/hard\libc_nano.a(lib_a-isattyr.o)
 .ARM.attributes
                0x00000cd2       0x34 c:/gnu/gnu_arm_embedded_toolchain/10-2020-q4-major/bin/../lib/gcc/arm-none-eabi/10.2.1/../../../../arm-none-eabi/lib/thumb/v7e-m+fp/hard\libc_nano.a(lib_a-lseekr.o)
 .ARM.attributes
                0x00000d06       0x34 c:/gnu/gnu_arm_embedded_toolchain/10-2020-q4-major/bin/../lib/gcc/arm-none-eabi/10.2.1/../../../../arm-none-eabi/lib/thumb/v7e-m+fp/hard\libc_nano.a(lib_a-readr.o)
 .ARM.attributes
                0x00000d3a       0x34 c:/gnu/gnu_arm_embedded_toolchain/10-2020-q4-major/bin/../lib/gcc/arm-none-eabi/10.2.1/../../../../arm-none-eabi/lib/thumb/v7e-m+fp/hard\libnosys.a(close.o)
 .ARM.attributes
                0x00000d6e       0x34 c:/gnu/gnu_arm_embedded_toolchain/10-2020-q4-major/bin/../lib/gcc/arm-none-eabi/10.2.1/../../../../arm-none-eabi/lib/thumb/v7e-m+fp/hard\libnosys.a(fstat.o)
 .ARM.attributes
                0x00000da2       0x34 c:/gnu/gnu_arm_embedded_toolchain/10-2020-q4-major/bin/../lib/gcc/arm-none-eabi/10.2.1/../../../../arm-none-eabi/lib/thumb/v7e-m+fp/hard\libnosys.a(getpid.o)
 .ARM.attributes
                0x00000dd6       0x34 c:/gnu/gnu_arm_embedded_toolchain/10-2020-q4-major/bin/../lib/gcc/arm-none-eabi/10.2.1/../../../../arm-none-eabi/lib/thumb/v7e-m+fp/hard\libnosys.a(isatty.o)
 .ARM.attributes
                0x00000e0a       0x34 c:/gnu/gnu_arm_embedded_toolchain/10-2020-q4-major/bin/../lib/gcc/arm-none-eabi/10.2.1/../../../../arm-none-eabi/lib/thumb/v7e-m+fp/hard\libnosys.a(kill.o)
 .ARM.attributes
                0x00000e3e       0x34 c:/gnu/gnu_arm_embedded_toolchain/10-2020-q4-major/bin/../lib/gcc/arm-none-eabi/10.2.1/../../../../arm-none-eabi/lib/thumb/v7e-m+fp/hard\libnosys.a(lseek.o)
 .ARM.attributes
                0x00000e72       0x34 c:/gnu/gnu_arm_embedded_toolchain/10-2020-q4-major/bin/../lib/gcc/arm-none-eabi/10.2.1/../../../../arm-none-eabi/lib/thumb/v7e-m+fp/hard\libnosys.a(read.o)
 .ARM.attributes
                0x00000ea6       0x34 c:/gnu/gnu_arm_embedded_toolchain/10-2020-q4-major/bin/../lib/gcc/arm-none-eabi/10.2.1/../../../../arm-none-eabi/lib/thumb/v7e-m+fp/hard\libnosys.a(sbrk.o)
 .ARM.attributes
                0x00000eda       0x34 c:/gnu/gnu_arm_embedded_toolchain/10-2020-q4-major/bin/../lib/gcc/arm-none-eabi/10.2.1/../../../../arm-none-eabi/lib/thumb/v7e-m+fp/hard\libnosys.a(write.o)
 .ARM.attributes
                0x00000f0e       0x34 c:/gnu/gnu_arm_embedded_toolchain/10-2020-q4-major/bin/../lib/gcc/arm-none-eabi/10.2.1/../../../../arm-none-eabi/lib/thumb/v7e-m+fp/hard\libnosys.a(_exit.o)
 .ARM.attributes
                0x00000f42       0x1e c:/gnu/gnu_arm_embedded_toolchain/10-2020-q4-major/bin/../lib/gcc/arm-none-eabi/10.2.1/thumb/v7e-m+fp/hard\libgcc.a(_arm_addsubdf3.o)
 .ARM.attributes
                0x00000f60       0x1e c:/gnu/gnu_arm_embedded_toolchain/10-2020-q4-major/bin/../lib/gcc/arm-none-eabi/10.2.1/thumb/v7e-m+fp/hard\libgcc.a(_arm_muldivdf3.o)
 .ARM.attributes
                0x00000f7e       0x1e c:/gnu/gnu_arm_embedded_toolchain/10-2020-q4-major/bin/../lib/gcc/arm-none-eabi/10.2.1/thumb/v7e-m+fp/hard\libgcc.a(_arm_cmpdf2.o)
 .ARM.attributes
                0x00000f9c       0x1e c:/gnu/gnu_arm_embedded_toolchain/10-2020-q4-major/bin/../lib/gcc/arm-none-eabi/10.2.1/thumb/v7e-m+fp/hard\libgcc.a(_arm_unorddf2.o)
 .ARM.attributes
                0x00000fba       0x1e c:/gnu/gnu_arm_embedded_toolchain/10-2020-q4-major/bin/../lib/gcc/arm-none-eabi/10.2.1/thumb/v7e-m+fp/hard\libgcc.a(_arm_fixdfsi.o)
 .ARM.attributes
                0x00000fd8       0x1e c:/gnu/gnu_arm_embedded_toolchain/10-2020-q4-major/bin/../lib/gcc/arm-none-eabi/10.2.1/thumb/v7e-m+fp/hard\libgcc.a(_aeabi_uldivmod.o)
 .ARM.attributes
                0x00000ff6       0x34 c:/gnu/gnu_arm_embedded_toolchain/10-2020-q4-major/bin/../lib/gcc/arm-none-eabi/10.2.1/thumb/v7e-m+fp/hard\libgcc.a(_udivmoddi4.o)
 .ARM.attributes
                0x0000102a       0x1e c:/gnu/gnu_arm_embedded_toolchain/10-2020-q4-major/bin/../lib/gcc/arm-none-eabi/10.2.1/thumb/v7e-m+fp/hard\libgcc.a(_dvmd_tls.o)
 .ARM.attributes
                0x00001048       0x1e c:/gnu/gnu_arm_embedded_toolchain/10-2020-q4-major/bin/../lib/gcc/arm-none-eabi/10.2.1/thumb/v7e-m+fp/hard/crtn.o
OUTPUT(build/AccelerometerReader.elf elf32-littlearm)
LOAD linker stubs
LOAD c:/gnu/gnu_arm_embedded_toolchain/10-2020-q4-major/bin/../lib/gcc/arm-none-eabi/10.2.1/../../../../arm-none-eabi/lib/thumb/v7e-m+fp/hard\libc.a
LOAD c:/gnu/gnu_arm_embedded_toolchain/10-2020-q4-major/bin/../lib/gcc/arm-none-eabi/10.2.1/../../../../arm-none-eabi/lib/thumb/v7e-m+fp/hard\libm.a
LOAD c:/gnu/gnu_arm_embedded_toolchain/10-2020-q4-major/bin/../lib/gcc/arm-none-eabi/10.2.1/thumb/v7e-m+fp/hard\libgcc.a

.debug_info     0x00000000     0xf4ab
 .debug_info    0x00000000     0x150b build/main.o
 .debug_info    0x0000150b      0x5c8 build/gpio.o
 .debug_info    0x00001ad3      0xba2 build/i2c.o
 .debug_info    0x00002675      0xb59 build/usart.o
 .debug_info    0x000031ce      0x471 build/stm32f4xx_it.o
 .debug_info    0x0000363f      0x355 build/stm32f4xx_hal_msp.o
 .debug_info    0x00003994     0x3b16 build/stm32f4xx_hal_i2c.o
 .debug_info    0x000074aa      0xc39 build/stm32f4xx_hal_rcc.o
 .debug_info    0x000080e3      0xdc5 build/stm32f4xx_hal_rcc_ex.o
 .debug_info    0x00008ea8      0x8ac build/stm32f4xx_hal_gpio.o
 .debug_info    0x00009754      0xbd1 build/stm32f4xx_hal_dma.o
 .debug_info    0x0000a325     0x1192 build/stm32f4xx_hal_cortex.o
 .debug_info    0x0000b4b7      0xb31 build/stm32f4xx_hal.o
 .debug_info    0x0000bfe8     0x1e89 build/stm32f4xx_hal_uart.o
 .debug_info    0x0000de71      0x5f7 build/system_stm32f4xx.o
 .debug_info    0x0000e468      0xa7a build/adxl345.o
 .debug_info    0x0000eee2      0x5a7 build/dma.o
 .debug_info    0x0000f489       0x22 build/startup_stm32f446xx.o

.debug_abbrev   0x00000000     0x2450
 .debug_abbrev  0x00000000      0x32e build/main.o
 .debug_abbrev  0x0000032e      0x151 build/gpio.o
 .debug_abbrev  0x0000047f      0x1d7 build/i2c.o
 .debug_abbrev  0x00000656      0x1df build/usart.o
 .debug_abbrev  0x00000835      0x16b build/stm32f4xx_it.o
 .debug_abbrev  0x000009a0       0xf7 build/stm32f4xx_hal_msp.o
 .debug_abbrev  0x00000a97      0x2f3 build/stm32f4xx_hal_i2c.o
 .debug_abbrev  0x00000d8a      0x2aa build/stm32f4xx_hal_rcc.o
 .debug_abbrev  0x00001034      0x240 build/stm32f4xx_hal_rcc_ex.o
 .debug_abbrev  0x00001274      0x22b build/stm32f4xx_hal_gpio.o
 .debug_abbrev  0x0000149f      0x2ff build/stm32f4xx_hal_dma.o
 .debug_abbrev  0x0000179e      0x382 build/stm32f4xx_hal_cortex.o
 .debug_abbrev  0x00001b20      0x209 build/stm32f4xx_hal.o
 .debug_abbrev  0x00001d29      0x2cd build/stm32f4xx_hal_uart.o
 .debug_abbrev  0x00001ff6      0x11b build/system_stm32f4xx.o
 .debug_abbrev  0x00002111      0x204 build/adxl345.o
 .debug_abbrev  0x00002315      0x129 build/dma.o
 .debug_abbrev  0x0000243e       0x12 build/startup_stm32f446xx.o

.debug_loc      0x00000000     0xb1f1
 .debug_loc     0x00000000      0x357 build/main.o
 .debug_loc     0x00000357       0x39 build/gpio.o
 .debug_loc     0x00000390       0xeb build/i2c.o
 .debug_loc     0x0000047b       0xf5 build/usart.o
 .debug_loc     0x00000570       0x40 build/stm32f4xx_it.o
 .debug_loc     0x000005b0       0x38 build/stm32f4xx_hal_msp.o
 .debug_loc     0x000005e8     0x4d58 build/stm32f4xx_hal_i2c.o
 .debug_loc     0x00005340      0x6e4 build/stm32f4xx_hal_rcc.o
 .debug_loc     0x00005a24     0x100b build/stm32f4xx_hal_rcc_ex.o
 .debug_loc     0x00006a2f      0x5e8 build/stm32f4xx_hal_gpio.o
 .debug_loc     0x00007017      0xd6d build/stm32f4xx_hal_dma.o
 .debug_loc     0x00007d84      0x7a4 build/stm32f4xx_hal_cortex.o
 .debug_loc     0x00008528      0x1e1 build/stm32f4xx_hal.o
 .debug_loc     0x00008709     0x265b build/stm32f4xx_hal_uart.o
 .debug_loc     0x0000ad64      0x158 build/system_stm32f4xx.o
 .debug_loc     0x0000aebc      0x2fd build/adxl345.o
 .debug_loc     0x0000b1b9       0x38 build/dma.o

.debug_aranges  0x00000000      0xa18
 .debug_aranges
                0x00000000       0x38 build/main.o
 .debug_aranges
                0x00000038       0x20 build/gpio.o
 .debug_aranges
                0x00000058       0x30 build/i2c.o
 .debug_aranges
                0x00000088       0x30 build/usart.o
 .debug_aranges
                0x000000b8       0x68 build/stm32f4xx_it.o
 .debug_aranges
                0x00000120       0x20 build/stm32f4xx_hal_msp.o
 .debug_aranges
                0x00000140      0x2a0 build/stm32f4xx_hal_i2c.o
 .debug_aranges
                0x000003e0       0x88 build/stm32f4xx_hal_rcc.o
 .debug_aranges
                0x00000468       0x78 build/stm32f4xx_hal_rcc_ex.o
 .debug_aranges
                0x000004e0       0x58 build/stm32f4xx_hal_gpio.o
 .debug_aranges
                0x00000538       0x90 build/stm32f4xx_hal_dma.o
 .debug_aranges
                0x000005c8       0xa8 build/stm32f4xx_hal_cortex.o
 .debug_aranges
                0x00000670       0xf0 build/stm32f4xx_hal.o
 .debug_aranges
                0x00000760      0x200 build/stm32f4xx_hal_uart.o
 .debug_aranges
                0x00000960       0x28 build/system_stm32f4xx.o
 .debug_aranges
                0x00000988       0x48 build/adxl345.o
 .debug_aranges
                0x000009d0       0x20 build/dma.o
 .debug_aranges
                0x000009f0       0x28 build/startup_stm32f446xx.o

.debug_ranges   0x00000000      0x9f0
 .debug_ranges  0x00000000       0x70 build/main.o
 .debug_ranges  0x00000070       0x10 build/gpio.o
 .debug_ranges  0x00000080       0x20 build/i2c.o
 .debug_ranges  0x000000a0       0x20 build/usart.o
 .debug_ranges  0x000000c0       0x58 build/stm32f4xx_it.o
 .debug_ranges  0x00000118       0x10 build/stm32f4xx_hal_msp.o
 .debug_ranges  0x00000128      0x2a8 build/stm32f4xx_hal_i2c.o
 .debug_ranges  0x000003d0       0x90 build/stm32f4xx_hal_rcc.o
 .debug_ranges  0x00000460       0x80 build/stm32f4xx_hal_rcc_ex.o
 .debug_ranges  0x000004e0       0x48 build/stm32f4xx_hal_gpio.o
 .debug_ranges  0x00000528       0x80 build/stm32f4xx_hal_dma.o
 .debug_ranges  0x000005a8       0xf8 build/stm32f4xx_hal_cortex.o
 .debug_ranges  0x000006a0       0xe0 build/stm32f4xx_hal.o
 .debug_ranges  0x00000780      0x1f0 build/stm32f4xx_hal_uart.o
 .debug_ranges  0x00000970       0x18 build/system_stm32f4xx.o
 .debug_ranges  0x00000988       0x38 build/adxl345.o
 .debug_ranges  0x000009c0       0x10 build/dma.o
 .debug_ranges  0x000009d0       0x20 build/startup_stm32f446xx.o

.debug_line     0x00000000     0xcdcb
 .debug_line    0x00000000      0x625 build/main.o
 .debug_line    0x00000625      0x23f build/gpio.o
 .debug_line    0x00000864      0x2cd build/i2c.o
 .debug_line    0x00000b31      0x32a build/usart.o
 .debug_line    0x00000e5b      0x2b8 build/stm32f4xx_it.o
 .debug_line    0x00001113      0x197 build/stm32f4xx_hal_msp.o
 .debug_line    0x000012aa     0x52e4 build/stm32f4xx_hal_i2c.o
 .debug_line    0x0000658e      0xb17 build/stm32f4xx_hal_rcc.o
 .debug_line    0x000070a5     0x138e build/stm32f4xx_hal_rcc_ex.o
 .debug_line    0x00008433      0x6d7 build/stm32f4xx_hal_gpio.o
 .debug_line    0x00008b0a      0xe03 build/stm32f4xx_hal_dma.o
 .debug_line    0x0000990d      0x778 build/stm32f4xx_hal_cortex.o
 .debug_line    0x0000a085      0x565 build/stm32f4xx_hal.o
 .debug_line    0x0000a5ea     0x20bc build/stm32f4xx_hal_uart.o
 .debug_line    0x0000c6a6      0x250 build/system_stm32f4xx.o
 .debug_line    0x0000c8f6      0x2dc build/adxl345.o
 .debug_line    0x0000cbd2      0x183 build/dma.o
 .debug_line    0x0000cd55       0x76 build/startup_stm32f446xx.o

.debug_str      0x00000000     0x33af
 .debug_str     0x00000000      0xc33 build/main.o
                                0xd16 (size before relaxing)
 .debug_str     0x00000c33       0x7c build/gpio.o
                                0x376 (size before relaxing)
 .debug_str     0x00000caf       0x58 build/i2c.o
                                0x8a7 (size before relaxing)
 .debug_str     0x00000d07       0x79 build/usart.o
                                0x831 (size before relaxing)
 .debug_str     0x00000d80       0xdf build/stm32f4xx_it.o
                                0x4ae (size before relaxing)
 .debug_str     0x00000e5f       0x46 build/stm32f4xx_hal_msp.o
                                0x2e2 (size before relaxing)
 .debug_str     0x00000ea5      0x921 build/stm32f4xx_hal_i2c.o
                               0x101a (size before relaxing)
 .debug_str     0x000017c6      0x1f8 build/stm32f4xx_hal_rcc.o
                                0x715 (size before relaxing)
 .debug_str     0x000019be      0x344 build/stm32f4xx_hal_rcc_ex.o
                                0x7fc (size before relaxing)
 .debug_str     0x00001d02      0x112 build/stm32f4xx_hal_gpio.o
                                0x4ea (size before relaxing)
 .debug_str     0x00001e14      0x298 build/stm32f4xx_hal_dma.o
                                0x75b (size before relaxing)
 .debug_str     0x000020ac      0xa09 build/stm32f4xx_hal_cortex.o
                                0xc52 (size before relaxing)
 .debug_str     0x00002ab5      0x295 build/stm32f4xx_hal.o
                                0xba5 (size before relaxing)
 .debug_str     0x00002d4a      0x594 build/stm32f4xx_hal_uart.o
                                0xd1a (size before relaxing)
 .debug_str     0x000032de       0x47 build/system_stm32f4xx.o
                                0x37f (size before relaxing)
 .debug_str     0x00003325       0x57 build/adxl345.o
                                0x79e (size before relaxing)
 .debug_str     0x0000337c        0xf build/dma.o
                                0x80e (size before relaxing)
 .debug_str     0x0000338b       0x24 build/startup_stm32f446xx.o
                                 0x4f (size before relaxing)

.comment        0x00000000       0x4d
 .comment       0x00000000       0x4d build/main.o
                                 0x4e (size before relaxing)
 .comment       0x0000004d       0x4e build/gpio.o
 .comment       0x0000004d       0x4e build/i2c.o
 .comment       0x0000004d       0x4e build/usart.o
 .comment       0x0000004d       0x4e build/stm32f4xx_it.o
 .comment       0x0000004d       0x4e build/stm32f4xx_hal_msp.o
 .comment       0x0000004d       0x4e build/stm32f4xx_hal_i2c.o
 .comment       0x0000004d       0x4e build/stm32f4xx_hal_rcc.o
 .comment       0x0000004d       0x4e build/stm32f4xx_hal_rcc_ex.o
 .comment       0x0000004d       0x4e build/stm32f4xx_hal_gpio.o
 .comment       0x0000004d       0x4e build/stm32f4xx_hal_dma.o
 .comment       0x0000004d       0x4e build/stm32f4xx_hal_cortex.o
 .comment       0x0000004d       0x4e build/stm32f4xx_hal.o
 .comment       0x0000004d       0x4e build/stm32f4xx_hal_uart.o
 .comment       0x0000004d       0x4e build/system_stm32f4xx.o
 .comment       0x0000004d       0x4e build/adxl345.o
 .comment       0x0000004d       0x4e build/dma.o

.debug_frame    0x00000000     0x2e64
 .debug_frame   0x00000000       0x7c build/main.o
 .debug_frame   0x0000007c       0x34 build/gpio.o
 .debug_frame   0x000000b0       0x64 build/i2c.o
 .debug_frame   0x00000114       0x64 build/usart.o
 .debug_frame   0x00000178       0xc0 build/stm32f4xx_it.o
 .debug_frame   0x00000238       0x2c build/stm32f4xx_hal_msp.o
 .debug_frame   0x00000264      0x968 build/stm32f4xx_hal_i2c.o
 .debug_frame   0x00000bcc      0x16c build/stm32f4xx_hal_rcc.o
 .debug_frame   0x00000d38      0x14c build/stm32f4xx_hal_rcc_ex.o
 .debug_frame   0x00000e84       0xd8 build/stm32f4xx_hal_gpio.o
 .debug_frame   0x00000f5c      0x188 build/stm32f4xx_hal_dma.o
 .debug_frame   0x000010e4      0x148 build/stm32f4xx_hal_cortex.o
 .debug_frame   0x0000122c      0x1ec build/stm32f4xx_hal.o
 .debug_frame   0x00001418      0x5c4 build/stm32f4xx_hal_uart.o
 .debug_frame   0x000019dc       0x30 build/system_stm32f4xx.o
 .debug_frame   0x00001a0c       0xa8 build/adxl345.o
 .debug_frame   0x00001ab4       0x2c build/dma.o
 .debug_frame   0x00001ae0       0x2c c:/gnu/gnu_arm_embedded_toolchain/10-2020-q4-major/bin/../lib/gcc/arm-none-eabi/10.2.1/../../../../arm-none-eabi/lib/thumb/v7e-m+fp/hard\libc_nano.a(lib_a-init.o)
 .debug_frame   0x00001b0c       0x20 c:/gnu/gnu_arm_embedded_toolchain/10-2020-q4-major/bin/../lib/gcc/arm-none-eabi/10.2.1/../../../../arm-none-eabi/lib/thumb/v7e-m+fp/hard\libc_nano.a(lib_a-memset.o)
 .debug_frame   0x00001b2c       0xa0 c:/gnu/gnu_arm_embedded_toolchain/10-2020-q4-major/bin/../lib/gcc/arm-none-eabi/10.2.1/../../../../arm-none-eabi/lib/thumb/v7e-m+fp/hard\libc_nano.a(lib_a-nano-vfprintf_float.o)
 .debug_frame   0x00001bcc       0x60 c:/gnu/gnu_arm_embedded_toolchain/10-2020-q4-major/bin/../lib/gcc/arm-none-eabi/10.2.1/../../../../arm-none-eabi/lib/thumb/v7e-m+fp/hard\libc_nano.a(lib_a-nano-vfprintf_i.o)
 .debug_frame   0x00001c2c       0x6c c:/gnu/gnu_arm_embedded_toolchain/10-2020-q4-major/bin/../lib/gcc/arm-none-eabi/10.2.1/../../../../arm-none-eabi/lib/thumb/v7e-m+fp/hard\libc_nano.a(lib_a-sprintf.o)
 .debug_frame   0x00001c98       0x88 c:/gnu/gnu_arm_embedded_toolchain/10-2020-q4-major/bin/../lib/gcc/arm-none-eabi/10.2.1/../../../../arm-none-eabi/lib/thumb/v7e-m+fp/hard\libc_nano.a(lib_a-dtoa.o)
 .debug_frame   0x00001d20       0x40 c:/gnu/gnu_arm_embedded_toolchain/10-2020-q4-major/bin/../lib/gcc/arm-none-eabi/10.2.1/../../../../arm-none-eabi/lib/thumb/v7e-m+fp/hard\libc_nano.a(lib_a-localeconv.o)
 .debug_frame   0x00001d60       0x30 c:/gnu/gnu_arm_embedded_toolchain/10-2020-q4-major/bin/../lib/gcc/arm-none-eabi/10.2.1/../../../../arm-none-eabi/lib/thumb/v7e-m+fp/hard\libc_nano.a(lib_a-malloc.o)
 .debug_frame   0x00001d90       0x28 c:/gnu/gnu_arm_embedded_toolchain/10-2020-q4-major/bin/../lib/gcc/arm-none-eabi/10.2.1/../../../../arm-none-eabi/lib/thumb/v7e-m+fp/hard\libc_nano.a(lib_a-memcpy-stub.o)
 .debug_frame   0x00001db8      0x25c c:/gnu/gnu_arm_embedded_toolchain/10-2020-q4-major/bin/../lib/gcc/arm-none-eabi/10.2.1/../../../../arm-none-eabi/lib/thumb/v7e-m+fp/hard\libc_nano.a(lib_a-mprec.o)
 .debug_frame   0x00002014       0x2c c:/gnu/gnu_arm_embedded_toolchain/10-2020-q4-major/bin/../lib/gcc/arm-none-eabi/10.2.1/../../../../arm-none-eabi/lib/thumb/v7e-m+fp/hard\libc_nano.a(lib_a-nano-callocr.o)
 .debug_frame   0x00002040       0x38 c:/gnu/gnu_arm_embedded_toolchain/10-2020-q4-major/bin/../lib/gcc/arm-none-eabi/10.2.1/../../../../arm-none-eabi/lib/thumb/v7e-m+fp/hard\libc_nano.a(lib_a-nano-freer.o)
 .debug_frame   0x00002078       0x30 c:/gnu/gnu_arm_embedded_toolchain/10-2020-q4-major/bin/../lib/gcc/arm-none-eabi/10.2.1/../../../../arm-none-eabi/lib/thumb/v7e-m+fp/hard\libc_nano.a(lib_a-nano-mallocr.o)
 .debug_frame   0x000020a8       0x90 c:/gnu/gnu_arm_embedded_toolchain/10-2020-q4-major/bin/../lib/gcc/arm-none-eabi/10.2.1/../../../../arm-none-eabi/lib/thumb/v7e-m+fp/hard\libc_nano.a(lib_a-nano-svfprintf.o)
 .debug_frame   0x00002138       0x2c c:/gnu/gnu_arm_embedded_toolchain/10-2020-q4-major/bin/../lib/gcc/arm-none-eabi/10.2.1/../../../../arm-none-eabi/lib/thumb/v7e-m+fp/hard\libc_nano.a(lib_a-sbrkr.o)
 .debug_frame   0x00002164       0x40 c:/gnu/gnu_arm_embedded_toolchain/10-2020-q4-major/bin/../lib/gcc/arm-none-eabi/10.2.1/../../../../arm-none-eabi/lib/thumb/v7e-m+fp/hard\libc_nano.a(lib_a-assert.o)
 .debug_frame   0x000021a4       0x64 c:/gnu/gnu_arm_embedded_toolchain/10-2020-q4-major/bin/../lib/gcc/arm-none-eabi/10.2.1/../../../../arm-none-eabi/lib/thumb/v7e-m+fp/hard\libc_nano.a(lib_a-fprintf.o)
 .debug_frame   0x00002208       0x48 c:/gnu/gnu_arm_embedded_toolchain/10-2020-q4-major/bin/../lib/gcc/arm-none-eabi/10.2.1/../../../../arm-none-eabi/lib/thumb/v7e-m+fp/hard\libc_nano.a(lib_a-locale.o)
 .debug_frame   0x00002250       0x48 c:/gnu/gnu_arm_embedded_toolchain/10-2020-q4-major/bin/../lib/gcc/arm-none-eabi/10.2.1/../../../../arm-none-eabi/lib/thumb/v7e-m+fp/hard\libc_nano.a(lib_a-mbtowc_r.o)
 .debug_frame   0x00002298       0x28 c:/gnu/gnu_arm_embedded_toolchain/10-2020-q4-major/bin/../lib/gcc/arm-none-eabi/10.2.1/../../../../arm-none-eabi/lib/thumb/v7e-m+fp/hard\libc_nano.a(lib_a-memmove.o)
 .debug_frame   0x000022c0       0x30 c:/gnu/gnu_arm_embedded_toolchain/10-2020-q4-major/bin/../lib/gcc/arm-none-eabi/10.2.1/../../../../arm-none-eabi/lib/thumb/v7e-m+fp/hard\libc_nano.a(lib_a-mlock.o)
 .debug_frame   0x000022f0       0x3c c:/gnu/gnu_arm_embedded_toolchain/10-2020-q4-major/bin/../lib/gcc/arm-none-eabi/10.2.1/../../../../arm-none-eabi/lib/thumb/v7e-m+fp/hard\libc_nano.a(lib_a-nano-reallocr.o)
 .debug_frame   0x0000232c       0xac c:/gnu/gnu_arm_embedded_toolchain/10-2020-q4-major/bin/../lib/gcc/arm-none-eabi/10.2.1/../../../../arm-none-eabi/lib/thumb/v7e-m+fp/hard\libc_nano.a(lib_a-nano-vfprintf.o)